  Determining projects to restore...
/Users/finstad/Documents/DIPS.Mobile.UI/src/library/DIPS.Mobile.UI/DIPS.Mobile.UI.csproj : warning NU1608: Detected package version outside of dependency constraint: Xamarin.AndroidX.Concurrent.Futures.Ktx 1.2.0.4 requires Xamarin.AndroidX.Concurrent.Futures (>= 1.2.0.4 && < 1.2.1) but version Xamarin.AndroidX.Concurrent.Futures 1.3.0.1 was resolved.
  All projects are up-to-date for restore.
/Users/finstad/Documents/DIPS.Mobile.UI/src/library/DIPS.Mobile.UI/DIPS.Mobile.UI.csproj : warning NU1608: Detected package version outside of dependency constraint: Xamarin.AndroidX.Concurrent.Futures.Ktx 1.2.0.4 requires Xamarin.AndroidX.Concurrent.Futures (>= 1.2.0.4 && < 1.2.1) but version Xamarin.AndroidX.Concurrent.Futures 1.3.0.1 was resolved. [TargetFramework=net10.0-ios]
  XAML source generation is enabled (MauiXamlInflator=SourceGen). This generates C# code from XAML at compile time for better performance. To disable, remove the MauiXamlInflator line from your .csproj file (reverts to configuration-based defaults: Runtime in Debug, XamlC in Release).
/Users/finstad/Documents/DIPS.Mobile.UI/src/library/DIPS.Mobile.UI/API/Camera/ImageCapturing/CapturedImage.cs(16,7): warning CS0105: The using directive for 'DIPS.Mobile.UI.API.Library' appeared previously in this namespace [/Users/finstad/Documents/DIPS.Mobile.UI/src/library/DIPS.Mobile.UI/DIPS.Mobile.UI.csproj::TargetFramework=net10.0-ios]
/Users/finstad/Documents/DIPS.Mobile.UI/src/library/DIPS.Mobile.UI/obj/Debug/net10.0-ios/Microsoft.Maui.Controls.BindingSourceGen/Microsoft.Maui.Controls.BindingSourceGen.BindingSourceGenerator/-Users-finstad-Documents-DIPS.Mobile.UI-src-library-DIPS.Mobile.UI-Components-CheckBoxes-CheckBox.cs-GeneratedBindingInterceptors-34-23.g.cs(38,24): warning CS0618: 'CheckBox' is obsolete: 'This component is not using the correct styling. Please use Checkmark / RadioButton' [/Users/finstad/Documents/DIPS.Mobile.UI/src/library/DIPS.Mobile.UI/DIPS.Mobile.UI.csproj::TargetFramework=net10.0-ios]
/Users/finstad/Documents/DIPS.Mobile.UI/src/library/DIPS.Mobile.UI/Converters/ValueConverters/BoolToObjectConverter.cs(30,23): warning CS8767: Nullability of reference types in type of parameter 'value' of 'object BoolToObjectConverter.Convert(object value, Type targetType, object parameter, CultureInfo culture)' doesn't match implicitly implemented member 'object? IValueConverter.Convert(object? value, Type targetType, object? parameter, CultureInfo culture)' (possibly because of nullability attributes). [/Users/finstad/Documents/DIPS.Mobile.UI/src/library/DIPS.Mobile.UI/DIPS.Mobile.UI.csproj::TargetFramework=net10.0-ios]
/Users/finstad/Documents/DIPS.Mobile.UI/src/library/DIPS.Mobile.UI/Converters/ValueConverters/BoolToObjectConverter.cs(30,23): warning CS8767: Nullability of reference types in type of parameter 'parameter' of 'object BoolToObjectConverter.Convert(object value, Type targetType, object parameter, CultureInfo culture)' doesn't match implicitly implemented member 'object? IValueConverter.Convert(object? value, Type targetType, object? parameter, CultureInfo culture)' (possibly because of nullability attributes). [/Users/finstad/Documents/DIPS.Mobile.UI/src/library/DIPS.Mobile.UI/DIPS.Mobile.UI.csproj::TargetFramework=net10.0-ios]
/Users/finstad/Documents/DIPS.Mobile.UI/src/library/DIPS.Mobile.UI/Converters/ValueConverters/BoolToObjectConverter.cs(42,23): warning CS8767: Nullability of reference types in type of parameter 'value' of 'object BoolToObjectConverter.ConvertBack(object value, Type targetType, object parameter, CultureInfo culture)' doesn't match implicitly implemented member 'object? IValueConverter.ConvertBack(object? value, Type targetType, object? parameter, CultureInfo culture)' (possibly because of nullability attributes). [/Users/finstad/Documents/DIPS.Mobile.UI/src/library/DIPS.Mobile.UI/DIPS.Mobile.UI.csproj::TargetFramework=net10.0-ios]
/Users/finstad/Documents/DIPS.Mobile.UI/src/library/DIPS.Mobile.UI/Converters/ValueConverters/BoolToObjectConverter.cs(42,23): warning CS8767: Nullability of reference types in type of parameter 'parameter' of 'object BoolToObjectConverter.ConvertBack(object value, Type targetType, object parameter, CultureInfo culture)' doesn't match implicitly implemented member 'object? IValueConverter.ConvertBack(object? value, Type targetType, object? parameter, CultureInfo culture)' (possibly because of nullability attributes). [/Users/finstad/Documents/DIPS.Mobile.UI/src/library/DIPS.Mobile.UI/DIPS.Mobile.UI.csproj::TargetFramework=net10.0-ios]
/Users/finstad/Documents/DIPS.Mobile.UI/src/library/DIPS.Mobile.UI/Converters/ValueConverters/AdditionConverter.cs(29,23): warning CS8767: Nullability of reference types in type of parameter 'value' of 'object AdditionConverter.Convert(object value, Type targetType, object parameter, CultureInfo culture)' doesn't match implicitly implemented member 'object? IValueConverter.Convert(object? value, Type targetType, object? parameter, CultureInfo culture)' (possibly because of nullability attributes). [/Users/finstad/Documents/DIPS.Mobile.UI/src/library/DIPS.Mobile.UI/DIPS.Mobile.UI.csproj::TargetFramework=net10.0-ios]
/Users/finstad/Documents/DIPS.Mobile.UI/src/library/DIPS.Mobile.UI/Converters/ValueConverters/AdditionConverter.cs(29,23): warning CS8767: Nullability of reference types in type of parameter 'parameter' of 'object AdditionConverter.Convert(object value, Type targetType, object parameter, CultureInfo culture)' doesn't match implicitly implemented member 'object? IValueConverter.Convert(object? value, Type targetType, object? parameter, CultureInfo culture)' (possibly because of nullability attributes). [/Users/finstad/Documents/DIPS.Mobile.UI/src/library/DIPS.Mobile.UI/DIPS.Mobile.UI.csproj::TargetFramework=net10.0-ios]
/Users/finstad/Documents/DIPS.Mobile.UI/src/library/DIPS.Mobile.UI/Converters/ValueConverters/AdditionConverter.cs(42,23): warning CS8767: Nullability of reference types in type of parameter 'value' of 'object AdditionConverter.ConvertBack(object value, Type targetType, object parameter, CultureInfo culture)' doesn't match implicitly implemented member 'object? IValueConverter.ConvertBack(object? value, Type targetType, object? parameter, CultureInfo culture)' (possibly because of nullability attributes). [/Users/finstad/Documents/DIPS.Mobile.UI/src/library/DIPS.Mobile.UI/DIPS.Mobile.UI.csproj::TargetFramework=net10.0-ios]
/Users/finstad/Documents/DIPS.Mobile.UI/src/library/DIPS.Mobile.UI/Converters/ValueConverters/AdditionConverter.cs(42,23): warning CS8767: Nullability of reference types in type of parameter 'parameter' of 'object AdditionConverter.ConvertBack(object value, Type targetType, object parameter, CultureInfo culture)' doesn't match implicitly implemented member 'object? IValueConverter.ConvertBack(object? value, Type targetType, object? parameter, CultureInfo culture)' (possibly because of nullability attributes). [/Users/finstad/Documents/DIPS.Mobile.UI/src/library/DIPS.Mobile.UI/DIPS.Mobile.UI.csproj::TargetFramework=net10.0-ios]
/Users/finstad/Documents/DIPS.Mobile.UI/src/library/DIPS.Mobile.UI/Converters/ValueConverters/BoolToDoubleConverter.cs(32,23): warning CS8767: Nullability of reference types in type of parameter 'value' of 'object BoolToDoubleConverter.Convert(object value, Type targetType, object parameter, CultureInfo culture)' doesn't match implicitly implemented member 'object? IValueConverter.Convert(object? value, Type targetType, object? parameter, CultureInfo culture)' (possibly because of nullability attributes). [/Users/finstad/Documents/DIPS.Mobile.UI/src/library/DIPS.Mobile.UI/DIPS.Mobile.UI.csproj::TargetFramework=net10.0-ios]
/Users/finstad/Documents/DIPS.Mobile.UI/src/library/DIPS.Mobile.UI/Converters/ValueConverters/BoolToDoubleConverter.cs(32,23): warning CS8767: Nullability of reference types in type of parameter 'parameter' of 'object BoolToDoubleConverter.Convert(object value, Type targetType, object parameter, CultureInfo culture)' doesn't match implicitly implemented member 'object? IValueConverter.Convert(object? value, Type targetType, object? parameter, CultureInfo culture)' (possibly because of nullability attributes). [/Users/finstad/Documents/DIPS.Mobile.UI/src/library/DIPS.Mobile.UI/DIPS.Mobile.UI.csproj::TargetFramework=net10.0-ios]
/Users/finstad/Documents/DIPS.Mobile.UI/src/library/DIPS.Mobile.UI/Converters/ValueConverters/BoolToDoubleConverter.cs(45,23): warning CS8767: Nullability of reference types in type of parameter 'value' of 'object BoolToDoubleConverter.ConvertBack(object value, Type targetType, object parameter, CultureInfo culture)' doesn't match implicitly implemented member 'object? IValueConverter.ConvertBack(object? value, Type targetType, object? parameter, CultureInfo culture)' (possibly because of nullability attributes). [/Users/finstad/Documents/DIPS.Mobile.UI/src/library/DIPS.Mobile.UI/DIPS.Mobile.UI.csproj::TargetFramework=net10.0-ios]
/Users/finstad/Documents/DIPS.Mobile.UI/src/library/DIPS.Mobile.UI/Converters/ValueConverters/BoolToDoubleConverter.cs(45,23): warning CS8767: Nullability of reference types in type of parameter 'parameter' of 'object BoolToDoubleConverter.ConvertBack(object value, Type targetType, object parameter, CultureInfo culture)' doesn't match implicitly implemented member 'object? IValueConverter.ConvertBack(object? value, Type targetType, object? parameter, CultureInfo culture)' (possibly because of nullability attributes). [/Users/finstad/Documents/DIPS.Mobile.UI/src/library/DIPS.Mobile.UI/DIPS.Mobile.UI.csproj::TargetFramework=net10.0-ios]
/Users/finstad/Documents/DIPS.Mobile.UI/src/library/DIPS.Mobile.UI/Converters/ValueConverters/DelegateConverter.cs(16,20): warning CS8767: Nullability of reference types in type of parameter 'value' of 'object? DelegateConverter.Convert(object value, Type targetType, object parameter, CultureInfo culture)' doesn't match implicitly implemented member 'object? IValueConverter.Convert(object? value, Type targetType, object? parameter, CultureInfo culture)' (possibly because of nullability attributes). [/Users/finstad/Documents/DIPS.Mobile.UI/src/library/DIPS.Mobile.UI/DIPS.Mobile.UI.csproj::TargetFramework=net10.0-ios]
/Users/finstad/Documents/DIPS.Mobile.UI/src/library/DIPS.Mobile.UI/Converters/ValueConverters/DelegateConverter.cs(16,20): warning CS8767: Nullability of reference types in type of parameter 'parameter' of 'object? DelegateConverter.Convert(object value, Type targetType, object parameter, CultureInfo culture)' doesn't match implicitly implemented member 'object? IValueConverter.Convert(object? value, Type targetType, object? parameter, CultureInfo culture)' (possibly because of nullability attributes). [/Users/finstad/Documents/DIPS.Mobile.UI/src/library/DIPS.Mobile.UI/DIPS.Mobile.UI.csproj::TargetFramework=net10.0-ios]
/Users/finstad/Documents/DIPS.Mobile.UI/src/library/DIPS.Mobile.UI/Converters/ValueConverters/DelegateConverter.cs(18,20): warning CS8767: Nullability of reference types in type of parameter 'value' of 'object? DelegateConverter.ConvertBack(object value, Type targetType, object parameter, CultureInfo culture)' doesn't match implicitly implemented member 'object? IValueConverter.ConvertBack(object? value, Type targetType, object? parameter, CultureInfo culture)' (possibly because of nullability attributes). [/Users/finstad/Documents/DIPS.Mobile.UI/src/library/DIPS.Mobile.UI/DIPS.Mobile.UI.csproj::TargetFramework=net10.0-ios]
/Users/finstad/Documents/DIPS.Mobile.UI/src/library/DIPS.Mobile.UI/Converters/ValueConverters/DelegateConverter.cs(18,20): warning CS8767: Nullability of reference types in type of parameter 'parameter' of 'object? DelegateConverter.ConvertBack(object value, Type targetType, object parameter, CultureInfo culture)' doesn't match implicitly implemented member 'object? IValueConverter.ConvertBack(object? value, Type targetType, object? parameter, CultureInfo culture)' (possibly because of nullability attributes). [/Users/finstad/Documents/DIPS.Mobile.UI/src/library/DIPS.Mobile.UI/DIPS.Mobile.UI.csproj::TargetFramework=net10.0-ios]
/Users/finstad/Documents/DIPS.Mobile.UI/src/library/DIPS.Mobile.UI/Converters/ValueConverters/DateAndTimeConverter.cs(57,23): warning CS8767: Nullability of reference types in type of parameter 'parameter' of 'object DateAndTimeConverter.Convert(object? value, Type targetType, object parameter, CultureInfo culture)' doesn't match implicitly implemented member 'object? IValueConverter.Convert(object? value, Type targetType, object? parameter, CultureInfo culture)' (possibly because of nullability attributes). [/Users/finstad/Documents/DIPS.Mobile.UI/src/library/DIPS.Mobile.UI/DIPS.Mobile.UI.csproj::TargetFramework=net10.0-ios]
/Users/finstad/Documents/DIPS.Mobile.UI/src/library/DIPS.Mobile.UI/Converters/ValueConverters/DateAndTimeConverter.cs(73,23): warning CS8767: Nullability of reference types in type of parameter 'value' of 'object DateAndTimeConverter.ConvertBack(object value, Type targetType, object parameter, CultureInfo culture)' doesn't match implicitly implemented member 'object? IValueConverter.ConvertBack(object? value, Type targetType, object? parameter, CultureInfo culture)' (possibly because of nullability attributes). [/Users/finstad/Documents/DIPS.Mobile.UI/src/library/DIPS.Mobile.UI/DIPS.Mobile.UI.csproj::TargetFramework=net10.0-ios]
/Users/finstad/Documents/DIPS.Mobile.UI/src/library/DIPS.Mobile.UI/Converters/ValueConverters/DateAndTimeConverter.cs(73,23): warning CS8767: Nullability of reference types in type of parameter 'parameter' of 'object DateAndTimeConverter.ConvertBack(object value, Type targetType, object parameter, CultureInfo culture)' doesn't match implicitly implemented member 'object? IValueConverter.ConvertBack(object? value, Type targetType, object? parameter, CultureInfo culture)' (possibly because of nullability attributes). [/Users/finstad/Documents/DIPS.Mobile.UI/src/library/DIPS.Mobile.UI/DIPS.Mobile.UI.csproj::TargetFramework=net10.0-ios]
/Users/finstad/Documents/DIPS.Mobile.UI/src/library/DIPS.Mobile.UI/Converters/ValueConverters/IsEmptyConverter.cs(25,23): warning CS8767: Nullability of reference types in type of parameter 'value' of 'object IsEmptyConverter.Convert(object value, Type targetType, object parameter, CultureInfo culture)' doesn't match implicitly implemented member 'object? IValueConverter.Convert(object? value, Type targetType, object? parameter, CultureInfo culture)' (possibly because of nullability attributes). [/Users/finstad/Documents/DIPS.Mobile.UI/src/library/DIPS.Mobile.UI/DIPS.Mobile.UI.csproj::TargetFramework=net10.0-ios]
/Users/finstad/Documents/DIPS.Mobile.UI/src/library/DIPS.Mobile.UI/Converters/ValueConverters/IsEmptyConverter.cs(25,23): warning CS8767: Nullability of reference types in type of parameter 'parameter' of 'object IsEmptyConverter.Convert(object value, Type targetType, object parameter, CultureInfo culture)' doesn't match implicitly implemented member 'object? IValueConverter.Convert(object? value, Type targetType, object? parameter, CultureInfo culture)' (possibly because of nullability attributes). [/Users/finstad/Documents/DIPS.Mobile.UI/src/library/DIPS.Mobile.UI/DIPS.Mobile.UI.csproj::TargetFramework=net10.0-ios]
/Users/finstad/Documents/DIPS.Mobile.UI/src/library/DIPS.Mobile.UI/Converters/ValueConverters/IsEmptyConverter.cs(61,23): warning CS8767: Nullability of reference types in type of parameter 'value' of 'object IsEmptyConverter.ConvertBack(object value, Type targetType, object parameter, CultureInfo culture)' doesn't match implicitly implemented member 'object? IValueConverter.ConvertBack(object? value, Type targetType, object? parameter, CultureInfo culture)' (possibly because of nullability attributes). [/Users/finstad/Documents/DIPS.Mobile.UI/src/library/DIPS.Mobile.UI/DIPS.Mobile.UI.csproj::TargetFramework=net10.0-ios]
/Users/finstad/Documents/DIPS.Mobile.UI/src/library/DIPS.Mobile.UI/Converters/ValueConverters/IsEmptyConverter.cs(61,23): warning CS8767: Nullability of reference types in type of parameter 'parameter' of 'object IsEmptyConverter.ConvertBack(object value, Type targetType, object parameter, CultureInfo culture)' doesn't match implicitly implemented member 'object? IValueConverter.ConvertBack(object? value, Type targetType, object? parameter, CultureInfo culture)' (possibly because of nullability attributes). [/Users/finstad/Documents/DIPS.Mobile.UI/src/library/DIPS.Mobile.UI/DIPS.Mobile.UI.csproj::TargetFramework=net10.0-ios]
/Users/finstad/Documents/DIPS.Mobile.UI/src/library/DIPS.Mobile.UI/Converters/ValueConverters/InvertedBoolConverter.cs(30,23): warning CS8767: Nullability of reference types in type of parameter 'parameter' of 'object InvertedBoolConverter.Convert(object? value, Type targetType, object parameter, CultureInfo culture)' doesn't match implicitly implemented member 'object? IValueConverter.Convert(object? value, Type targetType, object? parameter, CultureInfo culture)' (possibly because of nullability attributes). [/Users/finstad/Documents/DIPS.Mobile.UI/src/library/DIPS.Mobile.UI/DIPS.Mobile.UI.csproj::TargetFramework=net10.0-ios]
/Users/finstad/Documents/DIPS.Mobile.UI/src/library/DIPS.Mobile.UI/Converters/ValueConverters/InvertedBoolConverter.cs(49,23): warning CS8767: Nullability of reference types in type of parameter 'value' of 'object InvertedBoolConverter.ConvertBack(object value, Type targetType, object parameter, CultureInfo culture)' doesn't match implicitly implemented member 'object? IValueConverter.ConvertBack(object? value, Type targetType, object? parameter, CultureInfo culture)' (possibly because of nullability attributes). [/Users/finstad/Documents/DIPS.Mobile.UI/src/library/DIPS.Mobile.UI/DIPS.Mobile.UI.csproj::TargetFramework=net10.0-ios]
/Users/finstad/Documents/DIPS.Mobile.UI/src/library/DIPS.Mobile.UI/Converters/ValueConverters/InvertedBoolConverter.cs(49,23): warning CS8767: Nullability of reference types in type of parameter 'parameter' of 'object InvertedBoolConverter.ConvertBack(object value, Type targetType, object parameter, CultureInfo culture)' doesn't match implicitly implemented member 'object? IValueConverter.ConvertBack(object? value, Type targetType, object? parameter, CultureInfo culture)' (possibly because of nullability attributes). [/Users/finstad/Documents/DIPS.Mobile.UI/src/library/DIPS.Mobile.UI/DIPS.Mobile.UI.csproj::TargetFramework=net10.0-ios]
/Users/finstad/Documents/DIPS.Mobile.UI/src/library/DIPS.Mobile.UI/Converters/ValueConverters/ObjectToBoolConverter.cs(23,23): warning CS8767: Nullability of reference types in type of parameter 'inputValue' of 'object ObjectToBoolConverter.Convert(object inputValue, Type targetType, object parameter, CultureInfo culture)' doesn't match implicitly implemented member 'object? IValueConverter.Convert(object? value, Type targetType, object? parameter, CultureInfo culture)' (possibly because of nullability attributes). [/Users/finstad/Documents/DIPS.Mobile.UI/src/library/DIPS.Mobile.UI/DIPS.Mobile.UI.csproj::TargetFramework=net10.0-ios]
/Users/finstad/Documents/DIPS.Mobile.UI/src/library/DIPS.Mobile.UI/Converters/ValueConverters/ObjectToBoolConverter.cs(23,23): warning CS8767: Nullability of reference types in type of parameter 'parameter' of 'object ObjectToBoolConverter.Convert(object inputValue, Type targetType, object parameter, CultureInfo culture)' doesn't match implicitly implemented member 'object? IValueConverter.Convert(object? value, Type targetType, object? parameter, CultureInfo culture)' (possibly because of nullability attributes). [/Users/finstad/Documents/DIPS.Mobile.UI/src/library/DIPS.Mobile.UI/DIPS.Mobile.UI.csproj::TargetFramework=net10.0-ios]
/Users/finstad/Documents/DIPS.Mobile.UI/src/library/DIPS.Mobile.UI/Converters/ValueConverters/ObjectToBoolConverter.cs(33,23): warning CS8767: Nullability of reference types in type of parameter 'value' of 'object ObjectToBoolConverter.ConvertBack(object value, Type targetType, object parameter, CultureInfo culture)' doesn't match implicitly implemented member 'object? IValueConverter.ConvertBack(object? value, Type targetType, object? parameter, CultureInfo culture)' (possibly because of nullability attributes). [/Users/finstad/Documents/DIPS.Mobile.UI/src/library/DIPS.Mobile.UI/DIPS.Mobile.UI.csproj::TargetFramework=net10.0-ios]
/Users/finstad/Documents/DIPS.Mobile.UI/src/library/DIPS.Mobile.UI/Converters/ValueConverters/ObjectToBoolConverter.cs(33,23): warning CS8767: Nullability of reference types in type of parameter 'parameter' of 'object ObjectToBoolConverter.ConvertBack(object value, Type targetType, object parameter, CultureInfo culture)' doesn't match implicitly implemented member 'object? IValueConverter.ConvertBack(object? value, Type targetType, object? parameter, CultureInfo culture)' (possibly because of nullability attributes). [/Users/finstad/Documents/DIPS.Mobile.UI/src/library/DIPS.Mobile.UI/DIPS.Mobile.UI.csproj::TargetFramework=net10.0-ios]
/Users/finstad/Documents/DIPS.Mobile.UI/src/library/DIPS.Mobile.UI/Converters/ValueConverters/ValueConverterGroup.cs(9,23): warning CS8767: Nullability of reference types in type of parameter 'value' of 'object ValueConverterGroup.Convert(object value, Type targetType, object parameter, CultureInfo culture)' doesn't match implicitly implemented member 'object? IValueConverter.Convert(object? value, Type targetType, object? parameter, CultureInfo culture)' (possibly because of nullability attributes). [/Users/finstad/Documents/DIPS.Mobile.UI/src/library/DIPS.Mobile.UI/DIPS.Mobile.UI.csproj::TargetFramework=net10.0-ios]
/Users/finstad/Documents/DIPS.Mobile.UI/src/library/DIPS.Mobile.UI/Converters/ValueConverters/ValueConverterGroup.cs(9,23): warning CS8767: Nullability of reference types in type of parameter 'parameter' of 'object ValueConverterGroup.Convert(object value, Type targetType, object parameter, CultureInfo culture)' doesn't match implicitly implemented member 'object? IValueConverter.Convert(object? value, Type targetType, object? parameter, CultureInfo culture)' (possibly because of nullability attributes). [/Users/finstad/Documents/DIPS.Mobile.UI/src/library/DIPS.Mobile.UI/DIPS.Mobile.UI.csproj::TargetFramework=net10.0-ios]
/Users/finstad/Documents/DIPS.Mobile.UI/src/library/DIPS.Mobile.UI/Converters/ValueConverters/ValueConverterGroup.cs(15,23): warning CS8767: Nullability of reference types in type of parameter 'value' of 'object ValueConverterGroup.ConvertBack(object value, Type targetType, object parameter, CultureInfo culture)' doesn't match implicitly implemented member 'object? IValueConverter.ConvertBack(object? value, Type targetType, object? parameter, CultureInfo culture)' (possibly because of nullability attributes). [/Users/finstad/Documents/DIPS.Mobile.UI/src/library/DIPS.Mobile.UI/DIPS.Mobile.UI.csproj::TargetFramework=net10.0-ios]
/Users/finstad/Documents/DIPS.Mobile.UI/src/library/DIPS.Mobile.UI/Converters/ValueConverters/ValueConverterGroup.cs(15,23): warning CS8767: Nullability of reference types in type of parameter 'parameter' of 'object ValueConverterGroup.ConvertBack(object value, Type targetType, object parameter, CultureInfo culture)' doesn't match implicitly implemented member 'object? IValueConverter.ConvertBack(object? value, Type targetType, object? parameter, CultureInfo culture)' (possibly because of nullability attributes). [/Users/finstad/Documents/DIPS.Mobile.UI/src/library/DIPS.Mobile.UI/DIPS.Mobile.UI.csproj::TargetFramework=net10.0-ios]
/Users/finstad/Documents/DIPS.Mobile.UI/src/library/DIPS.Mobile.UI/Converters/ValueConverters/DateConverter.cs(88,23): warning CS8767: Nullability of reference types in type of parameter 'value' of 'object DateConverter.ConvertBack(object value, Type targetType, object parameter, CultureInfo culture)' doesn't match implicitly implemented member 'object? IValueConverter.ConvertBack(object? value, Type targetType, object? parameter, CultureInfo culture)' (possibly because of nullability attributes). [/Users/finstad/Documents/DIPS.Mobile.UI/src/library/DIPS.Mobile.UI/DIPS.Mobile.UI.csproj::TargetFramework=net10.0-ios]
/Users/finstad/Documents/DIPS.Mobile.UI/src/library/DIPS.Mobile.UI/Converters/ValueConverters/DateConverter.cs(88,23): warning CS8767: Nullability of reference types in type of parameter 'parameter' of 'object DateConverter.ConvertBack(object value, Type targetType, object parameter, CultureInfo culture)' doesn't match implicitly implemented member 'object? IValueConverter.ConvertBack(object? value, Type targetType, object? parameter, CultureInfo culture)' (possibly because of nullability attributes). [/Users/finstad/Documents/DIPS.Mobile.UI/src/library/DIPS.Mobile.UI/DIPS.Mobile.UI.csproj::TargetFramework=net10.0-ios]
/Users/finstad/Documents/DIPS.Mobile.UI/src/library/DIPS.Mobile.UI/Converters/ValueConverters/IsEmptyToObjectConverter.cs(40,23): warning CS8767: Nullability of reference types in type of parameter 'value' of 'object IsEmptyToObjectConverter.Convert(object value, Type targetType, object parameter, CultureInfo culture)' doesn't match implicitly implemented member 'object? IValueConverter.Convert(object? value, Type targetType, object? parameter, CultureInfo culture)' (possibly because of nullability attributes). [/Users/finstad/Documents/DIPS.Mobile.UI/src/library/DIPS.Mobile.UI/DIPS.Mobile.UI.csproj::TargetFramework=net10.0-ios]
/Users/finstad/Documents/DIPS.Mobile.UI/src/library/DIPS.Mobile.UI/Converters/ValueConverters/IsEmptyToObjectConverter.cs(40,23): warning CS8767: Nullability of reference types in type of parameter 'parameter' of 'object IsEmptyToObjectConverter.Convert(object value, Type targetType, object parameter, CultureInfo culture)' doesn't match implicitly implemented member 'object? IValueConverter.Convert(object? value, Type targetType, object? parameter, CultureInfo culture)' (possibly because of nullability attributes). [/Users/finstad/Documents/DIPS.Mobile.UI/src/library/DIPS.Mobile.UI/DIPS.Mobile.UI.csproj::TargetFramework=net10.0-ios]
/Users/finstad/Documents/DIPS.Mobile.UI/src/library/DIPS.Mobile.UI/Converters/ValueConverters/IsEmptyToObjectConverter.cs(54,23): warning CS8767: Nullability of reference types in type of parameter 'value' of 'object IsEmptyToObjectConverter.ConvertBack(object value, Type targetType, object parameter, CultureInfo culture)' doesn't match implicitly implemented member 'object? IValueConverter.ConvertBack(object? value, Type targetType, object? parameter, CultureInfo culture)' (possibly because of nullability attributes). [/Users/finstad/Documents/DIPS.Mobile.UI/src/library/DIPS.Mobile.UI/DIPS.Mobile.UI.csproj::TargetFramework=net10.0-ios]
/Users/finstad/Documents/DIPS.Mobile.UI/src/library/DIPS.Mobile.UI/Converters/ValueConverters/IsEmptyToObjectConverter.cs(54,23): warning CS8767: Nullability of reference types in type of parameter 'parameter' of 'object IsEmptyToObjectConverter.ConvertBack(object value, Type targetType, object parameter, CultureInfo culture)' doesn't match implicitly implemented member 'object? IValueConverter.ConvertBack(object? value, Type targetType, object? parameter, CultureInfo culture)' (possibly because of nullability attributes). [/Users/finstad/Documents/DIPS.Mobile.UI/src/library/DIPS.Mobile.UI/DIPS.Mobile.UI.csproj::TargetFramework=net10.0-ios]
/Users/finstad/Documents/DIPS.Mobile.UI/src/library/DIPS.Mobile.UI/Converters/ValueConverters/TimeConverter.cs(46,23): warning CS8767: Nullability of reference types in type of parameter 'parameter' of 'object TimeConverter.Convert(object? value, Type targetType, object parameter, CultureInfo culture)' doesn't match implicitly implemented member 'object? IValueConverter.Convert(object? value, Type targetType, object? parameter, CultureInfo culture)' (possibly because of nullability attributes). [/Users/finstad/Documents/DIPS.Mobile.UI/src/library/DIPS.Mobile.UI/DIPS.Mobile.UI.csproj::TargetFramework=net10.0-ios]
/Users/finstad/Documents/DIPS.Mobile.UI/src/library/DIPS.Mobile.UI/Converters/ValueConverters/TimeConverter.cs(73,23): warning CS8767: Nullability of reference types in type of parameter 'value' of 'object TimeConverter.ConvertBack(object value, Type targetType, object parameter, CultureInfo culture)' doesn't match implicitly implemented member 'object? IValueConverter.ConvertBack(object? value, Type targetType, object? parameter, CultureInfo culture)' (possibly because of nullability attributes). [/Users/finstad/Documents/DIPS.Mobile.UI/src/library/DIPS.Mobile.UI/DIPS.Mobile.UI.csproj::TargetFramework=net10.0-ios]
/Users/finstad/Documents/DIPS.Mobile.UI/src/library/DIPS.Mobile.UI/Converters/ValueConverters/TimeConverter.cs(73,23): warning CS8767: Nullability of reference types in type of parameter 'parameter' of 'object TimeConverter.ConvertBack(object value, Type targetType, object parameter, CultureInfo culture)' doesn't match implicitly implemented member 'object? IValueConverter.ConvertBack(object? value, Type targetType, object? parameter, CultureInfo culture)' (possibly because of nullability attributes). [/Users/finstad/Documents/DIPS.Mobile.UI/src/library/DIPS.Mobile.UI/DIPS.Mobile.UI.csproj::TargetFramework=net10.0-ios]
/Users/finstad/Documents/DIPS.Mobile.UI/src/library/DIPS.Mobile.UI/Converters/ValueConverters/MultiplicationConverter.cs(28,23): warning CS8767: Nullability of reference types in type of parameter 'value' of 'object MultiplicationConverter.Convert(object value, Type targetType, object parameter, CultureInfo culture)' doesn't match implicitly implemented member 'object? IValueConverter.Convert(object? value, Type targetType, object? parameter, CultureInfo culture)' (possibly because of nullability attributes). [/Users/finstad/Documents/DIPS.Mobile.UI/src/library/DIPS.Mobile.UI/DIPS.Mobile.UI.csproj::TargetFramework=net10.0-ios]
/Users/finstad/Documents/DIPS.Mobile.UI/src/library/DIPS.Mobile.UI/Converters/ValueConverters/MultiplicationConverter.cs(28,23): warning CS8767: Nullability of reference types in type of parameter 'parameter' of 'object MultiplicationConverter.Convert(object value, Type targetType, object parameter, CultureInfo culture)' doesn't match implicitly implemented member 'object? IValueConverter.Convert(object? value, Type targetType, object? parameter, CultureInfo culture)' (possibly because of nullability attributes). [/Users/finstad/Documents/DIPS.Mobile.UI/src/library/DIPS.Mobile.UI/DIPS.Mobile.UI.csproj::TargetFramework=net10.0-ios]
/Users/finstad/Documents/DIPS.Mobile.UI/src/library/DIPS.Mobile.UI/Converters/ValueConverters/MultiplicationConverter.cs(39,23): warning CS8767: Nullability of reference types in type of parameter 'value' of 'object MultiplicationConverter.ConvertBack(object value, Type targetType, object parameter, CultureInfo culture)' doesn't match implicitly implemented member 'object? IValueConverter.ConvertBack(object? value, Type targetType, object? parameter, CultureInfo culture)' (possibly because of nullability attributes). [/Users/finstad/Documents/DIPS.Mobile.UI/src/library/DIPS.Mobile.UI/DIPS.Mobile.UI.csproj::TargetFramework=net10.0-ios]
/Users/finstad/Documents/DIPS.Mobile.UI/src/library/DIPS.Mobile.UI/Converters/ValueConverters/MultiplicationConverter.cs(39,23): warning CS8767: Nullability of reference types in type of parameter 'parameter' of 'object MultiplicationConverter.ConvertBack(object value, Type targetType, object parameter, CultureInfo culture)' doesn't match implicitly implemented member 'object? IValueConverter.ConvertBack(object? value, Type targetType, object? parameter, CultureInfo culture)' (possibly because of nullability attributes). [/Users/finstad/Documents/DIPS.Mobile.UI/src/library/DIPS.Mobile.UI/DIPS.Mobile.UI.csproj::TargetFramework=net10.0-ios]
/Users/finstad/Documents/DIPS.Mobile.UI/src/library/DIPS.Mobile.UI/Components/BottomSheets/iOS/BottomSheetHandler.cs(14,33): warning CS8826: Partial method declarations 'void BottomSheetHandler.MapIsDraggable(BottomSheetHandler handler, BottomSheet bottomSheet)' and 'void BottomSheetHandler.MapIsDraggable(BottomSheetHandler arg1, BottomSheet arg2)' have signature differences. [/Users/finstad/Documents/DIPS.Mobile.UI/src/library/DIPS.Mobile.UI/DIPS.Mobile.UI.csproj::TargetFramework=net10.0-ios]
/Users/finstad/Documents/DIPS.Mobile.UI/src/library/DIPS.Mobile.UI/Converters/ValueConverters/TypeToObjectConverter.cs(34,23): warning CS8767: Nullability of reference types in type of parameter 'value' of 'object TypeToObjectConverter.Convert(object value, Type targetType, object parameter, CultureInfo culture)' doesn't match implicitly implemented member 'object? IValueConverter.Convert(object? value, Type targetType, object? parameter, CultureInfo culture)' (possibly because of nullability attributes). [/Users/finstad/Documents/DIPS.Mobile.UI/src/library/DIPS.Mobile.UI/DIPS.Mobile.UI.csproj::TargetFramework=net10.0-ios]
/Users/finstad/Documents/DIPS.Mobile.UI/src/library/DIPS.Mobile.UI/Converters/ValueConverters/TypeToObjectConverter.cs(34,23): warning CS8767: Nullability of reference types in type of parameter 'parameter' of 'object TypeToObjectConverter.Convert(object value, Type targetType, object parameter, CultureInfo culture)' doesn't match implicitly implemented member 'object? IValueConverter.Convert(object? value, Type targetType, object? parameter, CultureInfo culture)' (possibly because of nullability attributes). [/Users/finstad/Documents/DIPS.Mobile.UI/src/library/DIPS.Mobile.UI/DIPS.Mobile.UI.csproj::TargetFramework=net10.0-ios]
/Users/finstad/Documents/DIPS.Mobile.UI/src/library/DIPS.Mobile.UI/Converters/ValueConverters/TypeToObjectConverter.cs(54,23): warning CS8767: Nullability of reference types in type of parameter 'value' of 'object TypeToObjectConverter.ConvertBack(object value, Type targetType, object parameter, CultureInfo culture)' doesn't match implicitly implemented member 'object? IValueConverter.ConvertBack(object? value, Type targetType, object? parameter, CultureInfo culture)' (possibly because of nullability attributes). [/Users/finstad/Documents/DIPS.Mobile.UI/src/library/DIPS.Mobile.UI/DIPS.Mobile.UI.csproj::TargetFramework=net10.0-ios]
/Users/finstad/Documents/DIPS.Mobile.UI/src/library/DIPS.Mobile.UI/Converters/ValueConverters/TypeToObjectConverter.cs(54,23): warning CS8767: Nullability of reference types in type of parameter 'parameter' of 'object TypeToObjectConverter.ConvertBack(object value, Type targetType, object parameter, CultureInfo culture)' doesn't match implicitly implemented member 'object? IValueConverter.ConvertBack(object? value, Type targetType, object? parameter, CultureInfo culture)' (possibly because of nullability attributes). [/Users/finstad/Documents/DIPS.Mobile.UI/src/library/DIPS.Mobile.UI/DIPS.Mobile.UI.csproj::TargetFramework=net10.0-ios]
/Users/finstad/Documents/DIPS.Mobile.UI/src/library/DIPS.Mobile.UI/Converters/ValueConverters/StringCaseConverter.cs(26,24): warning CS8767: Nullability of reference types in type of parameter 'value' of 'object? StringCaseConverter.Convert(object value, Type targetType, object parameter, CultureInfo culture)' doesn't match implicitly implemented member 'object? IValueConverter.Convert(object? value, Type targetType, object? parameter, CultureInfo culture)' (possibly because of nullability attributes). [/Users/finstad/Documents/DIPS.Mobile.UI/src/library/DIPS.Mobile.UI/DIPS.Mobile.UI.csproj::TargetFramework=net10.0-ios]
/Users/finstad/Documents/DIPS.Mobile.UI/src/library/DIPS.Mobile.UI/Converters/ValueConverters/StringCaseConverter.cs(26,24): warning CS8767: Nullability of reference types in type of parameter 'parameter' of 'object? StringCaseConverter.Convert(object value, Type targetType, object parameter, CultureInfo culture)' doesn't match implicitly implemented member 'object? IValueConverter.Convert(object? value, Type targetType, object? parameter, CultureInfo culture)' (possibly because of nullability attributes). [/Users/finstad/Documents/DIPS.Mobile.UI/src/library/DIPS.Mobile.UI/DIPS.Mobile.UI.csproj::TargetFramework=net10.0-ios]
/Users/finstad/Documents/DIPS.Mobile.UI/src/library/DIPS.Mobile.UI/Converters/ValueConverters/StringCaseConverter.cs(40,23): warning CS8767: Nullability of reference types in type of parameter 'value' of 'object StringCaseConverter.ConvertBack(object value, Type targetType, object parameter, CultureInfo culture)' doesn't match implicitly implemented member 'object? IValueConverter.ConvertBack(object? value, Type targetType, object? parameter, CultureInfo culture)' (possibly because of nullability attributes). [/Users/finstad/Documents/DIPS.Mobile.UI/src/library/DIPS.Mobile.UI/DIPS.Mobile.UI.csproj::TargetFramework=net10.0-ios]
/Users/finstad/Documents/DIPS.Mobile.UI/src/library/DIPS.Mobile.UI/Converters/ValueConverters/StringCaseConverter.cs(40,23): warning CS8767: Nullability of reference types in type of parameter 'parameter' of 'object StringCaseConverter.ConvertBack(object value, Type targetType, object parameter, CultureInfo culture)' doesn't match implicitly implemented member 'object? IValueConverter.ConvertBack(object? value, Type targetType, object? parameter, CultureInfo culture)' (possibly because of nullability attributes). [/Users/finstad/Documents/DIPS.Mobile.UI/src/library/DIPS.Mobile.UI/DIPS.Mobile.UI.csproj::TargetFramework=net10.0-ios]
/Users/finstad/Documents/DIPS.Mobile.UI/src/library/DIPS.Mobile.UI/Components/Chips/iOS/Chip.cs(196,69): warning CS8625: Cannot convert null literal to non-nullable reference type. [/Users/finstad/Documents/DIPS.Mobile.UI/src/library/DIPS.Mobile.UI/DIPS.Mobile.UI.csproj::TargetFramework=net10.0-ios]
/Users/finstad/Documents/DIPS.Mobile.UI/src/library/DIPS.Mobile.UI/Components/ContextMenus/ContextMenuItem.Properties.cs(132,20): warning CS0108: 'ContextMenuItem.Parent' hides inherited member 'Element.Parent'. Use the new keyword if hiding was intended. [/Users/finstad/Documents/DIPS.Mobile.UI/src/library/DIPS.Mobile.UI/DIPS.Mobile.UI.csproj::TargetFramework=net10.0-ios]
/Users/finstad/Documents/DIPS.Mobile.UI/src/library/DIPS.Mobile.UI/Components/ContextMenus/ContextMenuItem.cs(30,69): warning CS8625: Cannot convert null literal to non-nullable reference type. [/Users/finstad/Documents/DIPS.Mobile.UI/src/library/DIPS.Mobile.UI/DIPS.Mobile.UI.csproj::TargetFramework=net10.0-ios]
/Users/finstad/Documents/DIPS.Mobile.UI/src/library/DIPS.Mobile.UI/Extensions/ViewExtensions.cs(147,113): warning CS8625: Cannot convert null literal to non-nullable reference type. [/Users/finstad/Documents/DIPS.Mobile.UI/src/library/DIPS.Mobile.UI/DIPS.Mobile.UI.csproj::TargetFramework=net10.0-ios]
/Users/finstad/Documents/DIPS.Mobile.UI/src/library/DIPS.Mobile.UI/MVVM/Commands/AsyncCommand.cs(58,27): warning CS8767: Nullability of reference types in type of parameter 'parameter' of 'void AsyncCommand.Execute(object parameter)' doesn't match implicitly implemented member 'void ICommand.Execute(object? parameter)' (possibly because of nullability attributes). [/Users/finstad/Documents/DIPS.Mobile.UI/src/library/DIPS.Mobile.UI/DIPS.Mobile.UI.csproj::TargetFramework=net10.0-ios]
/Users/finstad/Documents/DIPS.Mobile.UI/src/library/DIPS.Mobile.UI/Extensions/ViewExtensions.cs(157,111): warning CS8625: Cannot convert null literal to non-nullable reference type. [/Users/finstad/Documents/DIPS.Mobile.UI/src/library/DIPS.Mobile.UI/DIPS.Mobile.UI.csproj::TargetFramework=net10.0-ios]
/Users/finstad/Documents/DIPS.Mobile.UI/src/library/DIPS.Mobile.UI/Platforms/iOS/UIButtonWithExtraTappableArea.cs(40,30): warning CS8765: Nullability of type of parameter 'evt' doesn't match overridden member (possibly because of nullability attributes). [/Users/finstad/Documents/DIPS.Mobile.UI/src/library/DIPS.Mobile.UI/DIPS.Mobile.UI.csproj::TargetFramework=net10.0-ios]
/Users/finstad/Documents/DIPS.Mobile.UI/src/library/DIPS.Mobile.UI/MVVM/Commands/AsyncCommand.cs(106,21): warning CS8767: Nullability of reference types in type of parameter 'parameter' of 'bool AsyncCommand<T>.CanExecute(object parameter)' doesn't match implicitly implemented member 'bool ICommand.CanExecute(object? parameter)' (possibly because of nullability attributes). [/Users/finstad/Documents/DIPS.Mobile.UI/src/library/DIPS.Mobile.UI/DIPS.Mobile.UI.csproj::TargetFramework=net10.0-ios]
/Users/finstad/Documents/DIPS.Mobile.UI/src/library/DIPS.Mobile.UI/MVVM/Commands/AsyncCommand.cs(137,21): warning CS8767: Nullability of reference types in type of parameter 'parameter' of 'void AsyncCommand<T>.Execute(object parameter)' doesn't match implicitly implemented member 'void ICommand.Execute(object? parameter)' (possibly because of nullability attributes). [/Users/finstad/Documents/DIPS.Mobile.UI/src/library/DIPS.Mobile.UI/DIPS.Mobile.UI.csproj::TargetFramework=net10.0-ios]
/Users/finstad/Documents/DIPS.Mobile.UI/src/library/DIPS.Mobile.UI/Components/ContextMenus/iOS/ContextMenuHelper.cs(12,66): warning CS8625: Cannot convert null literal to non-nullable reference type. [/Users/finstad/Documents/DIPS.Mobile.UI/src/library/DIPS.Mobile.UI/DIPS.Mobile.UI.csproj::TargetFramework=net10.0-ios]
/Users/finstad/Documents/DIPS.Mobile.UI/src/library/DIPS.Mobile.UI/Components/ContextMenus/iOS/ContextMenuHelper.cs(12,101): warning CS8625: Cannot convert null literal to non-nullable reference type. [/Users/finstad/Documents/DIPS.Mobile.UI/src/library/DIPS.Mobile.UI/DIPS.Mobile.UI.csproj::TargetFramework=net10.0-ios]
/Users/finstad/Documents/DIPS.Mobile.UI/src/library/DIPS.Mobile.UI/Components/ContextMenus/ContextMenuSeparatorItem.cs(23,69): warning CS8625: Cannot convert null literal to non-nullable reference type. [/Users/finstad/Documents/DIPS.Mobile.UI/src/library/DIPS.Mobile.UI/DIPS.Mobile.UI.csproj::TargetFramework=net10.0-ios]
/Users/finstad/Documents/DIPS.Mobile.UI/src/library/DIPS.Mobile.UI/Components/ListItems/Options/InLineContent/InLineContentOptions.Properties.cs(19,27): warning CS0618: 'GridLengthTypeConverter' is obsolete: 'Microsoft.Maui.Controls.GridLengthTypeConverter is obsolete. Use Microsoft.Maui.Converters.GridLengthConverter instead.' [/Users/finstad/Documents/DIPS.Mobile.UI/src/library/DIPS.Mobile.UI/DIPS.Mobile.UI.csproj::TargetFramework=net10.0-ios]
/Users/finstad/Documents/DIPS.Mobile.UI/src/library/DIPS.Mobile.UI/Components/ListItems/Options/Title/TitleOptions.Properties.cs(41,27): warning CS0618: 'GridLengthTypeConverter' is obsolete: 'Microsoft.Maui.Controls.GridLengthTypeConverter is obsolete. Use Microsoft.Maui.Converters.GridLengthConverter instead.' [/Users/finstad/Documents/DIPS.Mobile.UI/src/library/DIPS.Mobile.UI/DIPS.Mobile.UI.csproj::TargetFramework=net10.0-ios]
/Users/finstad/Documents/DIPS.Mobile.UI/src/library/DIPS.Mobile.UI/Components/Pickers/DatePicker/Service/iOS/DatePickerService.cs(9,72): warning CS1066: The default value specified for parameter 'sourceView' will have no effect because it applies to a member that is used in contexts that do not allow optional arguments [/Users/finstad/Documents/DIPS.Mobile.UI/src/library/DIPS.Mobile.UI/DIPS.Mobile.UI.csproj::TargetFramework=net10.0-ios]
/Users/finstad/Documents/DIPS.Mobile.UI/src/library/DIPS.Mobile.UI/Components/Buttons/Button.cs(35,73): warning CS8625: Cannot convert null literal to non-nullable reference type. [/Users/finstad/Documents/DIPS.Mobile.UI/src/library/DIPS.Mobile.UI/DIPS.Mobile.UI.csproj::TargetFramework=net10.0-ios]
/Users/finstad/Documents/DIPS.Mobile.UI/src/library/DIPS.Mobile.UI/Components/Pickers/TimePicker/iOS/TimePickerService.cs(10,72): warning CS1066: The default value specified for parameter 'sourceView' will have no effect because it applies to a member that is used in contexts that do not allow optional arguments [/Users/finstad/Documents/DIPS.Mobile.UI/src/library/DIPS.Mobile.UI/DIPS.Mobile.UI.csproj::TargetFramework=net10.0-ios]
/Users/finstad/Documents/DIPS.Mobile.UI/src/library/DIPS.Mobile.UI/Components/TiffViewer/iOS/TiffViewer.cs(11,75): warning CS1066: The default value specified for parameter 'cancellationToken' will have no effect because it applies to a member that is used in contexts that do not allow optional arguments [/Users/finstad/Documents/DIPS.Mobile.UI/src/library/DIPS.Mobile.UI/DIPS.Mobile.UI.csproj::TargetFramework=net10.0-ios]
/Users/finstad/Documents/DIPS.Mobile.UI/src/library/DIPS.Mobile.UI/Components/TiffViewer/iOS/TiffViewer.cs(45,104): warning CS1066: The default value specified for parameter 'cancellationToken' will have no effect because it applies to a member that is used in contexts that do not allow optional arguments [/Users/finstad/Documents/DIPS.Mobile.UI/src/library/DIPS.Mobile.UI/DIPS.Mobile.UI.csproj::TargetFramework=net10.0-ios]
/Users/finstad/Documents/DIPS.Mobile.UI/src/library/DIPS.Mobile.UI/Components/Toolbar/ToolbarButton.Properties.cs(144,21): warning CS0109: The member 'ToolbarButton.IsVisible' does not hide an accessible member. The new keyword is not required. [/Users/finstad/Documents/DIPS.Mobile.UI/src/library/DIPS.Mobile.UI/DIPS.Mobile.UI.csproj::TargetFramework=net10.0-ios]
/Users/finstad/Documents/DIPS.Mobile.UI/src/library/DIPS.Mobile.UI/API/Accessibility/SemanticDescriptionExtension.cs(59,9): warning CS0162: Unreachable code detected [/Users/finstad/Documents/DIPS.Mobile.UI/src/library/DIPS.Mobile.UI/DIPS.Mobile.UI.csproj::TargetFramework=net10.0-ios]
/Users/finstad/Documents/DIPS.Mobile.UI/src/library/DIPS.Mobile.UI/API/Accessibility/SemanticDescriptionExtension.cs(16,19): warning CS8618: Non-nullable property 'Description' must contain a non-null value when exiting constructor. Consider adding the 'required' modifier or declaring the property as nullable. [/Users/finstad/Documents/DIPS.Mobile.UI/src/library/DIPS.Mobile.UI/DIPS.Mobile.UI.csproj::TargetFramework=net10.0-ios]
/Users/finstad/Documents/DIPS.Mobile.UI/src/library/DIPS.Mobile.UI/API/Tip/iOS/TipUIViewController.cs(22,12): warning CS8618: Non-nullable field 'm_grid' must contain a non-null value when exiting constructor. Consider adding the 'required' modifier or declaring the field as nullable. [/Users/finstad/Documents/DIPS.Mobile.UI/src/library/DIPS.Mobile.UI/DIPS.Mobile.UI.csproj::TargetFramework=net10.0-ios]
/Users/finstad/Documents/DIPS.Mobile.UI/src/library/DIPS.Mobile.UI/API/Tip/iOS/TipUIViewController.cs(22,12): warning CS8618: Non-nullable field 'm_gridPlatform' must contain a non-null value when exiting constructor. Consider adding the 'required' modifier or declaring the field as nullable. [/Users/finstad/Documents/DIPS.Mobile.UI/src/library/DIPS.Mobile.UI/DIPS.Mobile.UI.csproj::TargetFramework=net10.0-ios]
/Users/finstad/Documents/DIPS.Mobile.UI/src/library/DIPS.Mobile.UI/Components/AmplitudeView/AmplitudeViewDrawable.cs(23,12): warning CS8618: Non-nullable field 'm_amplitudeView' must contain a non-null value when exiting constructor. Consider adding the 'required' modifier or declaring the field as nullable. [/Users/finstad/Documents/DIPS.Mobile.UI/src/library/DIPS.Mobile.UI/DIPS.Mobile.UI.csproj::TargetFramework=net10.0-ios]
/Users/finstad/Documents/DIPS.Mobile.UI/src/library/DIPS.Mobile.UI/obj/Debug/net10.0-ios/Microsoft.Maui.Controls.BindingSourceGen/Microsoft.Maui.Controls.BindingSourceGen.BindingSourceGenerator/-Users-finstad-Documents-DIPS.Mobile.UI-src-library-DIPS.Mobile.UI-Components-CheckBoxes-CheckBox.cs-GeneratedBindingInterceptors-34-23.g.cs(47,26): warning CS0618: 'CheckBox' is obsolete: 'This component is not using the correct styling. Please use Checkmark / RadioButton' [/Users/finstad/Documents/DIPS.Mobile.UI/src/library/DIPS.Mobile.UI/DIPS.Mobile.UI.csproj::TargetFramework=net10.0-ios]
/Users/finstad/Documents/DIPS.Mobile.UI/src/library/DIPS.Mobile.UI/obj/Debug/net10.0-ios/Microsoft.Maui.Controls.BindingSourceGen/Microsoft.Maui.Controls.BindingSourceGen.BindingSourceGenerator/-Users-finstad-Documents-DIPS.Mobile.UI-src-library-DIPS.Mobile.UI-Components-CheckBoxes-CheckBox.cs-GeneratedBindingInterceptors-34-23.g.cs(56,77): warning CS0618: 'CheckBox' is obsolete: 'This component is not using the correct styling. Please use Checkmark / RadioButton' [/Users/finstad/Documents/DIPS.Mobile.UI/src/library/DIPS.Mobile.UI/DIPS.Mobile.UI.csproj::TargetFramework=net10.0-ios]
/Users/finstad/Documents/DIPS.Mobile.UI/src/library/DIPS.Mobile.UI/obj/Debug/net10.0-ios/Microsoft.Maui.Controls.BindingSourceGen/Microsoft.Maui.Controls.BindingSourceGen.BindingSourceGenerator/-Users-finstad-Documents-DIPS.Mobile.UI-src-library-DIPS.Mobile.UI-Components-CheckBoxes-CheckBox.cs-GeneratedBindingInterceptors-34-23.g.cs(59,60): warning CS0618: 'CheckBox' is obsolete: 'This component is not using the correct styling. Please use Checkmark / RadioButton' [/Users/finstad/Documents/DIPS.Mobile.UI/src/library/DIPS.Mobile.UI/DIPS.Mobile.UI.csproj::TargetFramework=net10.0-ios]
/Users/finstad/Documents/DIPS.Mobile.UI/src/library/DIPS.Mobile.UI/Converters/ValueConverters/ValueConverterGroup.cs(11,66): warning CS8603: Possible null reference return. [/Users/finstad/Documents/DIPS.Mobile.UI/src/library/DIPS.Mobile.UI/DIPS.Mobile.UI.csproj::TargetFramework=net10.0-ios]
/Users/finstad/Documents/DIPS.Mobile.UI/src/library/DIPS.Mobile.UI/Components/AmplitudeView/AmplitudeView.cs(109,13): warning CS0618: 'ViewExtensions.FadeTo(VisualElement, double, uint, Easing?)' is obsolete: 'Please use FadeToAsync instead.' [/Users/finstad/Documents/DIPS.Mobile.UI/src/library/DIPS.Mobile.UI/DIPS.Mobile.UI.csproj::TargetFramework=net10.0-ios]
/Users/finstad/Documents/DIPS.Mobile.UI/src/library/DIPS.Mobile.UI/Components/Alerting/SystemMessage/SystemMessage.cs(90,32): warning CS8602: Dereference of a possibly null reference. [/Users/finstad/Documents/DIPS.Mobile.UI/src/library/DIPS.Mobile.UI/DIPS.Mobile.UI.csproj::TargetFramework=net10.0-ios]
/Users/finstad/Documents/DIPS.Mobile.UI/src/library/DIPS.Mobile.UI/Components/AmplitudeView/AmplitudeView.cs(125,19): warning CS0618: 'ViewExtensions.FadeTo(VisualElement, double, uint, Easing?)' is obsolete: 'Please use FadeToAsync instead.' [/Users/finstad/Documents/DIPS.Mobile.UI/src/library/DIPS.Mobile.UI/DIPS.Mobile.UI.csproj::TargetFramework=net10.0-ios]
/Users/finstad/Documents/DIPS.Mobile.UI/src/library/DIPS.Mobile.UI/Components/AmplitudeView/AmplitudeView.cs(128,23): warning CS0618: 'ViewExtensions.FadeTo(VisualElement, double, uint, Easing?)' is obsolete: 'Please use FadeToAsync instead.' [/Users/finstad/Documents/DIPS.Mobile.UI/src/library/DIPS.Mobile.UI/DIPS.Mobile.UI.csproj::TargetFramework=net10.0-ios]
/Users/finstad/Documents/DIPS.Mobile.UI/src/library/DIPS.Mobile.UI/Components/Alerting/SystemMessage/SystemMessage.cs(107,9): warning CS0618: 'ViewExtensions.FadeTo(VisualElement, double, uint, Easing?)' is obsolete: 'Please use FadeToAsync instead.' [/Users/finstad/Documents/DIPS.Mobile.UI/src/library/DIPS.Mobile.UI/DIPS.Mobile.UI.csproj::TargetFramework=net10.0-ios]
/Users/finstad/Documents/DIPS.Mobile.UI/src/library/DIPS.Mobile.UI/Components/Alerting/SystemMessage/SystemMessage.cs(108,9): warning CS0618: 'ViewExtensions.ScaleTo(VisualElement, double, uint, Easing?)' is obsolete: 'Please use ScaleToAsync instead.' [/Users/finstad/Documents/DIPS.Mobile.UI/src/library/DIPS.Mobile.UI/DIPS.Mobile.UI.csproj::TargetFramework=net10.0-ios]
/Users/finstad/Documents/DIPS.Mobile.UI/src/library/DIPS.Mobile.UI/Components/Alerting/SystemMessage/SystemMessage.cs(119,20): warning CS0618: 'ViewExtensions.FadeTo(VisualElement, double, uint, Easing?)' is obsolete: 'Please use FadeToAsync instead.' [/Users/finstad/Documents/DIPS.Mobile.UI/src/library/DIPS.Mobile.UI/DIPS.Mobile.UI.csproj::TargetFramework=net10.0-ios]
/Users/finstad/Documents/DIPS.Mobile.UI/src/library/DIPS.Mobile.UI/Components/Alerting/SystemMessage/SystemMessage.cs(120,21): warning CS0618: 'ViewExtensions.ScaleTo(VisualElement, double, uint, Easing?)' is obsolete: 'Please use ScaleToAsync instead.' [/Users/finstad/Documents/DIPS.Mobile.UI/src/library/DIPS.Mobile.UI/DIPS.Mobile.UI.csproj::TargetFramework=net10.0-ios]
/Users/finstad/Documents/DIPS.Mobile.UI/src/library/DIPS.Mobile.UI/Components/Alerting/SystemMessage/iOS/SystemMessageService.cs(17,47): warning CS8602: Dereference of a possibly null reference. [/Users/finstad/Documents/DIPS.Mobile.UI/src/library/DIPS.Mobile.UI/DIPS.Mobile.UI.csproj::TargetFramework=net10.0-ios]
/Users/finstad/Documents/DIPS.Mobile.UI/src/library/DIPS.Mobile.UI/Components/Alerting/Dialog/DialogService.cs(67,16): warning CS8602: Dereference of a possibly null reference. [/Users/finstad/Documents/DIPS.Mobile.UI/src/library/DIPS.Mobile.UI/DIPS.Mobile.UI.csproj::TargetFramework=net10.0-ios]
/Users/finstad/Documents/DIPS.Mobile.UI/src/library/DIPS.Mobile.UI/Components/BottomSheets/OpenBottomSheetCommandExtension.cs(23,21): warning CS4014: Because this call is not awaited, execution of the current method continues before the call is completed. Consider applying the 'await' operator to the result of the call. [/Users/finstad/Documents/DIPS.Mobile.UI/src/library/DIPS.Mobile.UI/DIPS.Mobile.UI.csproj::TargetFramework=net10.0-ios]
/Users/finstad/Documents/DIPS.Mobile.UI/src/library/DIPS.Mobile.UI/Components/BottomSheets/BottomSheet.cs(16,16): warning CS8618: Non-nullable event 'SearchTextChanged' must contain a non-null value when exiting constructor. Consider adding the 'required' modifier or declaring the event as nullable. [/Users/finstad/Documents/DIPS.Mobile.UI/src/library/DIPS.Mobile.UI/DIPS.Mobile.UI.csproj::TargetFramework=net10.0-ios]
/Users/finstad/Documents/DIPS.Mobile.UI/src/library/DIPS.Mobile.UI/Components/BottomSheets/BottomSheet.cs(16,16): warning CS8618: Non-nullable property 'ViewController' must contain a non-null value when exiting constructor. Consider adding the 'required' modifier or declaring the property as nullable. [/Users/finstad/Documents/DIPS.Mobile.UI/src/library/DIPS.Mobile.UI/DIPS.Mobile.UI.csproj::TargetFramework=net10.0-ios]
/Users/finstad/Documents/DIPS.Mobile.UI/src/library/DIPS.Mobile.UI/API/Builder/AppHostBuilderExtensions.cs(89,25): warning CS0618: 'FadeOutEffect' is obsolete: 'Does not work yet' [/Users/finstad/Documents/DIPS.Mobile.UI/src/library/DIPS.Mobile.UI/DIPS.Mobile.UI.csproj::TargetFramework=net10.0-ios]
/Users/finstad/Documents/DIPS.Mobile.UI/src/library/DIPS.Mobile.UI/API/Library/iOS/DUI.cs(21,26): warning CS8602: Dereference of a possibly null reference. [/Users/finstad/Documents/DIPS.Mobile.UI/src/library/DIPS.Mobile.UI/DIPS.Mobile.UI.csproj::TargetFramework=net10.0-ios]
/Users/finstad/Documents/DIPS.Mobile.UI/src/library/DIPS.Mobile.UI/API/Library/iOS/DUI.cs(21,26): warning CS8602: Dereference of a possibly null reference. [/Users/finstad/Documents/DIPS.Mobile.UI/src/library/DIPS.Mobile.UI/DIPS.Mobile.UI.csproj::TargetFramework=net10.0-ios]
/Users/finstad/Documents/DIPS.Mobile.UI/src/library/DIPS.Mobile.UI/API/Library/DUI.cs(26,82): warning CS0618: 'Application.MainPage.get' is obsolete: 'This property has been deprecated. For single-window applications, use Windows[0].Page. For multi-window applications, identify and use the appropriate Window object to access the desired Page. Additionally, each element features a Window property, accessible when it's part of the current window.' [/Users/finstad/Documents/DIPS.Mobile.UI/src/library/DIPS.Mobile.UI/DIPS.Mobile.UI.csproj::TargetFramework=net10.0-ios]
/Users/finstad/Documents/DIPS.Mobile.UI/src/library/DIPS.Mobile.UI/Effects/Touch/iOS/TouchEffectGestureRecognizerDelegate.cs(42,33): warning CS8604: Possible null reference argument for parameter 'view' in 'bool TouchEffectGestureRecognizerDelegate.CheckRecognizers(UIView view, UIView superViewThatContainsRecognizer)'. [/Users/finstad/Documents/DIPS.Mobile.UI/src/library/DIPS.Mobile.UI/DIPS.Mobile.UI.csproj::TargetFramework=net10.0-ios]
/Users/finstad/Documents/DIPS.Mobile.UI/src/library/DIPS.Mobile.UI/Components/Toolbar/iOS/ToolbarHandler.cs(237,99): warning CS8625: Cannot convert null literal to non-nullable reference type. [/Users/finstad/Documents/DIPS.Mobile.UI/src/library/DIPS.Mobile.UI/DIPS.Mobile.UI.csproj::TargetFramework=net10.0-ios]
/Users/finstad/Documents/DIPS.Mobile.UI/src/library/DIPS.Mobile.UI/Components/Toolbar/iOS/ToolbarHandler.cs(253,40): warning CS8604: Possible null reference argument for parameter 'image' in 'UIBarButtonItem.UIBarButtonItem(UIImage image, UIBarButtonItemStyle style, EventHandler handler)'. [/Users/finstad/Documents/DIPS.Mobile.UI/src/library/DIPS.Mobile.UI/DIPS.Mobile.UI.csproj::TargetFramework=net10.0-ios]
/Users/finstad/Documents/DIPS.Mobile.UI/src/library/DIPS.Mobile.UI/Components/BottomSheets/iOS/BottomSheetNavigationBarHelper.cs(91,50): warning CS8604: Possible null reference argument for parameter 'image' in 'UIBarButtonItem.UIBarButtonItem(UIImage image, UIBarButtonItemStyle style, EventHandler handler)'. [/Users/finstad/Documents/DIPS.Mobile.UI/src/library/DIPS.Mobile.UI/DIPS.Mobile.UI.csproj::TargetFramework=net10.0-ios]
/Users/finstad/Documents/DIPS.Mobile.UI/src/library/DIPS.Mobile.UI/Components/Toolbar/iOS/ToolbarHandler.cs(291,79): warning CS8625: Cannot convert null literal to non-nullable reference type. [/Users/finstad/Documents/DIPS.Mobile.UI/src/library/DIPS.Mobile.UI/DIPS.Mobile.UI.csproj::TargetFramework=net10.0-ios]
/Users/finstad/Documents/DIPS.Mobile.UI/src/library/DIPS.Mobile.UI/Components/Toolbar/iOS/ToolbarHandler.cs(297,81): warning CS8625: Cannot convert null literal to non-nullable reference type. [/Users/finstad/Documents/DIPS.Mobile.UI/src/library/DIPS.Mobile.UI/DIPS.Mobile.UI.csproj::TargetFramework=net10.0-ios]
/Users/finstad/Documents/DIPS.Mobile.UI/src/library/DIPS.Mobile.UI/API/Camera/Preview/iOS/PreviewView.cs(23,12): warning CS8618: Non-nullable field 'm_pinchToZoomGestureRecognizer' must contain a non-null value when exiting constructor. Consider adding the 'required' modifier or declaring the field as nullable. [/Users/finstad/Documents/DIPS.Mobile.UI/src/library/DIPS.Mobile.UI/DIPS.Mobile.UI.csproj::TargetFramework=net10.0-ios]
/Users/finstad/Documents/DIPS.Mobile.UI/src/library/DIPS.Mobile.UI/API/Camera/Preview/iOS/PreviewView.cs(23,12): warning CS8618: Non-nullable property 'PreviewLayer' must contain a non-null value when exiting constructor. Consider adding the 'required' modifier or declaring the property as nullable. [/Users/finstad/Documents/DIPS.Mobile.UI/src/library/DIPS.Mobile.UI/DIPS.Mobile.UI.csproj::TargetFramework=net10.0-ios]
/Users/finstad/Documents/DIPS.Mobile.UI/src/library/DIPS.Mobile.UI/API/Camera/Preview/iOS/PreviewView.cs(151,42): warning CS8625: Cannot convert null literal to non-nullable reference type. [/Users/finstad/Documents/DIPS.Mobile.UI/src/library/DIPS.Mobile.UI/DIPS.Mobile.UI.csproj::TargetFramework=net10.0-ios]
/Users/finstad/Documents/DIPS.Mobile.UI/src/library/DIPS.Mobile.UI/Effects/Animation/Effects/ScaleInEffect.cs(33,13): warning CS0618: 'ViewExtensions.ScaleTo(VisualElement, double, uint, Easing?)' is obsolete: 'Please use ScaleToAsync instead.' [/Users/finstad/Documents/DIPS.Mobile.UI/src/library/DIPS.Mobile.UI/DIPS.Mobile.UI.csproj::TargetFramework=net10.0-ios]
/Users/finstad/Documents/DIPS.Mobile.UI/src/library/DIPS.Mobile.UI/Components/Buttons/iOS/ButtonHandler.cs(23,10): warning CS8602: Dereference of a possibly null reference. [/Users/finstad/Documents/DIPS.Mobile.UI/src/library/DIPS.Mobile.UI/DIPS.Mobile.UI.csproj::TargetFramework=net10.0-ios]
/Users/finstad/Documents/DIPS.Mobile.UI/src/library/DIPS.Mobile.UI/Effects/Animation/Effects/ScaleInEffect.cs(11,9): warning CS0618: 'ViewExtensions.ScaleTo(VisualElement, double, uint, Easing?)' is obsolete: 'Please use ScaleToAsync instead.' [/Users/finstad/Documents/DIPS.Mobile.UI/src/library/DIPS.Mobile.UI/DIPS.Mobile.UI.csproj::TargetFramework=net10.0-ios]
/Users/finstad/Documents/DIPS.Mobile.UI/src/library/DIPS.Mobile.UI/Components/Buttons/iOS/ButtonHandler.cs(36,41): warning CS8604: Possible null reference argument for parameter 'button' in 'void ButtonHandler.MapImageTintColor(ButtonHandler handler, Button button)'. [/Users/finstad/Documents/DIPS.Mobile.UI/src/library/DIPS.Mobile.UI/DIPS.Mobile.UI.csproj::TargetFramework=net10.0-ios]
/Users/finstad/Documents/DIPS.Mobile.UI/src/library/DIPS.Mobile.UI/Effects/Animation/Effects/FadeOutEffect.cs(18,9): warning CS0162: Unreachable code detected [/Users/finstad/Documents/DIPS.Mobile.UI/src/library/DIPS.Mobile.UI/DIPS.Mobile.UI.csproj::TargetFramework=net10.0-ios]
/Users/finstad/Documents/DIPS.Mobile.UI/src/library/DIPS.Mobile.UI/Components/Buttons/iOS/ButtonHandler.cs(83,10): warning CS8602: Dereference of a possibly null reference. [/Users/finstad/Documents/DIPS.Mobile.UI/src/library/DIPS.Mobile.UI/DIPS.Mobile.UI.csproj::TargetFramework=net10.0-ios]
/Users/finstad/Documents/DIPS.Mobile.UI/src/library/DIPS.Mobile.UI/Components/Buttons/Button.cs(66,21): warning CS8602: Dereference of a possibly null reference. [/Users/finstad/Documents/DIPS.Mobile.UI/src/library/DIPS.Mobile.UI/DIPS.Mobile.UI.csproj::TargetFramework=net10.0-ios]
/Users/finstad/Documents/DIPS.Mobile.UI/src/library/DIPS.Mobile.UI/Components/Buttons/Button.cs(73,44): warning CS8602: Dereference of a possibly null reference. [/Users/finstad/Documents/DIPS.Mobile.UI/src/library/DIPS.Mobile.UI/DIPS.Mobile.UI.csproj::TargetFramework=net10.0-ios]
/Users/finstad/Documents/DIPS.Mobile.UI/src/library/DIPS.Mobile.UI/Components/Buttons/Button.cs(76,17): warning CS8602: Dereference of a possibly null reference. [/Users/finstad/Documents/DIPS.Mobile.UI/src/library/DIPS.Mobile.UI/DIPS.Mobile.UI.csproj::TargetFramework=net10.0-ios]
/Users/finstad/Documents/DIPS.Mobile.UI/src/library/DIPS.Mobile.UI/Extensions/ViewExtensions.cs(11,40): warning CS8601: Possible null reference assignment. [/Users/finstad/Documents/DIPS.Mobile.UI/src/library/DIPS.Mobile.UI/DIPS.Mobile.UI.csproj::TargetFramework=net10.0-ios]
/Users/finstad/Documents/DIPS.Mobile.UI/src/library/DIPS.Mobile.UI/Extensions/ViewExtensions.cs(13,16): warning CS8602: Dereference of a possibly null reference. [/Users/finstad/Documents/DIPS.Mobile.UI/src/library/DIPS.Mobile.UI/DIPS.Mobile.UI.csproj::TargetFramework=net10.0-ios]
/Users/finstad/Documents/DIPS.Mobile.UI/src/library/DIPS.Mobile.UI/Extensions/ViewExtensions.cs(13,16): warning CS8603: Possible null reference return. [/Users/finstad/Documents/DIPS.Mobile.UI/src/library/DIPS.Mobile.UI/DIPS.Mobile.UI.csproj::TargetFramework=net10.0-ios]
/Users/finstad/Documents/DIPS.Mobile.UI/src/library/DIPS.Mobile.UI/Effects/Animation/Effects/FadeOutEffect.cs(36,15): warning CS0618: 'ViewExtensions.FadeTo(VisualElement, double, uint, Easing?)' is obsolete: 'Please use FadeToAsync instead.' [/Users/finstad/Documents/DIPS.Mobile.UI/src/library/DIPS.Mobile.UI/DIPS.Mobile.UI.csproj::TargetFramework=net10.0-ios]
/Users/finstad/Documents/DIPS.Mobile.UI/src/library/DIPS.Mobile.UI/Effects/Animation/Effects/FadeOutEffect.cs(25,9): warning CS0162: Unreachable code detected [/Users/finstad/Documents/DIPS.Mobile.UI/src/library/DIPS.Mobile.UI/DIPS.Mobile.UI.csproj::TargetFramework=net10.0-ios]
/Users/finstad/Documents/DIPS.Mobile.UI/src/library/DIPS.Mobile.UI/Effects/Animation/Effects/FadeOutEffect.cs(45,9): warning CS0162: Unreachable code detected [/Users/finstad/Documents/DIPS.Mobile.UI/src/library/DIPS.Mobile.UI/DIPS.Mobile.UI.csproj::TargetFramework=net10.0-ios]
/Users/finstad/Documents/DIPS.Mobile.UI/src/library/DIPS.Mobile.UI/Extensions/ViewExtensions.cs(54,16): warning CS8603: Possible null reference return. [/Users/finstad/Documents/DIPS.Mobile.UI/src/library/DIPS.Mobile.UI/DIPS.Mobile.UI.csproj::TargetFramework=net10.0-ios]
/Users/finstad/Documents/DIPS.Mobile.UI/src/library/DIPS.Mobile.UI/Effects/Animation/Effects/FadeInEffect.cs(33,13): warning CS0618: 'ViewExtensions.FadeTo(VisualElement, double, uint, Easing?)' is obsolete: 'Please use FadeToAsync instead.' [/Users/finstad/Documents/DIPS.Mobile.UI/src/library/DIPS.Mobile.UI/DIPS.Mobile.UI.csproj::TargetFramework=net10.0-ios]
/Users/finstad/Documents/DIPS.Mobile.UI/src/library/DIPS.Mobile.UI/Components/CheckBoxes/FilledCheckBox.cs(18,12): warning CS8618: Non-nullable event 'Completed' must contain a non-null value when exiting constructor. Consider adding the 'required' modifier or declaring the event as nullable. [/Users/finstad/Documents/DIPS.Mobile.UI/src/library/DIPS.Mobile.UI/DIPS.Mobile.UI.csproj::TargetFramework=net10.0-ios]
/Users/finstad/Documents/DIPS.Mobile.UI/src/library/DIPS.Mobile.UI/API/Diagnostics/LayoutDiagnosticsOverlay.cs(199,15): warning CS0618: 'ViewExtensions.FadeTo(VisualElement, double, uint, Easing?)' is obsolete: 'Please use FadeToAsync instead.' [/Users/finstad/Documents/DIPS.Mobile.UI/src/library/DIPS.Mobile.UI/DIPS.Mobile.UI.csproj::TargetFramework=net10.0-ios]
/Users/finstad/Documents/DIPS.Mobile.UI/src/library/DIPS.Mobile.UI/API/Diagnostics/LayoutDiagnosticsOverlay.cs(208,13): warning CS0618: 'ViewExtensions.FadeTo(VisualElement, double, uint, Easing?)' is obsolete: 'Please use FadeToAsync instead.' [/Users/finstad/Documents/DIPS.Mobile.UI/src/library/DIPS.Mobile.UI/DIPS.Mobile.UI.csproj::TargetFramework=net10.0-ios]
/Users/finstad/Documents/DIPS.Mobile.UI/src/library/DIPS.Mobile.UI/API/Diagnostics/LayoutDiagnosticsOverlay.cs(209,13): warning CS0618: 'ViewExtensions.ScaleTo(VisualElement, double, uint, Easing?)' is obsolete: 'Please use ScaleToAsync instead.' [/Users/finstad/Documents/DIPS.Mobile.UI/src/library/DIPS.Mobile.UI/DIPS.Mobile.UI.csproj::TargetFramework=net10.0-ios]
/Users/finstad/Documents/DIPS.Mobile.UI/src/library/DIPS.Mobile.UI/API/Diagnostics/LayoutDiagnosticsOverlay.cs(210,13): warning CS0618: 'ViewExtensions.TranslateTo(VisualElement, double, double, uint, Easing?)' is obsolete: 'Please use TranslateToAsync instead.' [/Users/finstad/Documents/DIPS.Mobile.UI/src/library/DIPS.Mobile.UI/DIPS.Mobile.UI.csproj::TargetFramework=net10.0-ios]
/Users/finstad/Documents/DIPS.Mobile.UI/src/library/DIPS.Mobile.UI/Extensions/ViewExtensions.cs(92,31): warning CS8604: Possible null reference argument for parameter 'item' in 'void Queue<View>.Enqueue(View item)'. [/Users/finstad/Documents/DIPS.Mobile.UI/src/library/DIPS.Mobile.UI/DIPS.Mobile.UI.csproj::TargetFramework=net10.0-ios]
/Users/finstad/Documents/DIPS.Mobile.UI/src/library/DIPS.Mobile.UI/Components/CheckBoxes/FilledCheckBox.cs(67,19): warning CS0618: 'ViewExtensions.FadeTo(VisualElement, double, uint, Easing?)' is obsolete: 'Please use FadeToAsync instead.' [/Users/finstad/Documents/DIPS.Mobile.UI/src/library/DIPS.Mobile.UI/DIPS.Mobile.UI.csproj::TargetFramework=net10.0-ios]
/Users/finstad/Documents/DIPS.Mobile.UI/src/library/DIPS.Mobile.UI/Components/CheckBoxes/FilledCheckBox.cs(68,17): warning CS0618: 'ViewExtensions.FadeTo(VisualElement, double, uint, Easing?)' is obsolete: 'Please use FadeToAsync instead.' [/Users/finstad/Documents/DIPS.Mobile.UI/src/library/DIPS.Mobile.UI/DIPS.Mobile.UI.csproj::TargetFramework=net10.0-ios]
/Users/finstad/Documents/DIPS.Mobile.UI/src/library/DIPS.Mobile.UI/Components/CheckBoxes/FilledCheckBox.cs(78,17): warning CS0618: 'ViewExtensions.FadeTo(VisualElement, double, uint, Easing?)' is obsolete: 'Please use FadeToAsync instead.' [/Users/finstad/Documents/DIPS.Mobile.UI/src/library/DIPS.Mobile.UI/DIPS.Mobile.UI.csproj::TargetFramework=net10.0-ios]
/Users/finstad/Documents/DIPS.Mobile.UI/src/library/DIPS.Mobile.UI/API/Diagnostics/LayoutDiagnosticsOverlay.cs(220,13): warning CS0618: 'ViewExtensions.FadeTo(VisualElement, double, uint, Easing?)' is obsolete: 'Please use FadeToAsync instead.' [/Users/finstad/Documents/DIPS.Mobile.UI/src/library/DIPS.Mobile.UI/DIPS.Mobile.UI.csproj::TargetFramework=net10.0-ios]
/Users/finstad/Documents/DIPS.Mobile.UI/src/library/DIPS.Mobile.UI/API/Diagnostics/LayoutDiagnosticsOverlay.cs(221,13): warning CS0618: 'ViewExtensions.ScaleTo(VisualElement, double, uint, Easing?)' is obsolete: 'Please use ScaleToAsync instead.' [/Users/finstad/Documents/DIPS.Mobile.UI/src/library/DIPS.Mobile.UI/DIPS.Mobile.UI.csproj::TargetFramework=net10.0-ios]
/Users/finstad/Documents/DIPS.Mobile.UI/src/library/DIPS.Mobile.UI/API/Diagnostics/LayoutDiagnosticsOverlay.cs(222,13): warning CS0618: 'ViewExtensions.TranslateTo(VisualElement, double, double, uint, Easing?)' is obsolete: 'Please use TranslateToAsync instead.' [/Users/finstad/Documents/DIPS.Mobile.UI/src/library/DIPS.Mobile.UI/DIPS.Mobile.UI.csproj::TargetFramework=net10.0-ios]
/Users/finstad/Documents/DIPS.Mobile.UI/src/library/DIPS.Mobile.UI/API/Diagnostics/LayoutDiagnosticsOverlay.cs(231,13): warning CS0618: 'ViewExtensions.FadeTo(VisualElement, double, uint, Easing?)' is obsolete: 'Please use FadeToAsync instead.' [/Users/finstad/Documents/DIPS.Mobile.UI/src/library/DIPS.Mobile.UI/DIPS.Mobile.UI.csproj::TargetFramework=net10.0-ios]
/Users/finstad/Documents/DIPS.Mobile.UI/src/library/DIPS.Mobile.UI/API/Diagnostics/LayoutDiagnosticsOverlay.cs(232,13): warning CS0618: 'ViewExtensions.ScaleTo(VisualElement, double, uint, Easing?)' is obsolete: 'Please use ScaleToAsync instead.' [/Users/finstad/Documents/DIPS.Mobile.UI/src/library/DIPS.Mobile.UI/DIPS.Mobile.UI.csproj::TargetFramework=net10.0-ios]
/Users/finstad/Documents/DIPS.Mobile.UI/src/library/DIPS.Mobile.UI/Effects/Animation/Effects/FadeInEffect.cs(11,9): warning CS0618: 'ViewExtensions.FadeTo(VisualElement, double, uint, Easing?)' is obsolete: 'Please use FadeToAsync instead.' [/Users/finstad/Documents/DIPS.Mobile.UI/src/library/DIPS.Mobile.UI/DIPS.Mobile.UI.csproj::TargetFramework=net10.0-ios]
/Users/finstad/Documents/DIPS.Mobile.UI/src/library/DIPS.Mobile.UI/API/Diagnostics/LayoutDiagnosticsOverlay.cs(279,15): warning CS0618: 'ViewExtensions.ScaleTo(VisualElement, double, uint, Easing?)' is obsolete: 'Please use ScaleToAsync instead.' [/Users/finstad/Documents/DIPS.Mobile.UI/src/library/DIPS.Mobile.UI/DIPS.Mobile.UI.csproj::TargetFramework=net10.0-ios]
/Users/finstad/Documents/DIPS.Mobile.UI/src/library/DIPS.Mobile.UI/API/Diagnostics/LayoutDiagnosticsOverlay.cs(280,15): warning CS0618: 'ViewExtensions.ScaleTo(VisualElement, double, uint, Easing?)' is obsolete: 'Please use ScaleToAsync instead.' [/Users/finstad/Documents/DIPS.Mobile.UI/src/library/DIPS.Mobile.UI/DIPS.Mobile.UI.csproj::TargetFramework=net10.0-ios]
/Users/finstad/Documents/DIPS.Mobile.UI/src/library/DIPS.Mobile.UI/Components/CheckBoxes/FilledCheckBox.cs(97,17): warning CS0618: 'ViewExtensions.FadeTo(VisualElement, double, uint, Easing?)' is obsolete: 'Please use FadeToAsync instead.' [/Users/finstad/Documents/DIPS.Mobile.UI/src/library/DIPS.Mobile.UI/DIPS.Mobile.UI.csproj::TargetFramework=net10.0-ios]
/Users/finstad/Documents/DIPS.Mobile.UI/src/library/DIPS.Mobile.UI/Components/CheckBoxes/FilledCheckBox.cs(98,19): warning CS0618: 'ViewExtensions.FadeTo(VisualElement, double, uint, Easing?)' is obsolete: 'Please use FadeToAsync instead.' [/Users/finstad/Documents/DIPS.Mobile.UI/src/library/DIPS.Mobile.UI/DIPS.Mobile.UI.csproj::TargetFramework=net10.0-ios]
/Users/finstad/Documents/DIPS.Mobile.UI/src/library/DIPS.Mobile.UI/Components/CheckBoxes/FilledCheckBox.cs(104,21): warning CS0618: 'ViewExtensions.FadeTo(VisualElement, double, uint, Easing?)' is obsolete: 'Please use FadeToAsync instead.' [/Users/finstad/Documents/DIPS.Mobile.UI/src/library/DIPS.Mobile.UI/DIPS.Mobile.UI.csproj::TargetFramework=net10.0-ios]
/Users/finstad/Documents/DIPS.Mobile.UI/src/library/DIPS.Mobile.UI/Components/CheckBoxes/FilledCheckBox.cs(108,21): warning CS0618: 'ViewExtensions.FadeTo(VisualElement, double, uint, Easing?)' is obsolete: 'Please use FadeToAsync instead.' [/Users/finstad/Documents/DIPS.Mobile.UI/src/library/DIPS.Mobile.UI/DIPS.Mobile.UI.csproj::TargetFramework=net10.0-ios]
/Users/finstad/Documents/DIPS.Mobile.UI/src/library/DIPS.Mobile.UI/Components/CheckBoxes/FilledCheckBox.cs(111,19): warning CS0618: 'ViewExtensions.FadeTo(VisualElement, double, uint, Easing?)' is obsolete: 'Please use FadeToAsync instead.' [/Users/finstad/Documents/DIPS.Mobile.UI/src/library/DIPS.Mobile.UI/DIPS.Mobile.UI.csproj::TargetFramework=net10.0-ios]
/Users/finstad/Documents/DIPS.Mobile.UI/src/library/DIPS.Mobile.UI/Extensions/ViewExtensions.cs(17,50): warning CS8625: Cannot convert null literal to non-nullable reference type. [/Users/finstad/Documents/DIPS.Mobile.UI/src/library/DIPS.Mobile.UI/DIPS.Mobile.UI.csproj::TargetFramework=net10.0-ios]
/Users/finstad/Documents/DIPS.Mobile.UI/src/library/DIPS.Mobile.UI/Extensions/ViewExtensions.cs(28,47): warning CS8625: Cannot convert null literal to non-nullable reference type. [/Users/finstad/Documents/DIPS.Mobile.UI/src/library/DIPS.Mobile.UI/DIPS.Mobile.UI.csproj::TargetFramework=net10.0-ios]
/Users/finstad/Documents/DIPS.Mobile.UI/src/library/DIPS.Mobile.UI/Extensions/ViewExtensions.cs(7,25): warning CS8618: Non-nullable field 'DataTemplateIdPropertyInfo' must contain a non-null value when exiting constructor. Consider adding the 'required' modifier or declaring the field as nullable. [/Users/finstad/Documents/DIPS.Mobile.UI/src/library/DIPS.Mobile.UI/DIPS.Mobile.UI.csproj::TargetFramework=net10.0-ios]
/Users/finstad/Documents/DIPS.Mobile.UI/src/library/DIPS.Mobile.UI/API/Diagnostics/LayoutDiagnosticsOverlay.cs(299,21): warning CS0618: 'ViewExtensions.FadeTo(VisualElement, double, uint, Easing?)' is obsolete: 'Please use FadeToAsync instead.' [/Users/finstad/Documents/DIPS.Mobile.UI/src/library/DIPS.Mobile.UI/DIPS.Mobile.UI.csproj::TargetFramework=net10.0-ios]
/Users/finstad/Documents/DIPS.Mobile.UI/src/library/DIPS.Mobile.UI/API/Diagnostics/LayoutDiagnosticsOverlay.cs(300,21): warning CS0618: 'ViewExtensions.FadeTo(VisualElement, double, uint, Easing?)' is obsolete: 'Please use FadeToAsync instead.' [/Users/finstad/Documents/DIPS.Mobile.UI/src/library/DIPS.Mobile.UI/DIPS.Mobile.UI.csproj::TargetFramework=net10.0-ios]
/Users/finstad/Documents/DIPS.Mobile.UI/src/library/DIPS.Mobile.UI/API/Diagnostics/LayoutDiagnosticsOverlay.cs(303,21): warning CS0618: 'ViewExtensions.FadeTo(VisualElement, double, uint, Easing?)' is obsolete: 'Please use FadeToAsync instead.' [/Users/finstad/Documents/DIPS.Mobile.UI/src/library/DIPS.Mobile.UI/DIPS.Mobile.UI.csproj::TargetFramework=net10.0-ios]
/Users/finstad/Documents/DIPS.Mobile.UI/src/library/DIPS.Mobile.UI/API/Diagnostics/LayoutDiagnosticsOverlay.cs(304,21): warning CS0618: 'ViewExtensions.FadeTo(VisualElement, double, uint, Easing?)' is obsolete: 'Please use FadeToAsync instead.' [/Users/finstad/Documents/DIPS.Mobile.UI/src/library/DIPS.Mobile.UI/DIPS.Mobile.UI.csproj::TargetFramework=net10.0-ios]
/Users/finstad/Documents/DIPS.Mobile.UI/src/library/DIPS.Mobile.UI/Effects/Animation/Animation.Properties.cs(27,47): warning CS0618: 'FadeOutEffect' is obsolete: 'Does not work yet' [/Users/finstad/Documents/DIPS.Mobile.UI/src/library/DIPS.Mobile.UI/DIPS.Mobile.UI.csproj::TargetFramework=net10.0-ios]
/Users/finstad/Documents/DIPS.Mobile.UI/src/library/DIPS.Mobile.UI/Extensions/Markup/StringFormatExtension.cs(10,19): warning CS8618: Non-nullable property 'Format' must contain a non-null value when exiting constructor. Consider adding the 'required' modifier or declaring the property as nullable. [/Users/finstad/Documents/DIPS.Mobile.UI/src/library/DIPS.Mobile.UI/DIPS.Mobile.UI.csproj::TargetFramework=net10.0-ios]
/Users/finstad/Documents/DIPS.Mobile.UI/src/library/DIPS.Mobile.UI/Extensions/Markup/StringFormatExtension.cs(14,19): warning CS8618: Non-nullable property 'Argument' must contain a non-null value when exiting constructor. Consider adding the 'required' modifier or declaring the property as nullable. [/Users/finstad/Documents/DIPS.Mobile.UI/src/library/DIPS.Mobile.UI/DIPS.Mobile.UI.csproj::TargetFramework=net10.0-ios]
/Users/finstad/Documents/DIPS.Mobile.UI/src/library/DIPS.Mobile.UI/Extensions/Markup/InvertedBoolExtension.cs(20,63): warning CS8625: Cannot convert null literal to non-nullable reference type. [/Users/finstad/Documents/DIPS.Mobile.UI/src/library/DIPS.Mobile.UI/DIPS.Mobile.UI.csproj::TargetFramework=net10.0-ios]
/Users/finstad/Documents/DIPS.Mobile.UI/src/library/DIPS.Mobile.UI/Extensions/Markup/InvertedBoolExtension.cs(20,69): warning CS8625: Cannot convert null literal to non-nullable reference type. [/Users/finstad/Documents/DIPS.Mobile.UI/src/library/DIPS.Mobile.UI/DIPS.Mobile.UI.csproj::TargetFramework=net10.0-ios]
/Users/finstad/Documents/DIPS.Mobile.UI/src/library/DIPS.Mobile.UI/Extensions/Markup/InvertedBoolExtension.cs(20,75): warning CS8625: Cannot convert null literal to non-nullable reference type. [/Users/finstad/Documents/DIPS.Mobile.UI/src/library/DIPS.Mobile.UI/DIPS.Mobile.UI.csproj::TargetFramework=net10.0-ios]
/Users/finstad/Documents/DIPS.Mobile.UI/src/library/DIPS.Mobile.UI/Components/Chips/Chip.cs(12,12): warning CS8618: Non-nullable field 'm_toggleableIcon' must contain a non-null value when exiting constructor. Consider adding the 'required' modifier or declaring the field as nullable. [/Users/finstad/Documents/DIPS.Mobile.UI/src/library/DIPS.Mobile.UI/DIPS.Mobile.UI.csproj::TargetFramework=net10.0-ios]
/Users/finstad/Documents/DIPS.Mobile.UI/src/library/DIPS.Mobile.UI/Components/Chips/Chip.cs(12,12): warning CS8618: Non-nullable field 'm_customIcon' must contain a non-null value when exiting constructor. Consider adding the 'required' modifier or declaring the field as nullable. [/Users/finstad/Documents/DIPS.Mobile.UI/src/library/DIPS.Mobile.UI/DIPS.Mobile.UI.csproj::TargetFramework=net10.0-ios]
/Users/finstad/Documents/DIPS.Mobile.UI/src/library/DIPS.Mobile.UI/Components/Chips/Chip.cs(12,12): warning CS8618: Non-nullable field 'm_customRightIcon' must contain a non-null value when exiting constructor. Consider adding the 'required' modifier or declaring the field as nullable. [/Users/finstad/Documents/DIPS.Mobile.UI/src/library/DIPS.Mobile.UI/DIPS.Mobile.UI.csproj::TargetFramework=net10.0-ios]
/Users/finstad/Documents/DIPS.Mobile.UI/src/library/DIPS.Mobile.UI/Components/Chips/Chip.cs(12,12): warning CS8618: Non-nullable field 'm_closeButton' must contain a non-null value when exiting constructor. Consider adding the 'required' modifier or declaring the field as nullable. [/Users/finstad/Documents/DIPS.Mobile.UI/src/library/DIPS.Mobile.UI/DIPS.Mobile.UI.csproj::TargetFramework=net10.0-ios]
/Users/finstad/Documents/DIPS.Mobile.UI/src/library/DIPS.Mobile.UI/Components/Chips/Chip.cs(12,12): warning CS8618: Non-nullable field 'm_titleLabel' must contain a non-null value when exiting constructor. Consider adding the 'required' modifier or declaring the field as nullable. [/Users/finstad/Documents/DIPS.Mobile.UI/src/library/DIPS.Mobile.UI/DIPS.Mobile.UI.csproj::TargetFramework=net10.0-ios]
/Users/finstad/Documents/DIPS.Mobile.UI/src/library/DIPS.Mobile.UI/Components/Chips/Chip.cs(12,12): warning CS8618: Non-nullable field 'm_border' must contain a non-null value when exiting constructor. Consider adding the 'required' modifier or declaring the field as nullable. [/Users/finstad/Documents/DIPS.Mobile.UI/src/library/DIPS.Mobile.UI/DIPS.Mobile.UI.csproj::TargetFramework=net10.0-ios]
/Users/finstad/Documents/DIPS.Mobile.UI/src/library/DIPS.Mobile.UI/Components/Chips/Chip.cs(12,12): warning CS8618: Non-nullable field 'm_container' must contain a non-null value when exiting constructor. Consider adding the 'required' modifier or declaring the field as nullable. [/Users/finstad/Documents/DIPS.Mobile.UI/src/library/DIPS.Mobile.UI/DIPS.Mobile.UI.csproj::TargetFramework=net10.0-ios]
/Users/finstad/Documents/DIPS.Mobile.UI/src/library/DIPS.Mobile.UI/API/Camera/Preview/CameraPreview.cs(33,12): warning CS8618: Non-nullable field 'm_cameraUseCase' must contain a non-null value when exiting constructor. Consider adding the 'required' modifier or declaring the field as nullable. [/Users/finstad/Documents/DIPS.Mobile.UI/src/library/DIPS.Mobile.UI/DIPS.Mobile.UI.csproj::TargetFramework=net10.0-ios]
/Users/finstad/Documents/DIPS.Mobile.UI/src/library/DIPS.Mobile.UI/API/Camera/Preview/CameraPreview.cs(33,12): warning CS8618: Non-nullable field 'm_bottomToolbarContainer' must contain a non-null value when exiting constructor. Consider adding the 'required' modifier or declaring the field as nullable. [/Users/finstad/Documents/DIPS.Mobile.UI/src/library/DIPS.Mobile.UI/DIPS.Mobile.UI.csproj::TargetFramework=net10.0-ios]
/Users/finstad/Documents/DIPS.Mobile.UI/src/library/DIPS.Mobile.UI/API/Camera/Preview/CameraPreview.cs(33,12): warning CS8618: Non-nullable field 'm_topToolbarContainer' must contain a non-null value when exiting constructor. Consider adding the 'required' modifier or declaring the field as nullable. [/Users/finstad/Documents/DIPS.Mobile.UI/src/library/DIPS.Mobile.UI/DIPS.Mobile.UI.csproj::TargetFramework=net10.0-ios]
/Users/finstad/Documents/DIPS.Mobile.UI/src/library/DIPS.Mobile.UI/API/Camera/Preview/CameraPreview.cs(33,12): warning CS8618: Non-nullable field 'm_indicatorWrapper' must contain a non-null value when exiting constructor. Consider adding the 'required' modifier or declaring the field as nullable. [/Users/finstad/Documents/DIPS.Mobile.UI/src/library/DIPS.Mobile.UI/DIPS.Mobile.UI.csproj::TargetFramework=net10.0-ios]
/Users/finstad/Documents/DIPS.Mobile.UI/src/library/DIPS.Mobile.UI/API/Camera/Preview/CameraPreview.cs(33,12): warning CS8618: Non-nullable property 'PreviewView' must contain a non-null value when exiting constructor. Consider adding the 'required' modifier or declaring the property as nullable. [/Users/finstad/Documents/DIPS.Mobile.UI/src/library/DIPS.Mobile.UI/DIPS.Mobile.UI.csproj::TargetFramework=net10.0-ios]
/Users/finstad/Documents/DIPS.Mobile.UI/src/library/DIPS.Mobile.UI/Components/TiffViewer/iOS/TiffViewer.cs(56,70): warning CS8625: Cannot convert null literal to non-nullable reference type. [/Users/finstad/Documents/DIPS.Mobile.UI/src/library/DIPS.Mobile.UI/DIPS.Mobile.UI.csproj::TargetFramework=net10.0-ios]
/Users/finstad/Documents/DIPS.Mobile.UI/src/library/DIPS.Mobile.UI/API/Camera/Preview/CameraPreview.cs(186,9): warning CS0618: 'ViewExtensions.ScaleTo(VisualElement, double, uint, Easing?)' is obsolete: 'Please use ScaleToAsync instead.' [/Users/finstad/Documents/DIPS.Mobile.UI/src/library/DIPS.Mobile.UI/DIPS.Mobile.UI.csproj::TargetFramework=net10.0-ios]
/Users/finstad/Documents/DIPS.Mobile.UI/src/library/DIPS.Mobile.UI/API/Camera/Preview/CameraPreview.cs(187,9): warning CS0618: 'ViewExtensions.FadeTo(VisualElement, double, uint, Easing?)' is obsolete: 'Please use FadeToAsync instead.' [/Users/finstad/Documents/DIPS.Mobile.UI/src/library/DIPS.Mobile.UI/DIPS.Mobile.UI.csproj::TargetFramework=net10.0-ios]
/Users/finstad/Documents/DIPS.Mobile.UI/src/library/DIPS.Mobile.UI/API/Camera/Preview/CameraPreview.cs(198,25): warning CS0618: 'ViewExtensions.ScaleTo(VisualElement, double, uint, Easing?)' is obsolete: 'Please use ScaleToAsync instead.' [/Users/finstad/Documents/DIPS.Mobile.UI/src/library/DIPS.Mobile.UI/DIPS.Mobile.UI.csproj::TargetFramework=net10.0-ios]
/Users/finstad/Documents/DIPS.Mobile.UI/src/library/DIPS.Mobile.UI/API/Camera/Preview/CameraPreview.cs(199,27): warning CS0618: 'ViewExtensions.FadeTo(VisualElement, double, uint, Easing?)' is obsolete: 'Please use FadeToAsync instead.' [/Users/finstad/Documents/DIPS.Mobile.UI/src/library/DIPS.Mobile.UI/DIPS.Mobile.UI.csproj::TargetFramework=net10.0-ios]
/Users/finstad/Documents/DIPS.Mobile.UI/src/library/DIPS.Mobile.UI/MemoryManagement/GCCollectionMonitor.cs(227,9): warning CS0618: 'VisualTreeMemoryResolver.TryResolveMemoryLeak(object)' is obsolete: 'Use DisconnectHandler() instead' [/Users/finstad/Documents/DIPS.Mobile.UI/src/library/DIPS.Mobile.UI/DIPS.Mobile.UI.csproj::TargetFramework=net10.0-ios]
/Users/finstad/Documents/DIPS.Mobile.UI/src/library/DIPS.Mobile.UI/API/Camera/ImageCapturing/Views/TopToolbar/ImageCaptureTopToolbarView.cs(80,13): warning CS0618: 'ViewExtensions.RotateTo(VisualElement, double, uint, Easing?)' is obsolete: 'Please use RotateToAsync instead.' [/Users/finstad/Documents/DIPS.Mobile.UI/src/library/DIPS.Mobile.UI/DIPS.Mobile.UI.csproj::TargetFramework=net10.0-ios]
/Users/finstad/Documents/DIPS.Mobile.UI/src/library/DIPS.Mobile.UI/API/Camera/ImageCapturing/Views/TopToolbar/ImageCaptureTopToolbarView.cs(81,30): warning CS0618: 'ViewExtensions.RotateTo(VisualElement, double, uint, Easing?)' is obsolete: 'Please use RotateToAsync instead.' [/Users/finstad/Documents/DIPS.Mobile.UI/src/library/DIPS.Mobile.UI/DIPS.Mobile.UI.csproj::TargetFramework=net10.0-ios]
/Users/finstad/Documents/DIPS.Mobile.UI/src/library/DIPS.Mobile.UI/API/Camera/ImageCapturing/Views/TopToolbar/ImageCaptureTopToolbarView.cs(82,30): warning CS0618: 'ViewExtensions.RotateTo(VisualElement, double, uint, Easing?)' is obsolete: 'Please use RotateToAsync instead.' [/Users/finstad/Documents/DIPS.Mobile.UI/src/library/DIPS.Mobile.UI/DIPS.Mobile.UI.csproj::TargetFramework=net10.0-ios]
/Users/finstad/Documents/DIPS.Mobile.UI/src/library/DIPS.Mobile.UI/API/Camera/ImageCapturing/Views/TopToolbar/ImageCaptureTopToolbarView.cs(127,9): warning CS0618: 'ViewExtensions.RotateTo(VisualElement, double, uint, Easing?)' is obsolete: 'Please use RotateToAsync instead.' [/Users/finstad/Documents/DIPS.Mobile.UI/src/library/DIPS.Mobile.UI/DIPS.Mobile.UI.csproj::TargetFramework=net10.0-ios]
/Users/finstad/Documents/DIPS.Mobile.UI/src/library/DIPS.Mobile.UI/API/Camera/ImageCapturing/Views/TopToolbar/ImageCaptureTopToolbarView.cs(151,9): warning CS0618: 'ViewExtensions.RotateTo(VisualElement, double, uint, Easing?)' is obsolete: 'Please use RotateToAsync instead.' [/Users/finstad/Documents/DIPS.Mobile.UI/src/library/DIPS.Mobile.UI/DIPS.Mobile.UI.csproj::TargetFramework=net10.0-ios]
/Users/finstad/Documents/DIPS.Mobile.UI/src/library/DIPS.Mobile.UI/MVVM/Commands/AsyncCommand.cs(140,13): warning CS4014: Because this call is not awaited, execution of the current method continues before the call is completed. Consider applying the 'await' operator to the result of the call. [/Users/finstad/Documents/DIPS.Mobile.UI/src/library/DIPS.Mobile.UI/DIPS.Mobile.UI.csproj::TargetFramework=net10.0-ios]
/Users/finstad/Documents/DIPS.Mobile.UI/src/library/DIPS.Mobile.UI/API/Camera/ImageCapturing/Views/CameraZoom/ZoomSlider.cs(33,12): warning CS8618: Non-nullable field 'm_zoomRatioLevelBorder' must contain a non-null value when exiting constructor. Consider adding the 'required' modifier or declaring the field as nullable. [/Users/finstad/Documents/DIPS.Mobile.UI/src/library/DIPS.Mobile.UI/DIPS.Mobile.UI.csproj::TargetFramework=net10.0-ios]
/Users/finstad/Documents/DIPS.Mobile.UI/src/library/DIPS.Mobile.UI/API/Camera/ImageCapturing/Views/CameraZoom/ZoomSlider.cs(33,12): warning CS8618: Non-nullable field 'm_zoomRatioLevelLabel' must contain a non-null value when exiting constructor. Consider adding the 'required' modifier or declaring the field as nullable. [/Users/finstad/Documents/DIPS.Mobile.UI/src/library/DIPS.Mobile.UI/DIPS.Mobile.UI.csproj::TargetFramework=net10.0-ios]
/Users/finstad/Documents/DIPS.Mobile.UI/src/library/DIPS.Mobile.UI/API/Camera/ImageCapturing/Views/CameraZoom/ZoomSlider.cs(87,9): warning CS0618: 'ViewExtensions.RotateTo(VisualElement, double, uint, Easing?)' is obsolete: 'Please use RotateToAsync instead.' [/Users/finstad/Documents/DIPS.Mobile.UI/src/library/DIPS.Mobile.UI/DIPS.Mobile.UI.csproj::TargetFramework=net10.0-ios]
/Users/finstad/Documents/DIPS.Mobile.UI/src/library/DIPS.Mobile.UI/API/Camera/ImageCapturing/Views/CameraZoom/ZoomSlider.cs(92,9): warning CS0618: 'ViewExtensions.FadeTo(VisualElement, double, uint, Easing?)' is obsolete: 'Please use FadeToAsync instead.' [/Users/finstad/Documents/DIPS.Mobile.UI/src/library/DIPS.Mobile.UI/DIPS.Mobile.UI.csproj::TargetFramework=net10.0-ios]
/Users/finstad/Documents/DIPS.Mobile.UI/src/library/DIPS.Mobile.UI/API/Camera/ImageCapturing/Views/CameraZoom/ZoomSlider.cs(93,9): warning CS0618: 'ViewExtensions.FadeTo(VisualElement, double, uint, Easing?)' is obsolete: 'Please use FadeToAsync instead.' [/Users/finstad/Documents/DIPS.Mobile.UI/src/library/DIPS.Mobile.UI/DIPS.Mobile.UI.csproj::TargetFramework=net10.0-ios]
/Users/finstad/Documents/DIPS.Mobile.UI/src/library/DIPS.Mobile.UI/API/Camera/ImageCapturing/Views/CameraZoom/ZoomSlider.cs(94,9): warning CS0618: 'ViewExtensions.FadeTo(VisualElement, double, uint, Easing?)' is obsolete: 'Please use FadeToAsync instead.' [/Users/finstad/Documents/DIPS.Mobile.UI/src/library/DIPS.Mobile.UI/DIPS.Mobile.UI.csproj::TargetFramework=net10.0-ios]
/Users/finstad/Documents/DIPS.Mobile.UI/src/library/DIPS.Mobile.UI/Components/TextFields/InputFields/SingleLineInputField.cs(272,13): warning CS0618: 'ViewExtensions.ScaleTo(VisualElement, double, uint, Easing?)' is obsolete: 'Please use ScaleToAsync instead.' [/Users/finstad/Documents/DIPS.Mobile.UI/src/library/DIPS.Mobile.UI/DIPS.Mobile.UI.csproj::TargetFramework=net10.0-ios]
/Users/finstad/Documents/DIPS.Mobile.UI/src/library/DIPS.Mobile.UI/Components/TextFields/InputFields/SingleLineInputField.cs(277,17): warning CS0618: 'ViewExtensions.ScaleTo(VisualElement, double, uint, Easing?)' is obsolete: 'Please use ScaleToAsync instead.' [/Users/finstad/Documents/DIPS.Mobile.UI/src/library/DIPS.Mobile.UI/DIPS.Mobile.UI.csproj::TargetFramework=net10.0-ios]
/Users/finstad/Documents/DIPS.Mobile.UI/src/library/DIPS.Mobile.UI/Components/TextFields/InputFields/SingleLineInputField.cs(281,17): warning CS0618: 'ViewExtensions.ScaleTo(VisualElement, double, uint, Easing?)' is obsolete: 'Please use ScaleToAsync instead.' [/Users/finstad/Documents/DIPS.Mobile.UI/src/library/DIPS.Mobile.UI/DIPS.Mobile.UI.csproj::TargetFramework=net10.0-ios]
/Users/finstad/Documents/DIPS.Mobile.UI/src/library/DIPS.Mobile.UI/Components/TextFields/InputFields/SingleLineInputField.cs(299,26): warning CS0168: The variable 'e' is declared but never used [/Users/finstad/Documents/DIPS.Mobile.UI/src/library/DIPS.Mobile.UI/DIPS.Mobile.UI.csproj::TargetFramework=net10.0-ios]
/Users/finstad/Documents/DIPS.Mobile.UI/src/library/DIPS.Mobile.UI/API/Camera/ImageCapturing/Views/CameraZoom/ZoomButtons.cs(209,9): warning CS0618: 'ViewExtensions.ScaleTo(VisualElement, double, uint, Easing?)' is obsolete: 'Please use ScaleToAsync instead.' [/Users/finstad/Documents/DIPS.Mobile.UI/src/library/DIPS.Mobile.UI/DIPS.Mobile.UI.csproj::TargetFramework=net10.0-ios]
/Users/finstad/Documents/DIPS.Mobile.UI/src/library/DIPS.Mobile.UI/API/Camera/ImageCapturing/Views/CameraZoom/ZoomButtons.cs(217,9): warning CS0618: 'ViewExtensions.ScaleTo(VisualElement, double, uint, Easing?)' is obsolete: 'Please use ScaleToAsync instead.' [/Users/finstad/Documents/DIPS.Mobile.UI/src/library/DIPS.Mobile.UI/DIPS.Mobile.UI.csproj::TargetFramework=net10.0-ios]
/Users/finstad/Documents/DIPS.Mobile.UI/src/library/DIPS.Mobile.UI/API/Camera/Camera.cs(26,26): warning CS0168: The variable 'e' is declared but never used [/Users/finstad/Documents/DIPS.Mobile.UI/src/library/DIPS.Mobile.UI/DIPS.Mobile.UI.csproj::TargetFramework=net10.0-ios]
/Users/finstad/Documents/DIPS.Mobile.UI/src/library/DIPS.Mobile.UI/API/Camera/Camera.cs(59,44): warning CS0618: 'Application.MainPage.get' is obsolete: 'This property has been deprecated. For single-window applications, use Windows[0].Page. For multi-window applications, identify and use the appropriate Window object to access the desired Page. Additionally, each element features a Window property, accessible when it's part of the current window.' [/Users/finstad/Documents/DIPS.Mobile.UI/src/library/DIPS.Mobile.UI/DIPS.Mobile.UI.csproj::TargetFramework=net10.0-ios]
/Users/finstad/Documents/DIPS.Mobile.UI/src/library/DIPS.Mobile.UI/API/Camera/Camera.cs(65,15): warning CS0618: 'Application.MainPage.get' is obsolete: 'This property has been deprecated. For single-window applications, use Windows[0].Page. For multi-window applications, identify and use the appropriate Window object to access the desired Page. Additionally, each element features a Window property, accessible when it's part of the current window.' [/Users/finstad/Documents/DIPS.Mobile.UI/src/library/DIPS.Mobile.UI/DIPS.Mobile.UI.csproj::TargetFramework=net10.0-ios]
/Users/finstad/Documents/DIPS.Mobile.UI/src/library/DIPS.Mobile.UI/API/Camera/Camera.cs(79,44): warning CS0618: 'Application.MainPage.get' is obsolete: 'This property has been deprecated. For single-window applications, use Windows[0].Page. For multi-window applications, identify and use the appropriate Window object to access the desired Page. Additionally, each element features a Window property, accessible when it's part of the current window.' [/Users/finstad/Documents/DIPS.Mobile.UI/src/library/DIPS.Mobile.UI/DIPS.Mobile.UI.csproj::TargetFramework=net10.0-ios]
/Users/finstad/Documents/DIPS.Mobile.UI/src/library/DIPS.Mobile.UI/API/Camera/Camera.cs(81,19): warning CS0618: 'Application.MainPage.get' is obsolete: 'This property has been deprecated. For single-window applications, use Windows[0].Page. For multi-window applications, identify and use the appropriate Window object to access the desired Page. Additionally, each element features a Window property, accessible when it's part of the current window.' [/Users/finstad/Documents/DIPS.Mobile.UI/src/library/DIPS.Mobile.UI/DIPS.Mobile.UI.csproj::TargetFramework=net10.0-ios]
/Users/finstad/Documents/DIPS.Mobile.UI/src/library/DIPS.Mobile.UI/API/Camera/ImageCapturing/Views/CameraZoom/ZoomButtons.cs(73,17): warning CS0618: 'ViewExtensions.RotateTo(VisualElement, double, uint, Easing?)' is obsolete: 'Please use RotateToAsync instead.' [/Users/finstad/Documents/DIPS.Mobile.UI/src/library/DIPS.Mobile.UI/DIPS.Mobile.UI.csproj::TargetFramework=net10.0-ios]
/Users/finstad/Documents/DIPS.Mobile.UI/src/library/DIPS.Mobile.UI/Components/TextFields/InputFields/MultiLineInputField/MultiLineInputField.cs(52,12): warning CS8618: Non-nullable field 'm_activityIndicator' must contain a non-null value when exiting constructor. Consider adding the 'required' modifier or declaring the field as nullable. [/Users/finstad/Documents/DIPS.Mobile.UI/src/library/DIPS.Mobile.UI/DIPS.Mobile.UI.csproj::TargetFramework=net10.0-ios]
/Users/finstad/Documents/DIPS.Mobile.UI/src/library/DIPS.Mobile.UI/Components/Gallery/Gallery.cs(238,15): warning CS0618: 'ViewExtensions.FadeTo(VisualElement, double, uint, Easing?)' is obsolete: 'Please use FadeToAsync instead.' [/Users/finstad/Documents/DIPS.Mobile.UI/src/library/DIPS.Mobile.UI/DIPS.Mobile.UI.csproj::TargetFramework=net10.0-ios]
/Users/finstad/Documents/DIPS.Mobile.UI/src/library/DIPS.Mobile.UI/Components/Gallery/Gallery.cs(247,15): warning CS0618: 'ViewExtensions.FadeTo(VisualElement, double, uint, Easing?)' is obsolete: 'Please use FadeToAsync instead.' [/Users/finstad/Documents/DIPS.Mobile.UI/src/library/DIPS.Mobile.UI/DIPS.Mobile.UI.csproj::TargetFramework=net10.0-ios]
/Users/finstad/Documents/DIPS.Mobile.UI/src/library/DIPS.Mobile.UI/Components/Images/NativeIcon/iOS/NativeIconHandler.cs(12,62): warning CS0618: 'MauiImageView.MauiImageView()' is obsolete: 'Use MauiImageView(IImageHandler handler) instead.' [/Users/finstad/Documents/DIPS.Mobile.UI/src/library/DIPS.Mobile.UI/DIPS.Mobile.UI.csproj::TargetFramework=net10.0-ios]
/Users/finstad/Documents/DIPS.Mobile.UI/src/library/DIPS.Mobile.UI/Components/Images/ImageButton/iOS/IconTintColorHandler.cs(14,12): warning CS8618: Non-nullable field 'm_view' must contain a non-null value when exiting constructor. Consider adding the 'required' modifier or declaring the field as nullable. [/Users/finstad/Documents/DIPS.Mobile.UI/src/library/DIPS.Mobile.UI/DIPS.Mobile.UI.csproj::TargetFramework=net10.0-ios]
/Users/finstad/Documents/DIPS.Mobile.UI/src/library/DIPS.Mobile.UI/API/Camera/ImageCapturing/Views/CameraZoom/CameraZoomView.cs(114,17): warning CS0618: 'ViewExtensions.FadeTo(VisualElement, double, uint, Easing?)' is obsolete: 'Please use FadeToAsync instead.' [/Users/finstad/Documents/DIPS.Mobile.UI/src/library/DIPS.Mobile.UI/DIPS.Mobile.UI.csproj::TargetFramework=net10.0-ios]
/Users/finstad/Documents/DIPS.Mobile.UI/src/library/DIPS.Mobile.UI/API/Camera/ImageCapturing/Views/CameraZoom/CameraZoomView.cs(119,17): warning CS0618: 'ViewExtensions.FadeTo(VisualElement, double, uint, Easing?)' is obsolete: 'Please use FadeToAsync instead.' [/Users/finstad/Documents/DIPS.Mobile.UI/src/library/DIPS.Mobile.UI/DIPS.Mobile.UI.csproj::TargetFramework=net10.0-ios]
/Users/finstad/Documents/DIPS.Mobile.UI/src/library/DIPS.Mobile.UI/Components/Images/ImageButton/ImageButtonHandler.cs(5,12): warning CS8618: Non-nullable field 'm_iconTintColorHandler' must contain a non-null value when exiting constructor. Consider adding the 'required' modifier or declaring the field as nullable. [/Users/finstad/Documents/DIPS.Mobile.UI/src/library/DIPS.Mobile.UI/DIPS.Mobile.UI.csproj::TargetFramework=net10.0-ios]
/Users/finstad/Documents/DIPS.Mobile.UI/src/library/DIPS.Mobile.UI/API/Camera/ImageCapturing/Views/BottomToolbar/StreamingState/StreamingStateView.cs(47,9): warning CS0618: 'ViewExtensions.RotateTo(VisualElement, double, uint, Easing?)' is obsolete: 'Please use RotateToAsync instead.' [/Users/finstad/Documents/DIPS.Mobile.UI/src/library/DIPS.Mobile.UI/DIPS.Mobile.UI.csproj::TargetFramework=net10.0-ios]
/Users/finstad/Documents/DIPS.Mobile.UI/src/library/DIPS.Mobile.UI/API/Camera/ImageCapturing/Views/BottomToolbar/StreamingState/iOS/ShutterButton.cs(44,9): warning CS0618: 'ViewExtensions.ScaleTo(VisualElement, double, uint, Easing?)' is obsolete: 'Please use ScaleToAsync instead.' [/Users/finstad/Documents/DIPS.Mobile.UI/src/library/DIPS.Mobile.UI/DIPS.Mobile.UI.csproj::TargetFramework=net10.0-ios]
/Users/finstad/Documents/DIPS.Mobile.UI/src/library/DIPS.Mobile.UI/API/Camera/ImageCapturing/Views/BottomToolbar/StreamingState/iOS/ShutterButton.cs(55,9): warning CS0618: 'ViewExtensions.ScaleTo(VisualElement, double, uint, Easing?)' is obsolete: 'Please use ScaleToAsync instead.' [/Users/finstad/Documents/DIPS.Mobile.UI/src/library/DIPS.Mobile.UI/DIPS.Mobile.UI.csproj::TargetFramework=net10.0-ios]
/Users/finstad/Documents/DIPS.Mobile.UI/src/library/DIPS.Mobile.UI/API/Camera/ImageCapturing/Views/BottomToolbar/StreamingState/iOS/ShutterButton.cs(64,9): warning CS0618: 'ViewExtensions.ScaleTo(VisualElement, double, uint, Easing?)' is obsolete: 'Please use ScaleToAsync instead.' [/Users/finstad/Documents/DIPS.Mobile.UI/src/library/DIPS.Mobile.UI/DIPS.Mobile.UI.csproj::TargetFramework=net10.0-ios]
/Users/finstad/Documents/DIPS.Mobile.UI/src/library/DIPS.Mobile.UI/API/Camera/ImageCapturing/Views/BottomToolbar/StreamingState/iOS/ShutterButton.cs(79,13): warning CS0618: 'ViewExtensions.ScaleTo(VisualElement, double, uint, Easing?)' is obsolete: 'Please use ScaleToAsync instead.' [/Users/finstad/Documents/DIPS.Mobile.UI/src/library/DIPS.Mobile.UI/DIPS.Mobile.UI.csproj::TargetFramework=net10.0-ios]
/Users/finstad/Documents/DIPS.Mobile.UI/src/library/DIPS.Mobile.UI/Components/Images/Image/ImageHandler.cs(5,12): warning CS8618: Non-nullable field 'm_iconTintColorHandler' must contain a non-null value when exiting constructor. Consider adding the 'required' modifier or declaring the field as nullable. [/Users/finstad/Documents/DIPS.Mobile.UI/src/library/DIPS.Mobile.UI/DIPS.Mobile.UI.csproj::TargetFramework=net10.0-ios]
/Users/finstad/Documents/DIPS.Mobile.UI/src/library/DIPS.Mobile.UI/Components/TextFields/InputFields/MultiLineInputField/MultiLineInputField.cs(325,13): warning CS0618: 'ViewExtensions.FadeTo(VisualElement, double, uint, Easing?)' is obsolete: 'Please use FadeToAsync instead.' [/Users/finstad/Documents/DIPS.Mobile.UI/src/library/DIPS.Mobile.UI/DIPS.Mobile.UI.csproj::TargetFramework=net10.0-ios]
/Users/finstad/Documents/DIPS.Mobile.UI/src/library/DIPS.Mobile.UI/Components/TextFields/InputFields/MultiLineInputField/MultiLineInputField.cs(347,15): warning CS0618: 'ViewExtensions.FadeTo(VisualElement, double, uint, Easing?)' is obsolete: 'Please use FadeToAsync instead.' [/Users/finstad/Documents/DIPS.Mobile.UI/src/library/DIPS.Mobile.UI/DIPS.Mobile.UI.csproj::TargetFramework=net10.0-ios]
/Users/finstad/Documents/DIPS.Mobile.UI/src/library/DIPS.Mobile.UI/Components/TextFields/InputFields/MultiLineInputField/MultiLineInputField.cs(393,9): warning CS0618: 'ViewExtensions.FadeTo(VisualElement, double, uint, Easing?)' is obsolete: 'Please use FadeToAsync instead.' [/Users/finstad/Documents/DIPS.Mobile.UI/src/library/DIPS.Mobile.UI/DIPS.Mobile.UI.csproj::TargetFramework=net10.0-ios]
/Users/finstad/Documents/DIPS.Mobile.UI/src/library/DIPS.Mobile.UI/Components/TextFields/InputFields/MultiLineInputField/MultiLineInputField.cs(398,9): warning CS0618: 'ViewExtensions.FadeTo(VisualElement, double, uint, Easing?)' is obsolete: 'Please use FadeToAsync instead.' [/Users/finstad/Documents/DIPS.Mobile.UI/src/library/DIPS.Mobile.UI/DIPS.Mobile.UI.csproj::TargetFramework=net10.0-ios]
/Users/finstad/Documents/DIPS.Mobile.UI/src/library/DIPS.Mobile.UI/API/Camera/ImageCapturing/iOS/UIImageOrientationExtensions.cs(11,127): warning CS8509: The switch expression does not handle all possible values of its input type (it is not exhaustive). For example, the pattern 'UIKit.UIImageOrientation.UpMirrored' is not covered. [/Users/finstad/Documents/DIPS.Mobile.UI/src/library/DIPS.Mobile.UI/DIPS.Mobile.UI.csproj::TargetFramework=net10.0-ios]
/Users/finstad/Documents/DIPS.Mobile.UI/src/library/DIPS.Mobile.UI/API/Camera/ImageCapturing/iOS/UIImageOrientationExtensions.cs(22,123): warning CS8509: The switch expression does not handle all possible values of its input type (it is not exhaustive). For example, the pattern 'UIKit.UIImageOrientation.UpMirrored' is not covered. [/Users/finstad/Documents/DIPS.Mobile.UI/src/library/DIPS.Mobile.UI/DIPS.Mobile.UI.csproj::TargetFramework=net10.0-ios]
/Users/finstad/Documents/DIPS.Mobile.UI/src/library/DIPS.Mobile.UI/API/Camera/ImageCapturing/iOS/UIImageOrientationExtensions.cs(30,122): warning CS8524: The switch expression does not handle some values of its input type (it is not exhaustive) involving an unnamed enum value. For example, the pattern '(DIPS.Mobile.UI.API.Library.OrientationDegree)4' is not covered. [/Users/finstad/Documents/DIPS.Mobile.UI/src/library/DIPS.Mobile.UI/DIPS.Mobile.UI.csproj::TargetFramework=net10.0-ios]
/Users/finstad/Documents/DIPS.Mobile.UI/src/library/DIPS.Mobile.UI/API/Camera/ImageCapturing/iOS/ImageCapture.cs(226,29): warning CS8625: Cannot convert null literal to non-nullable reference type. [/Users/finstad/Documents/DIPS.Mobile.UI/src/library/DIPS.Mobile.UI/DIPS.Mobile.UI.csproj::TargetFramework=net10.0-ios]
/Users/finstad/Documents/DIPS.Mobile.UI/src/library/DIPS.Mobile.UI/API/Camera/BarcodeScanning/BarcodeScanRectangleOverlay.cs(473,15): warning CS0618: 'ViewExtensions.TranslateTo(VisualElement, double, double, uint, Easing?)' is obsolete: 'Please use TranslateToAsync instead.' [/Users/finstad/Documents/DIPS.Mobile.UI/src/library/DIPS.Mobile.UI/DIPS.Mobile.UI.csproj::TargetFramework=net10.0-ios]
/Users/finstad/Documents/DIPS.Mobile.UI/src/library/DIPS.Mobile.UI/API/Camera/BarcodeScanning/BarcodeScanRectangleOverlay.cs(474,15): warning CS0618: 'ViewExtensions.TranslateTo(VisualElement, double, double, uint, Easing?)' is obsolete: 'Please use TranslateToAsync instead.' [/Users/finstad/Documents/DIPS.Mobile.UI/src/library/DIPS.Mobile.UI/DIPS.Mobile.UI.csproj::TargetFramework=net10.0-ios]
/Users/finstad/Documents/DIPS.Mobile.UI/src/library/DIPS.Mobile.UI/API/Camera/BarcodeScanning/BarcodeScanRectangleOverlay.cs(475,15): warning CS0618: 'ViewExtensions.TranslateTo(VisualElement, double, double, uint, Easing?)' is obsolete: 'Please use TranslateToAsync instead.' [/Users/finstad/Documents/DIPS.Mobile.UI/src/library/DIPS.Mobile.UI/DIPS.Mobile.UI.csproj::TargetFramework=net10.0-ios]
/Users/finstad/Documents/DIPS.Mobile.UI/src/library/DIPS.Mobile.UI/API/Camera/BarcodeScanning/BarcodeScanRectangleOverlay.cs(476,15): warning CS0618: 'ViewExtensions.TranslateTo(VisualElement, double, double, uint, Easing?)' is obsolete: 'Please use TranslateToAsync instead.' [/Users/finstad/Documents/DIPS.Mobile.UI/src/library/DIPS.Mobile.UI/DIPS.Mobile.UI.csproj::TargetFramework=net10.0-ios]
/Users/finstad/Documents/DIPS.Mobile.UI/src/library/DIPS.Mobile.UI/API/Camera/ImageCapturing/ImageCapture.cs(115,15): warning CS0618: 'ViewExtensions.FadeTo(VisualElement, double, uint, Easing?)' is obsolete: 'Please use FadeToAsync instead.' [/Users/finstad/Documents/DIPS.Mobile.UI/src/library/DIPS.Mobile.UI/DIPS.Mobile.UI.csproj::TargetFramework=net10.0-ios]
/Users/finstad/Documents/DIPS.Mobile.UI/src/library/DIPS.Mobile.UI/API/Camera/ImageCapturing/ImageCapture.cs(116,15): warning CS0618: 'ViewExtensions.FadeTo(VisualElement, double, uint, Easing?)' is obsolete: 'Please use FadeToAsync instead.' [/Users/finstad/Documents/DIPS.Mobile.UI/src/library/DIPS.Mobile.UI/DIPS.Mobile.UI.csproj::TargetFramework=net10.0-ios]
/Users/finstad/Documents/DIPS.Mobile.UI/src/library/DIPS.Mobile.UI/Components/Loading/StateView/StateViewModel.cs(15,12): warning CS8618: Non-nullable property 'RefreshCommand' must contain a non-null value when exiting constructor. Consider adding the 'required' modifier or declaring the property as nullable. [/Users/finstad/Documents/DIPS.Mobile.UI/src/library/DIPS.Mobile.UI/DIPS.Mobile.UI.csproj::TargetFramework=net10.0-ios]
/Users/finstad/Documents/DIPS.Mobile.UI/src/library/DIPS.Mobile.UI/Components/ListItems/Extensions/LoadableListItem.cs(234,19): warning CS0618: 'ViewExtensions.FadeTo(VisualElement, double, uint, Easing?)' is obsolete: 'Please use FadeToAsync instead.' [/Users/finstad/Documents/DIPS.Mobile.UI/src/library/DIPS.Mobile.UI/DIPS.Mobile.UI.csproj::TargetFramework=net10.0-ios]
/Users/finstad/Documents/DIPS.Mobile.UI/src/library/DIPS.Mobile.UI/Components/ListItems/Extensions/LoadableListItem.cs(243,19): warning CS0618: 'ViewExtensions.FadeTo(VisualElement, double, uint, Easing?)' is obsolete: 'Please use FadeToAsync instead.' [/Users/finstad/Documents/DIPS.Mobile.UI/src/library/DIPS.Mobile.UI/DIPS.Mobile.UI.csproj::TargetFramework=net10.0-ios]
/Users/finstad/Documents/DIPS.Mobile.UI/src/library/DIPS.Mobile.UI/Components/ListItems/ListItem.Properties.cs(192,16): warning CS0618: 'ListItem.AutoDivider' is obsolete: 'Use Layout.AutoHideLastDivider instead' [/Users/finstad/Documents/DIPS.Mobile.UI/src/library/DIPS.Mobile.UI/DIPS.Mobile.UI.csproj::TargetFramework=net10.0-ios]
/Users/finstad/Documents/DIPS.Mobile.UI/src/library/DIPS.Mobile.UI/Components/ListItems/ListItem.cs(36,12): warning CS8618: Non-nullable field 'm_oldInLineContent' must contain a non-null value when exiting constructor. Consider adding the 'required' modifier or declaring the field as nullable. [/Users/finstad/Documents/DIPS.Mobile.UI/src/library/DIPS.Mobile.UI/DIPS.Mobile.UI.csproj::TargetFramework=net10.0-ios]
/Users/finstad/Documents/DIPS.Mobile.UI/src/library/DIPS.Mobile.UI/API/Camera/ImageCapturing/ImageCapture.StreamingState.cs(45,13): warning CS0618: 'DialogService.ShowMessage(string, string, string)' is obsolete: 'Will be removed, use ShowMessage(Action<IDialogConfigurator> configurator) instead.' [/Users/finstad/Documents/DIPS.Mobile.UI/src/library/DIPS.Mobile.UI/DIPS.Mobile.UI.csproj::TargetFramework=net10.0-ios]
/Users/finstad/Documents/DIPS.Mobile.UI/src/library/DIPS.Mobile.UI/API/Camera/BarcodeScanning/BarcodeScanProgressView.cs(76,13): warning CS0618: 'ViewExtensions.ScaleTo(VisualElement, double, uint, Easing?)' is obsolete: 'Please use ScaleToAsync instead.' [/Users/finstad/Documents/DIPS.Mobile.UI/src/library/DIPS.Mobile.UI/DIPS.Mobile.UI.csproj::TargetFramework=net10.0-ios]
/Users/finstad/Documents/DIPS.Mobile.UI/src/library/DIPS.Mobile.UI/API/Camera/BarcodeScanning/BarcodeScanProgressView.cs(77,13): warning CS0618: 'ViewExtensions.TranslateTo(VisualElement, double, double, uint, Easing?)' is obsolete: 'Please use TranslateToAsync instead.' [/Users/finstad/Documents/DIPS.Mobile.UI/src/library/DIPS.Mobile.UI/DIPS.Mobile.UI.csproj::TargetFramework=net10.0-ios]
/Users/finstad/Documents/DIPS.Mobile.UI/src/library/DIPS.Mobile.UI/API/Camera/BarcodeScanning/BarcodeScanProgressView.cs(80,13): warning CS0618: 'ViewExtensions.ScaleTo(VisualElement, double, uint, Easing?)' is obsolete: 'Please use ScaleToAsync instead.' [/Users/finstad/Documents/DIPS.Mobile.UI/src/library/DIPS.Mobile.UI/DIPS.Mobile.UI.csproj::TargetFramework=net10.0-ios]
/Users/finstad/Documents/DIPS.Mobile.UI/src/library/DIPS.Mobile.UI/API/Camera/BarcodeScanning/BarcodeScanProgressView.cs(81,13): warning CS0618: 'ViewExtensions.TranslateTo(VisualElement, double, double, uint, Easing?)' is obsolete: 'Please use TranslateToAsync instead.' [/Users/finstad/Documents/DIPS.Mobile.UI/src/library/DIPS.Mobile.UI/DIPS.Mobile.UI.csproj::TargetFramework=net10.0-ios]
/Users/finstad/Documents/DIPS.Mobile.UI/src/library/DIPS.Mobile.UI/API/Camera/BarcodeScanning/BarcodeScanProgressView.cs(84,13): warning CS0618: 'ViewExtensions.ScaleTo(VisualElement, double, uint, Easing?)' is obsolete: 'Please use ScaleToAsync instead.' [/Users/finstad/Documents/DIPS.Mobile.UI/src/library/DIPS.Mobile.UI/DIPS.Mobile.UI.csproj::TargetFramework=net10.0-ios]
/Users/finstad/Documents/DIPS.Mobile.UI/src/library/DIPS.Mobile.UI/API/Camera/BarcodeScanning/BarcodeScanProgressView.cs(85,13): warning CS0618: 'ViewExtensions.TranslateTo(VisualElement, double, double, uint, Easing?)' is obsolete: 'Please use TranslateToAsync instead.' [/Users/finstad/Documents/DIPS.Mobile.UI/src/library/DIPS.Mobile.UI/DIPS.Mobile.UI.csproj::TargetFramework=net10.0-ios]
/Users/finstad/Documents/DIPS.Mobile.UI/src/library/DIPS.Mobile.UI/API/Camera/BarcodeScanning/BarcodeScanProgressView.cs(91,13): warning CS0618: 'ViewExtensions.ScaleTo(VisualElement, double, uint, Easing?)' is obsolete: 'Please use ScaleToAsync instead.' [/Users/finstad/Documents/DIPS.Mobile.UI/src/library/DIPS.Mobile.UI/DIPS.Mobile.UI.csproj::TargetFramework=net10.0-ios]
/Users/finstad/Documents/DIPS.Mobile.UI/src/library/DIPS.Mobile.UI/API/Camera/BarcodeScanning/BarcodeScanProgressView.cs(92,13): warning CS0618: 'ViewExtensions.FadeTo(VisualElement, double, uint, Easing?)' is obsolete: 'Please use FadeToAsync instead.' [/Users/finstad/Documents/DIPS.Mobile.UI/src/library/DIPS.Mobile.UI/DIPS.Mobile.UI.csproj::TargetFramework=net10.0-ios]
/Users/finstad/Documents/DIPS.Mobile.UI/src/library/DIPS.Mobile.UI/API/Camera/BarcodeScanning/BarcodeScanProgressView.cs(94,13): warning CS0618: 'ViewExtensions.ScaleTo(VisualElement, double, uint, Easing?)' is obsolete: 'Please use ScaleToAsync instead.' [/Users/finstad/Documents/DIPS.Mobile.UI/src/library/DIPS.Mobile.UI/DIPS.Mobile.UI.csproj::TargetFramework=net10.0-ios]
/Users/finstad/Documents/DIPS.Mobile.UI/src/library/DIPS.Mobile.UI/API/Camera/BarcodeScanning/BarcodeScanProgressView.cs(95,13): warning CS0618: 'ViewExtensions.FadeTo(VisualElement, double, uint, Easing?)' is obsolete: 'Please use FadeToAsync instead.' [/Users/finstad/Documents/DIPS.Mobile.UI/src/library/DIPS.Mobile.UI/DIPS.Mobile.UI.csproj::TargetFramework=net10.0-ios]
/Users/finstad/Documents/DIPS.Mobile.UI/src/library/DIPS.Mobile.UI/Components/Loading/StateView/StateView.cs(99,27): warning CS0618: 'ViewExtensions.FadeTo(VisualElement, double, uint, Easing?)' is obsolete: 'Please use FadeToAsync instead.' [/Users/finstad/Documents/DIPS.Mobile.UI/src/library/DIPS.Mobile.UI/DIPS.Mobile.UI.csproj::TargetFramework=net10.0-ios]
/Users/finstad/Documents/DIPS.Mobile.UI/src/library/DIPS.Mobile.UI/Components/Loading/StateView/StateView.cs(114,27): warning CS0618: 'ViewExtensions.FadeTo(VisualElement, double, uint, Easing?)' is obsolete: 'Please use FadeToAsync instead.' [/Users/finstad/Documents/DIPS.Mobile.UI/src/library/DIPS.Mobile.UI/DIPS.Mobile.UI.csproj::TargetFramework=net10.0-ios]
/Users/finstad/Documents/DIPS.Mobile.UI/src/library/DIPS.Mobile.UI/Components/ListItems/ListItem.cs(206,40): warning CS0618: 'ListItem.AutoDivider' is obsolete: 'Use Layout.AutoHideLastDivider instead' [/Users/finstad/Documents/DIPS.Mobile.UI/src/library/DIPS.Mobile.UI/DIPS.Mobile.UI.csproj::TargetFramework=net10.0-ios]
/Users/finstad/Documents/DIPS.Mobile.UI/src/library/DIPS.Mobile.UI/Components/Navigation/FloatingNavigationButton/NavigationMenuButton/NavigationMenuButton.cs(97,9): warning CS0618: 'ViewExtensions.RotateTo(VisualElement, double, uint, Easing?)' is obsolete: 'Please use RotateToAsync instead.' [/Users/finstad/Documents/DIPS.Mobile.UI/src/library/DIPS.Mobile.UI/DIPS.Mobile.UI.csproj::TargetFramework=net10.0-ios]
/Users/finstad/Documents/DIPS.Mobile.UI/src/library/DIPS.Mobile.UI/Components/Loading/Skeleton/SkeletonView.cs(54,21): warning CS0618: 'ViewExtensions.FadeTo(VisualElement, double, uint, Easing?)' is obsolete: 'Please use FadeToAsync instead.' [/Users/finstad/Documents/DIPS.Mobile.UI/src/library/DIPS.Mobile.UI/DIPS.Mobile.UI.csproj::TargetFramework=net10.0-ios]
/Users/finstad/Documents/DIPS.Mobile.UI/src/library/DIPS.Mobile.UI/Components/Loading/Skeleton/SkeletonView.cs(58,19): warning CS0618: 'ViewExtensions.FadeTo(VisualElement, double, uint, Easing?)' is obsolete: 'Please use FadeToAsync instead.' [/Users/finstad/Documents/DIPS.Mobile.UI/src/library/DIPS.Mobile.UI/DIPS.Mobile.UI.csproj::TargetFramework=net10.0-ios]
/Users/finstad/Documents/DIPS.Mobile.UI/src/library/DIPS.Mobile.UI/Components/Loading/Skeleton/SkeletonView.cs(69,17): warning CS0618: 'ViewExtensions.FadeTo(VisualElement, double, uint, Easing?)' is obsolete: 'Please use FadeToAsync instead.' [/Users/finstad/Documents/DIPS.Mobile.UI/src/library/DIPS.Mobile.UI/DIPS.Mobile.UI.csproj::TargetFramework=net10.0-ios]
/Users/finstad/Documents/DIPS.Mobile.UI/src/library/DIPS.Mobile.UI/Components/Loading/Skeleton/SkeletonView.cs(70,17): warning CS0618: 'ViewExtensions.FadeTo(VisualElement, double, uint, Easing?)' is obsolete: 'Please use FadeToAsync instead.' [/Users/finstad/Documents/DIPS.Mobile.UI/src/library/DIPS.Mobile.UI/DIPS.Mobile.UI.csproj::TargetFramework=net10.0-ios]
/Users/finstad/Documents/DIPS.Mobile.UI/src/library/DIPS.Mobile.UI/Components/Text/AutoScrollingTextView/AutoScrollingTextView.cs(83,15): warning CS0618: 'ViewExtensions.FadeTo(VisualElement, double, uint, Easing?)' is obsolete: 'Please use FadeToAsync instead.' [/Users/finstad/Documents/DIPS.Mobile.UI/src/library/DIPS.Mobile.UI/DIPS.Mobile.UI.csproj::TargetFramework=net10.0-ios]
/Users/finstad/Documents/DIPS.Mobile.UI/src/library/DIPS.Mobile.UI/Components/Navigation/FloatingNavigationButton/FloatingNavigationButton.cs(73,19): warning CS0618: 'ViewExtensions.FadeTo(VisualElement, double, uint, Easing?)' is obsolete: 'Please use FadeToAsync instead.' [/Users/finstad/Documents/DIPS.Mobile.UI/src/library/DIPS.Mobile.UI/DIPS.Mobile.UI.csproj::TargetFramework=net10.0-ios]
/Users/finstad/Documents/DIPS.Mobile.UI/src/library/DIPS.Mobile.UI/Components/Navigation/FloatingNavigationButton/FloatingNavigationButton.cs(87,19): warning CS0618: 'ViewExtensions.FadeTo(VisualElement, double, uint, Easing?)' is obsolete: 'Please use FadeToAsync instead.' [/Users/finstad/Documents/DIPS.Mobile.UI/src/library/DIPS.Mobile.UI/DIPS.Mobile.UI.csproj::TargetFramework=net10.0-ios]
/Users/finstad/Documents/DIPS.Mobile.UI/src/library/DIPS.Mobile.UI/Components/Labels/CheckTruncatedLabel/iOS/CheckTruncatedLabelHandler.cs(9,34): warning CS8604: Possible null reference argument for parameter 'label' in 'MauiLabel.MauiLabel(CheckTruncatedLabel label)'. [/Users/finstad/Documents/DIPS.Mobile.UI/src/library/DIPS.Mobile.UI/DIPS.Mobile.UI.csproj::TargetFramework=net10.0-ios]
/Users/finstad/Documents/DIPS.Mobile.UI/src/library/DIPS.Mobile.UI/Components/Navigation/FloatingNavigationButton/FloatingNavigationButton.cs(261,9): warning CS0618: 'ViewExtensions.FadeTo(VisualElement, double, uint, Easing?)' is obsolete: 'Please use FadeToAsync instead.' [/Users/finstad/Documents/DIPS.Mobile.UI/src/library/DIPS.Mobile.UI/DIPS.Mobile.UI.csproj::TargetFramework=net10.0-ios]
/Users/finstad/Documents/DIPS.Mobile.UI/src/library/DIPS.Mobile.UI/Components/Navigation/FloatingNavigationButton/FloatingNavigationButton.cs(262,9): warning CS0618: 'ViewExtensions.TranslateTo(VisualElement, double, double, uint, Easing?)' is obsolete: 'Please use TranslateToAsync instead.' [/Users/finstad/Documents/DIPS.Mobile.UI/src/library/DIPS.Mobile.UI/DIPS.Mobile.UI.csproj::TargetFramework=net10.0-ios]
/Users/finstad/Documents/DIPS.Mobile.UI/src/library/DIPS.Mobile.UI/Components/Navigation/FloatingNavigationButton/FloatingNavigationButton.cs(263,9): warning CS0618: 'ViewExtensions.ScaleTo(VisualElement, double, uint, Easing?)' is obsolete: 'Please use ScaleToAsync instead.' [/Users/finstad/Documents/DIPS.Mobile.UI/src/library/DIPS.Mobile.UI/DIPS.Mobile.UI.csproj::TargetFramework=net10.0-ios]
/Users/finstad/Documents/DIPS.Mobile.UI/src/library/DIPS.Mobile.UI/Components/Navigation/FloatingNavigationButton/FloatingNavigationButton.cs(270,13): warning CS0618: 'ViewExtensions.FadeTo(VisualElement, double, uint, Easing?)' is obsolete: 'Please use FadeToAsync instead.' [/Users/finstad/Documents/DIPS.Mobile.UI/src/library/DIPS.Mobile.UI/DIPS.Mobile.UI.csproj::TargetFramework=net10.0-ios]
/Users/finstad/Documents/DIPS.Mobile.UI/src/library/DIPS.Mobile.UI/Components/Navigation/FloatingNavigationButton/FloatingNavigationButton.cs(271,15): warning CS0618: 'ViewExtensions.TranslateTo(VisualElement, double, double, uint, Easing?)' is obsolete: 'Please use TranslateToAsync instead.' [/Users/finstad/Documents/DIPS.Mobile.UI/src/library/DIPS.Mobile.UI/DIPS.Mobile.UI.csproj::TargetFramework=net10.0-ios]
/Users/finstad/Documents/DIPS.Mobile.UI/src/library/DIPS.Mobile.UI/Components/Loading/LoadingOverlay/LoadingOverlay.cs(77,17): warning CS0618: 'ViewExtensions.FadeTo(VisualElement, double, uint, Easing?)' is obsolete: 'Please use FadeToAsync instead.' [/Users/finstad/Documents/DIPS.Mobile.UI/src/library/DIPS.Mobile.UI/DIPS.Mobile.UI.csproj::TargetFramework=net10.0-ios]
/Users/finstad/Documents/DIPS.Mobile.UI/src/library/DIPS.Mobile.UI/Components/Loading/LoadingOverlay/LoadingOverlay.cs(78,25): warning CS0618: 'ViewExtensions.FadeTo(VisualElement, double, uint, Easing?)' is obsolete: 'Please use FadeToAsync instead.' [/Users/finstad/Documents/DIPS.Mobile.UI/src/library/DIPS.Mobile.UI/DIPS.Mobile.UI.csproj::TargetFramework=net10.0-ios]
/Users/finstad/Documents/DIPS.Mobile.UI/src/library/DIPS.Mobile.UI/Components/Loading/LoadingOverlay/LoadingOverlay.cs(82,25): warning CS0618: 'ViewExtensions.FadeTo(VisualElement, double, uint, Easing?)' is obsolete: 'Please use FadeToAsync instead.' [/Users/finstad/Documents/DIPS.Mobile.UI/src/library/DIPS.Mobile.UI/DIPS.Mobile.UI.csproj::TargetFramework=net10.0-ios]
/Users/finstad/Documents/DIPS.Mobile.UI/src/library/DIPS.Mobile.UI/Components/Loading/LoadingOverlay/LoadingOverlay.cs(83,19): warning CS0618: 'ViewExtensions.FadeTo(VisualElement, double, uint, Easing?)' is obsolete: 'Please use FadeToAsync instead.' [/Users/finstad/Documents/DIPS.Mobile.UI/src/library/DIPS.Mobile.UI/DIPS.Mobile.UI.csproj::TargetFramework=net10.0-ios]
/Users/finstad/Documents/DIPS.Mobile.UI/src/library/DIPS.Mobile.UI/API/Camera/Gallery/ImageThumbnailView/ImageThumbnailView.cs(64,42): warning CS0618: 'DialogService.ShowDestructiveConfirmationMessage(string, string, string, string)' is obsolete: 'Will be removed, use ShowMessage(Action<IDialogConfigurator> configurator) instead.' [/Users/finstad/Documents/DIPS.Mobile.UI/src/library/DIPS.Mobile.UI/DIPS.Mobile.UI.csproj::TargetFramework=net10.0-ios]
/Users/finstad/Documents/DIPS.Mobile.UI/src/library/DIPS.Mobile.UI/API/Camera/ImageCapturing/BottomSheets/ImageCaptureSettingsBottomSheet.cs(108,17): warning CS0618: 'DialogService.ShowMessage(string, string, string)' is obsolete: 'Will be removed, use ShowMessage(Action<IDialogConfigurator> configurator) instead.' [/Users/finstad/Documents/DIPS.Mobile.UI/src/library/DIPS.Mobile.UI/DIPS.Mobile.UI.csproj::TargetFramework=net10.0-ios]
/Users/finstad/Documents/DIPS.Mobile.UI/src/library/DIPS.Mobile.UI/Components/Pages/ContentSavePage/ContentSavePage.cs(22,15): warning CS0618: 'ViewExtensions.FadeTo(VisualElement, double, uint, Easing?)' is obsolete: 'Please use FadeToAsync instead.' [/Users/finstad/Documents/DIPS.Mobile.UI/src/library/DIPS.Mobile.UI/DIPS.Mobile.UI.csproj::TargetFramework=net10.0-ios]
/Users/finstad/Documents/DIPS.Mobile.UI/src/library/DIPS.Mobile.UI/Components/Pages/ContentSavePage/ContentSavePage.cs(28,13): warning CS0618: 'ViewExtensions.FadeTo(VisualElement, double, uint, Easing?)' is obsolete: 'Please use FadeToAsync instead.' [/Users/finstad/Documents/DIPS.Mobile.UI/src/library/DIPS.Mobile.UI/DIPS.Mobile.UI.csproj::TargetFramework=net10.0-ios]
/Users/finstad/Documents/DIPS.Mobile.UI/src/library/DIPS.Mobile.UI/Components/Pages/ContentSavePage/ContentSavePage.cs(33,15): warning CS0618: 'ViewExtensions.FadeTo(VisualElement, double, uint, Easing?)' is obsolete: 'Please use FadeToAsync instead.' [/Users/finstad/Documents/DIPS.Mobile.UI/src/library/DIPS.Mobile.UI/DIPS.Mobile.UI.csproj::TargetFramework=net10.0-ios]
/Users/finstad/Documents/DIPS.Mobile.UI/src/library/DIPS.Mobile.UI/Components/Pages/ContentSavePage/ContentSavePage.cs(37,13): warning CS0618: 'ViewExtensions.FadeTo(VisualElement, double, uint, Easing?)' is obsolete: 'Please use FadeToAsync instead.' [/Users/finstad/Documents/DIPS.Mobile.UI/src/library/DIPS.Mobile.UI/DIPS.Mobile.UI.csproj::TargetFramework=net10.0-ios]
/Users/finstad/Documents/DIPS.Mobile.UI/src/library/DIPS.Mobile.UI/Components/Pickers/TimePicker/TimePicker.cs(40,17): warning CS8625: Cannot convert null literal to non-nullable reference type. [/Users/finstad/Documents/DIPS.Mobile.UI/src/library/DIPS.Mobile.UI/DIPS.Mobile.UI.csproj::TargetFramework=net10.0-ios]
/Users/finstad/Documents/DIPS.Mobile.UI/src/library/DIPS.Mobile.UI/Components/Pickers/TimePicker/TimePicker.cs(40,23): warning CS8625: Cannot convert null literal to non-nullable reference type. [/Users/finstad/Documents/DIPS.Mobile.UI/src/library/DIPS.Mobile.UI/DIPS.Mobile.UI.csproj::TargetFramework=net10.0-ios]
/Users/finstad/Documents/DIPS.Mobile.UI/src/library/DIPS.Mobile.UI/Components/Pages/ContentPage.cs(23,16): warning CS8618: Non-nullable field 'm_loadedTimer' must contain a non-null value when exiting constructor. Consider adding the 'required' modifier or declaring the field as nullable. [/Users/finstad/Documents/DIPS.Mobile.UI/src/library/DIPS.Mobile.UI/DIPS.Mobile.UI.csproj::TargetFramework=net10.0-ios]
/Users/finstad/Documents/DIPS.Mobile.UI/src/library/DIPS.Mobile.UI/API/Camera/ImageCapturing/CapturedImage.cs(85,15): warning CS0618: 'ViewExtensions.RotateTo(VisualElement, double, uint, Easing?)' is obsolete: 'Please use RotateToAsync instead.' [/Users/finstad/Documents/DIPS.Mobile.UI/src/library/DIPS.Mobile.UI/DIPS.Mobile.UI.csproj::TargetFramework=net10.0-ios]
/Users/finstad/Documents/DIPS.Mobile.UI/src/library/DIPS.Mobile.UI/API/Camera/Gallery/BottomSheet/GalleryBottomSheet.cs(63,36): warning CS8602: Dereference of a possibly null reference. [/Users/finstad/Documents/DIPS.Mobile.UI/src/library/DIPS.Mobile.UI/DIPS.Mobile.UI.csproj::TargetFramework=net10.0-ios]
/Users/finstad/Documents/DIPS.Mobile.UI/src/library/DIPS.Mobile.UI/API/Camera/Gallery/BottomSheet/GalleryBottomSheet.cs(56,12): warning CS8618: Non-nullable field 'm_currentlyRotatedCaptureImageDisplayed' must contain a non-null value when exiting constructor. Consider adding the 'required' modifier or declaring the field as nullable. [/Users/finstad/Documents/DIPS.Mobile.UI/src/library/DIPS.Mobile.UI/DIPS.Mobile.UI.csproj::TargetFramework=net10.0-ios]
/Users/finstad/Documents/DIPS.Mobile.UI/src/library/DIPS.Mobile.UI/API/Camera/Gallery/BottomSheet/GalleryBottomSheet.cs(56,12): warning CS8618: Non-nullable field 'm_currentlyCapturedImageDisplayed' must contain a non-null value when exiting constructor. Consider adding the 'required' modifier or declaring the field as nullable. [/Users/finstad/Documents/DIPS.Mobile.UI/src/library/DIPS.Mobile.UI/DIPS.Mobile.UI.csproj::TargetFramework=net10.0-ios]
/Users/finstad/Documents/DIPS.Mobile.UI/src/library/DIPS.Mobile.UI/API/Camera/Gallery/BottomSheet/GalleryBottomSheet.cs(56,12): warning CS8618: Non-nullable field 'm_currentlyRotatedImageDisplayed' must contain a non-null value when exiting constructor. Consider adding the 'required' modifier or declaring the field as nullable. [/Users/finstad/Documents/DIPS.Mobile.UI/src/library/DIPS.Mobile.UI/DIPS.Mobile.UI.csproj::TargetFramework=net10.0-ios]
/Users/finstad/Documents/DIPS.Mobile.UI/src/library/DIPS.Mobile.UI/API/Camera/Gallery/BottomSheet/GalleryBottomSheet.cs(56,12): warning CS8618: Non-nullable field 'm_images' must contain a non-null value when exiting constructor. Consider adding the 'required' modifier or declaring the field as nullable. [/Users/finstad/Documents/DIPS.Mobile.UI/src/library/DIPS.Mobile.UI/DIPS.Mobile.UI.csproj::TargetFramework=net10.0-ios]
/Users/finstad/Documents/DIPS.Mobile.UI/src/library/DIPS.Mobile.UI/Components/TabView/TabView.cs(22,29): warning CS8602: Dereference of a possibly null reference. [/Users/finstad/Documents/DIPS.Mobile.UI/src/library/DIPS.Mobile.UI/DIPS.Mobile.UI.csproj::TargetFramework=net10.0-ios]
/Users/finstad/Documents/DIPS.Mobile.UI/src/library/DIPS.Mobile.UI/API/Camera/Gallery/BottomSheet/GalleryBottomSheet.cs(185,34): warning CS0618: 'DialogService.ShowDestructiveConfirmationMessage(string, string, string, string)' is obsolete: 'Will be removed, use ShowMessage(Action<IDialogConfigurator> configurator) instead.' [/Users/finstad/Documents/DIPS.Mobile.UI/src/library/DIPS.Mobile.UI/DIPS.Mobile.UI.csproj::TargetFramework=net10.0-ios]
/Users/finstad/Documents/DIPS.Mobile.UI/src/library/DIPS.Mobile.UI/Components/Pages/ContentPage.cs(210,28): warning CS8604: Possible null reference argument for parameter 'view' in 'UIView ElementExtensions.ToPlatform(IElement view, IMauiContext context)'. [/Users/finstad/Documents/DIPS.Mobile.UI/src/library/DIPS.Mobile.UI/DIPS.Mobile.UI.csproj::TargetFramework=net10.0-ios]
/Users/finstad/Documents/DIPS.Mobile.UI/src/library/DIPS.Mobile.UI/Components/Tabs/iOS/Tab.cs(14,16): warning CS8618: Non-nullable field 'm_titleLabel' must contain a non-null value when exiting constructor. Consider adding the 'required' modifier or declaring the field as nullable. [/Users/finstad/Documents/DIPS.Mobile.UI/src/library/DIPS.Mobile.UI/DIPS.Mobile.UI.csproj::TargetFramework=net10.0-ios]
/Users/finstad/Documents/DIPS.Mobile.UI/src/library/DIPS.Mobile.UI/Components/Tabs/iOS/Tab.cs(14,16): warning CS8618: Non-nullable field 'm_counterLabel' must contain a non-null value when exiting constructor. Consider adding the 'required' modifier or declaring the field as nullable. [/Users/finstad/Documents/DIPS.Mobile.UI/src/library/DIPS.Mobile.UI/DIPS.Mobile.UI.csproj::TargetFramework=net10.0-ios]
/Users/finstad/Documents/DIPS.Mobile.UI/src/library/DIPS.Mobile.UI/Components/Tabs/iOS/Tab.cs(14,16): warning CS8618: Non-nullable field 'm_border' must contain a non-null value when exiting constructor. Consider adding the 'required' modifier or declaring the field as nullable. [/Users/finstad/Documents/DIPS.Mobile.UI/src/library/DIPS.Mobile.UI/DIPS.Mobile.UI.csproj::TargetFramework=net10.0-ios]
/Users/finstad/Documents/DIPS.Mobile.UI/src/library/DIPS.Mobile.UI/Components/Pages/iOS/ContentPage.toolbar.cs(178,49): error CS0029: Cannot implicitly convert type 'UIKit.UIStringAttributes' to 'Foundation.NSDictionary<Foundation.NSString, Foundation.NSObject>' [/Users/finstad/Documents/DIPS.Mobile.UI/src/library/DIPS.Mobile.UI/DIPS.Mobile.UI.csproj::TargetFramework=net10.0-ios]
/Users/finstad/Documents/DIPS.Mobile.UI/src/library/DIPS.Mobile.UI/Components/Pages/iOS/ContentPage.toolbar.cs(179,54): error CS0029: Cannot implicitly convert type 'UIKit.UIStringAttributes' to 'Foundation.NSDictionary<Foundation.NSString, Foundation.NSObject>' [/Users/finstad/Documents/DIPS.Mobile.UI/src/library/DIPS.Mobile.UI/DIPS.Mobile.UI.csproj::TargetFramework=net10.0-ios]
/Users/finstad/Documents/DIPS.Mobile.UI/src/library/DIPS.Mobile.UI/Components/Pages/iOS/ContentPage.toolbar.cs(180,50): error CS0029: Cannot implicitly convert type 'UIKit.UIStringAttributes' to 'Foundation.NSDictionary<Foundation.NSString, Foundation.NSObject>' [/Users/finstad/Documents/DIPS.Mobile.UI/src/library/DIPS.Mobile.UI/DIPS.Mobile.UI.csproj::TargetFramework=net10.0-ios]
/Users/finstad/Documents/DIPS.Mobile.UI/src/library/DIPS.Mobile.UI/Components/Searching/SearchPage.cs(21,16): warning CS8618: Non-nullable event 'SearchBarFocused' must contain a non-null value when exiting constructor. Consider adding the 'required' modifier or declaring the event as nullable. [/Users/finstad/Documents/DIPS.Mobile.UI/src/library/DIPS.Mobile.UI/DIPS.Mobile.UI.csproj::TargetFramework=net10.0-ios]
/Users/finstad/Documents/DIPS.Mobile.UI/src/library/DIPS.Mobile.UI/Components/Pickers/ItemPicker/ItemPickerBottomSheet.cs(47,133): warning CS8625: Cannot convert null literal to non-nullable reference type. [/Users/finstad/Documents/DIPS.Mobile.UI/src/library/DIPS.Mobile.UI/DIPS.Mobile.UI.csproj::TargetFramework=net10.0-ios]
/Users/finstad/Documents/DIPS.Mobile.UI/src/library/DIPS.Mobile.UI/Components/Searching/SearchPage.cs(203,30): warning CS0168: The variable 'e' is declared but never used [/Users/finstad/Documents/DIPS.Mobile.UI/src/library/DIPS.Mobile.UI/DIPS.Mobile.UI.csproj::TargetFramework=net10.0-ios]
/Users/finstad/Documents/DIPS.Mobile.UI/src/library/DIPS.Mobile.UI/Components/Searching/SearchBar.cs(9,16): warning CS8618: Non-nullable event 'TextChanged' must contain a non-null value when exiting constructor. Consider adding the 'required' modifier or declaring the event as nullable. [/Users/finstad/Documents/DIPS.Mobile.UI/src/library/DIPS.Mobile.UI/DIPS.Mobile.UI.csproj::TargetFramework=net10.0-ios]
/Users/finstad/Documents/DIPS.Mobile.UI/src/library/DIPS.Mobile.UI/Components/Searching/SearchBar.cs(9,16): warning CS8618: Non-nullable event 'Focused' must contain a non-null value when exiting constructor. Consider adding the 'required' modifier or declaring the event as nullable. [/Users/finstad/Documents/DIPS.Mobile.UI/src/library/DIPS.Mobile.UI/DIPS.Mobile.UI.csproj::TargetFramework=net10.0-ios]
/Users/finstad/Documents/DIPS.Mobile.UI/src/library/DIPS.Mobile.UI/Components/Searching/SearchBar.cs(9,16): warning CS8618: Non-nullable event 'Unfocused' must contain a non-null value when exiting constructor. Consider adding the 'required' modifier or declaring the event as nullable. [/Users/finstad/Documents/DIPS.Mobile.UI/src/library/DIPS.Mobile.UI/DIPS.Mobile.UI.csproj::TargetFramework=net10.0-ios]
/Users/finstad/Documents/DIPS.Mobile.UI/src/library/DIPS.Mobile.UI/Components/Searching/iOS/SearchBarHandler.cs(153,70): warning CS8604: Possible null reference argument for parameter 'context' in 'UIView ElementExtensions.ToPlatform(IElement view, IMauiContext context)'. [/Users/finstad/Documents/DIPS.Mobile.UI/src/library/DIPS.Mobile.UI/DIPS.Mobile.UI.csproj::TargetFramework=net10.0-ios]
/Users/finstad/Documents/DIPS.Mobile.UI/src/library/DIPS.Mobile.UI/Components/Searching/SearchBarHandler.cs(5,12): warning CS8618: Non-nullable property 'InternalSearchBar' must contain a non-null value when exiting constructor. Consider adding the 'required' modifier or declaring the property as nullable. [/Users/finstad/Documents/DIPS.Mobile.UI/src/library/DIPS.Mobile.UI/DIPS.Mobile.UI.csproj::TargetFramework=net10.0-ios]
/Users/finstad/Documents/DIPS.Mobile.UI/src/library/DIPS.Mobile.UI/Components/Searching/SearchBarHandler.cs(5,12): warning CS8618: Non-nullable property 'ActivityIndicatorView' must contain a non-null value when exiting constructor. Consider adding the 'required' modifier or declaring the property as nullable. [/Users/finstad/Documents/DIPS.Mobile.UI/src/library/DIPS.Mobile.UI/DIPS.Mobile.UI.csproj::TargetFramework=net10.0-ios]
/Users/finstad/Documents/DIPS.Mobile.UI/src/library/DIPS.Mobile.UI/Components/Searching/SearchBarHandler.cs(5,12): warning CS8618: Non-nullable property 'MagnifierIcon' must contain a non-null value when exiting constructor. Consider adding the 'required' modifier or declaring the property as nullable. [/Users/finstad/Documents/DIPS.Mobile.UI/src/library/DIPS.Mobile.UI/DIPS.Mobile.UI.csproj::TargetFramework=net10.0-ios]
/Users/finstad/Documents/DIPS.Mobile.UI/src/library/DIPS.Mobile.UI/Components/Sorting/SortControlBottomSheet.cs(125,29): warning CS8625: Cannot convert null literal to non-nullable reference type. [/Users/finstad/Documents/DIPS.Mobile.UI/src/library/DIPS.Mobile.UI/DIPS.Mobile.UI.csproj::TargetFramework=net10.0-ios]
/Users/finstad/Documents/DIPS.Mobile.UI/src/library/DIPS.Mobile.UI/Components/Sorting/SortControl.cs(22,12): warning CS8618: Non-nullable property 'ItemDisplayProperty' must contain a non-null value when exiting constructor. Consider adding the 'required' modifier or declaring the property as nullable. [/Users/finstad/Documents/DIPS.Mobile.UI/src/library/DIPS.Mobile.UI/DIPS.Mobile.UI.csproj::TargetFramework=net10.0-ios]
/Users/finstad/Documents/DIPS.Mobile.UI/src/library/DIPS.Mobile.UI/Components/Sorting/SortControl.cs(59,9): warning CS4014: Because this call is not awaited, execution of the current method continues before the call is completed. Consider applying the 'await' operator to the result of the call. [/Users/finstad/Documents/DIPS.Mobile.UI/src/library/DIPS.Mobile.UI/DIPS.Mobile.UI.csproj::TargetFramework=net10.0-ios]
/Users/finstad/Documents/DIPS.Mobile.UI/src/library/DIPS.Mobile.UI/Components/Sorting/SortControl.cs(67,49): warning CS8524: The switch expression does not handle some values of its input type (it is not exhaustive) involving an unnamed enum value. For example, the pattern '(DIPS.Mobile.UI.Components.Sorting.SortOrder)2' is not covered. [/Users/finstad/Documents/DIPS.Mobile.UI/src/library/DIPS.Mobile.UI/DIPS.Mobile.UI.csproj::TargetFramework=net10.0-ios]
/Users/finstad/Documents/DIPS.Mobile.UI/src/library/DIPS.Mobile.UI/Components/Sorting/SortControl.cs(78,9): warning CS4014: Because this call is not awaited, execution of the current method continues before the call is completed. Consider applying the 'await' operator to the result of the call. [/Users/finstad/Documents/DIPS.Mobile.UI/src/library/DIPS.Mobile.UI/DIPS.Mobile.UI.csproj::TargetFramework=net10.0-ios]
/Users/finstad/Documents/DIPS.Mobile.UI/src/library/DIPS.Mobile.UI/Components/Pickers/ScrollPicker/iOS/ScrollPickerHandler.cs(280,68): warning CS8602: Dereference of a possibly null reference. [/Users/finstad/Documents/DIPS.Mobile.UI/src/library/DIPS.Mobile.UI/DIPS.Mobile.UI.csproj::TargetFramework=net10.0-ios]
/Users/finstad/Documents/DIPS.Mobile.UI/src/library/DIPS.Mobile.UI/Components/Pickers/ScrollPicker/ScrollPickerHandler.cs(7,12): warning CS8618: Non-nullable field 'm_chip' must contain a non-null value when exiting constructor. Consider adding the 'required' modifier or declaring the field as nullable. [/Users/finstad/Documents/DIPS.Mobile.UI/src/library/DIPS.Mobile.UI/DIPS.Mobile.UI.csproj::TargetFramework=net10.0-ios]
/Users/finstad/Documents/DIPS.Mobile.UI/src/library/DIPS.Mobile.UI/Components/Pickers/ScrollPicker/ScrollPickerHandler.cs(7,12): warning CS8618: Non-nullable field 'm_scrollPickerViewModel' must contain a non-null value when exiting constructor. Consider adding the 'required' modifier or declaring the field as nullable. [/Users/finstad/Documents/DIPS.Mobile.UI/src/library/DIPS.Mobile.UI/DIPS.Mobile.UI.csproj::TargetFramework=net10.0-ios]
/Users/finstad/Documents/DIPS.Mobile.UI/src/library/DIPS.Mobile.UI/Components/Slidable/SlidableLayout.cs(50,47): warning CS8600: Converting null literal or possible null value to non-nullable type. [/Users/finstad/Documents/DIPS.Mobile.UI/src/library/DIPS.Mobile.UI/DIPS.Mobile.UI.csproj::TargetFramework=net10.0-ios]
/Users/finstad/Documents/DIPS.Mobile.UI/src/library/DIPS.Mobile.UI/Components/Slidable/SlidableProperties.cs(72,13): warning CS0612: 'Device' is obsolete [/Users/finstad/Documents/DIPS.Mobile.UI/src/library/DIPS.Mobile.UI/DIPS.Mobile.UI.csproj::TargetFramework=net10.0-ios]
/Users/finstad/Documents/DIPS.Mobile.UI/src/library/DIPS.Mobile.UI/Components/Slidable/SlidableProperties.cs(72,13): warning CS0618: 'Device.StartTimer(TimeSpan, Func<bool>)' is obsolete: 'Use BindableObject.Dispatcher.StartTimer() or BindableObject.Dispatcher.DispatchDelayed() instead.' [/Users/finstad/Documents/DIPS.Mobile.UI/src/library/DIPS.Mobile.UI/DIPS.Mobile.UI.csproj::TargetFramework=net10.0-ios]
/Users/finstad/Documents/DIPS.Mobile.UI/src/library/DIPS.Mobile.UI/API/Camera/BarcodeScanning/iOS/BarcodeScanner.cs(11,20): warning CS0649: Field 'BarcodeScanner.m_rectOfInterestWidth' is never assigned to, and will always have its default value 0 [/Users/finstad/Documents/DIPS.Mobile.UI/src/library/DIPS.Mobile.UI/DIPS.Mobile.UI.csproj::TargetFramework=net10.0-ios]
/Users/finstad/Documents/DIPS.Mobile.UI/src/library/DIPS.Mobile.UI/Components/Alerting/Dialog/iOS/DialogService.cs(12,47): warning CA1422: This call site is reachable on: 'iOS' 15.7.9 and later, 'maccatalyst' 15.7.9 and later. 'UIWindow' is obsoleted on: 'ios' 26.0 and later (Use the 'UIWindowScene' overload instead.), 'maccatalyst' 26.0 and later (Use the 'UIWindowScene' overload instead.). (https://learn.microsoft.com/dotnet/fundamentals/code-analysis/quality-rules/ca1422) [/Users/finstad/Documents/DIPS.Mobile.UI/src/library/DIPS.Mobile.UI/DIPS.Mobile.UI.csproj::TargetFramework=net10.0-ios]
/Users/finstad/Documents/DIPS.Mobile.UI/src/library/DIPS.Mobile.UI/API/Vibration/iOS/VibrationService.cs(20,13): warning CA1422: This call site is reachable on: 'iOS' 15.7.9 and later, 'maccatalyst' 15.7.9 and later. 'UIImpactFeedbackGenerator' is obsoleted on: 'ios' 17.5 and later (Use 'GetFeedbackGenerator' method instead.), 'maccatalyst' 17.5 and later (Use 'GetFeedbackGenerator' method instead.). (https://learn.microsoft.com/dotnet/fundamentals/code-analysis/quality-rules/ca1422) [/Users/finstad/Documents/DIPS.Mobile.UI/src/library/DIPS.Mobile.UI/DIPS.Mobile.UI.csproj::TargetFramework=net10.0-ios]
/Users/finstad/Documents/DIPS.Mobile.UI/src/library/DIPS.Mobile.UI/API/Vibration/iOS/VibrationService.cs(15,13): warning CA1422: This call site is reachable on: 'iOS' 15.7.9 and later, 'maccatalyst' 15.7.9 and later. 'UIImpactFeedbackGenerator' is obsoleted on: 'ios' 17.5 and later (Use 'GetFeedbackGenerator' method instead.), 'maccatalyst' 17.5 and later (Use 'GetFeedbackGenerator' method instead.). (https://learn.microsoft.com/dotnet/fundamentals/code-analysis/quality-rules/ca1422) [/Users/finstad/Documents/DIPS.Mobile.UI/src/library/DIPS.Mobile.UI/DIPS.Mobile.UI.csproj::TargetFramework=net10.0-ios]
/Users/finstad/Documents/DIPS.Mobile.UI/src/library/DIPS.Mobile.UI/API/Vibration/iOS/VibrationService.cs(10,13): warning CA1422: This call site is reachable on: 'iOS' 15.7.9 and later, 'maccatalyst' 15.7.9 and later. 'UIImpactFeedbackGenerator' is obsoleted on: 'ios' 17.5 and later (Use 'GetFeedbackGenerator' method instead.), 'maccatalyst' 17.5 and later (Use 'GetFeedbackGenerator' method instead.). (https://learn.microsoft.com/dotnet/fundamentals/code-analysis/quality-rules/ca1422) [/Users/finstad/Documents/DIPS.Mobile.UI/src/library/DIPS.Mobile.UI/DIPS.Mobile.UI.csproj::TargetFramework=net10.0-ios]
/Users/finstad/Documents/DIPS.Mobile.UI/src/library/DIPS.Mobile.UI/Components/Alerting/SystemMessage/SystemMessage.cs(90,32): warning CA1422: This call site is reachable on: 'iOS' 15.7.9 and later, 'maccatalyst' 15.7.9 and later. 'UIApplication.KeyWindow' is obsoleted on: 'ios' 13.0 and later (Should not be used for applications that support multiple scenes because it returns a key window across all connected scenes.), 'maccatalyst' 13.0 and later (Should not be used for applications that support multiple scenes because it returns a key window across all connected scenes.). (https://learn.microsoft.com/dotnet/fundamentals/code-analysis/quality-rules/ca1422) [/Users/finstad/Documents/DIPS.Mobile.UI/src/library/DIPS.Mobile.UI/DIPS.Mobile.UI.csproj::TargetFramework=net10.0-ios]
/Users/finstad/Documents/DIPS.Mobile.UI/src/library/DIPS.Mobile.UI/Components/BottomSheets/iOS/PresentationControllerPositioningHelper.cs(61,81): warning CA1416: This call site is reachable on: 'iOS' 15.7.9 and later, 'maccatalyst' 15.7.9 and later. 'IUISheetPresentationControllerDetentResolutionContext.MaximumDetentValue' is only supported on: 'ios' 16.0 and later, 'maccatalyst' 16.0 and later. (https://learn.microsoft.com/dotnet/fundamentals/code-analysis/quality-rules/ca1416) [/Users/finstad/Documents/DIPS.Mobile.UI/src/library/DIPS.Mobile.UI/DIPS.Mobile.UI.csproj::TargetFramework=net10.0-ios]
/Users/finstad/Documents/DIPS.Mobile.UI/src/library/DIPS.Mobile.UI/Components/BottomSheets/iOS/BottomSheetContainer.cs(47,23): warning CA1422: This call site is reachable on: 'iOS' 15.7.9 and later, 'maccatalyst' 15.7.9 and later. 'UIApplication.KeyWindow' is obsoleted on: 'ios' 13.0 and later (Should not be used for applications that support multiple scenes because it returns a key window across all connected scenes.), 'maccatalyst' 13.0 and later (Should not be used for applications that support multiple scenes because it returns a key window across all connected scenes.). (https://learn.microsoft.com/dotnet/fundamentals/code-analysis/quality-rules/ca1422) [/Users/finstad/Documents/DIPS.Mobile.UI/src/library/DIPS.Mobile.UI/DIPS.Mobile.UI.csproj::TargetFramework=net10.0-ios]
/Users/finstad/Documents/DIPS.Mobile.UI/src/library/DIPS.Mobile.UI/API/Camera/Preview/CameraPreview.cs(51,17): warning CA1422: This call site is reachable on: 'iOS' 15.7.9 and later, 'maccatalyst' 15.7.9 and later. 'UIApplication.KeyWindow' is obsoleted on: 'ios' 13.0 and later (Should not be used for applications that support multiple scenes because it returns a key window across all connected scenes.), 'maccatalyst' 13.0 and later (Should not be used for applications that support multiple scenes because it returns a key window across all connected scenes.). (https://learn.microsoft.com/dotnet/fundamentals/code-analysis/quality-rules/ca1422) [/Users/finstad/Documents/DIPS.Mobile.UI/src/library/DIPS.Mobile.UI/DIPS.Mobile.UI.csproj::TargetFramework=net10.0-ios]
/Users/finstad/Documents/DIPS.Mobile.UI/src/library/DIPS.Mobile.UI/API/Camera/Preview/CameraPreview.cs(50,40): warning CA1422: This call site is reachable on: 'iOS' 15.7.9 and later, 'maccatalyst' 15.7.9 and later. 'UIApplication.KeyWindow' is obsoleted on: 'ios' 13.0 and later (Should not be used for applications that support multiple scenes because it returns a key window across all connected scenes.), 'maccatalyst' 13.0 and later (Should not be used for applications that support multiple scenes because it returns a key window across all connected scenes.). (https://learn.microsoft.com/dotnet/fundamentals/code-analysis/quality-rules/ca1422) [/Users/finstad/Documents/DIPS.Mobile.UI/src/library/DIPS.Mobile.UI/DIPS.Mobile.UI.csproj::TargetFramework=net10.0-ios]
/Users/finstad/Documents/DIPS.Mobile.UI/src/library/DIPS.Mobile.UI/API/Camera/Preview/CameraPreview.cs(48,31): warning CA1422: This call site is reachable on: 'iOS' 15.7.9 and later, 'maccatalyst' 15.7.9 and later. 'UIApplication.KeyWindow' is obsoleted on: 'ios' 13.0 and later (Should not be used for applications that support multiple scenes because it returns a key window across all connected scenes.), 'maccatalyst' 13.0 and later (Should not be used for applications that support multiple scenes because it returns a key window across all connected scenes.). (https://learn.microsoft.com/dotnet/fundamentals/code-analysis/quality-rules/ca1422) [/Users/finstad/Documents/DIPS.Mobile.UI/src/library/DIPS.Mobile.UI/DIPS.Mobile.UI.csproj::TargetFramework=net10.0-ios]
/Users/finstad/Documents/DIPS.Mobile.UI/src/library/DIPS.Mobile.UI/API/Camera/ImageCapturing/iOS/ImageCapture.cs(148,13): warning CA1422: This call site is reachable on: 'iOS' 15.7.9 and later, 'maccatalyst' 15.7.9 and later. 'AVCaptureConnection.VideoOrientation' is obsoleted on: 'ios' 17.0 and later (Use VideoRotationAngle instead.), 'maccatalyst' 17.0 and later (Use VideoRotationAngle instead.). (https://learn.microsoft.com/dotnet/fundamentals/code-analysis/quality-rules/ca1422) [/Users/finstad/Documents/DIPS.Mobile.UI/src/library/DIPS.Mobile.UI/DIPS.Mobile.UI.csproj::TargetFramework=net10.0-ios]
/Users/finstad/Documents/DIPS.Mobile.UI/src/library/DIPS.Mobile.UI/API/Camera/Gallery/BottomSheet/GalleryBottomSheet.cs(63,36): warning CA1422: This call site is reachable on: 'iOS' 15.7.9 and later, 'maccatalyst' 15.7.9 and later. 'UIApplication.KeyWindow' is obsoleted on: 'ios' 13.0 and later (Should not be used for applications that support multiple scenes because it returns a key window across all connected scenes.), 'maccatalyst' 13.0 and later (Should not be used for applications that support multiple scenes because it returns a key window across all connected scenes.). (https://learn.microsoft.com/dotnet/fundamentals/code-analysis/quality-rules/ca1422) [/Users/finstad/Documents/DIPS.Mobile.UI/src/library/DIPS.Mobile.UI/DIPS.Mobile.UI.csproj::TargetFramework=net10.0-ios]
/Users/finstad/Documents/DIPS.Mobile.UI/src/library/DIPS.Mobile.UI/API/Camera/Gallery/BottomSheet/GalleryBottomSheet.cs(63,101): warning CA1422: This call site is reachable on: 'iOS' 15.7.9 and later, 'maccatalyst' 15.7.9 and later. 'UIApplication.KeyWindow' is obsoleted on: 'ios' 13.0 and later (Should not be used for applications that support multiple scenes because it returns a key window across all connected scenes.), 'maccatalyst' 13.0 and later (Should not be used for applications that support multiple scenes because it returns a key window across all connected scenes.). (https://learn.microsoft.com/dotnet/fundamentals/code-analysis/quality-rules/ca1422) [/Users/finstad/Documents/DIPS.Mobile.UI/src/library/DIPS.Mobile.UI/DIPS.Mobile.UI.csproj::TargetFramework=net10.0-ios]
/Users/finstad/Documents/DIPS.Mobile.UI/src/library/DIPS.Mobile.UI/Components/Pages/iOS/ContentPage.toolbar.cs(172,35): warning CA1422: This call site is reachable on: 'iOS' 15.7.9 and later, 'maccatalyst' 15.7.9 and later. 'UINavigationBarAppearance.DoneButtonAppearance' is obsoleted on: 'ios' 26.0 and later (Use 'ProminentButtonAppearance' instead.), 'maccatalyst' 26.0 and later (Use 'ProminentButtonAppearance' instead.). (https://learn.microsoft.com/dotnet/fundamentals/code-analysis/quality-rules/ca1422) [/Users/finstad/Documents/DIPS.Mobile.UI/src/library/DIPS.Mobile.UI/DIPS.Mobile.UI.csproj::TargetFramework=net10.0-ios]

Build FAILED.

/Users/finstad/Documents/DIPS.Mobile.UI/src/library/DIPS.Mobile.UI/DIPS.Mobile.UI.csproj : warning NU1608: Detected package version outside of dependency constraint: Xamarin.AndroidX.Concurrent.Futures.Ktx 1.2.0.4 requires Xamarin.AndroidX.Concurrent.Futures (>= 1.2.0.4 && < 1.2.1) but version Xamarin.AndroidX.Concurrent.Futures 1.3.0.1 was resolved. [TargetFramework=net10.0-ios]
/Users/finstad/Documents/DIPS.Mobile.UI/src/library/DIPS.Mobile.UI/API/Camera/ImageCapturing/CapturedImage.cs(16,7): warning CS0105: The using directive for 'DIPS.Mobile.UI.API.Library' appeared previously in this namespace [/Users/finstad/Documents/DIPS.Mobile.UI/src/library/DIPS.Mobile.UI/DIPS.Mobile.UI.csproj::TargetFramework=net10.0-ios]
/Users/finstad/Documents/DIPS.Mobile.UI/src/library/DIPS.Mobile.UI/obj/Debug/net10.0-ios/Microsoft.Maui.Controls.BindingSourceGen/Microsoft.Maui.Controls.BindingSourceGen.BindingSourceGenerator/-Users-finstad-Documents-DIPS.Mobile.UI-src-library-DIPS.Mobile.UI-Components-CheckBoxes-CheckBox.cs-GeneratedBindingInterceptors-34-23.g.cs(38,24): warning CS0618: 'CheckBox' is obsolete: 'This component is not using the correct styling. Please use Checkmark / RadioButton' [/Users/finstad/Documents/DIPS.Mobile.UI/src/library/DIPS.Mobile.UI/DIPS.Mobile.UI.csproj::TargetFramework=net10.0-ios]
/Users/finstad/Documents/DIPS.Mobile.UI/src/library/DIPS.Mobile.UI/Converters/ValueConverters/BoolToObjectConverter.cs(30,23): warning CS8767: Nullability of reference types in type of parameter 'value' of 'object BoolToObjectConverter.Convert(object value, Type targetType, object parameter, CultureInfo culture)' doesn't match implicitly implemented member 'object? IValueConverter.Convert(object? value, Type targetType, object? parameter, CultureInfo culture)' (possibly because of nullability attributes). [/Users/finstad/Documents/DIPS.Mobile.UI/src/library/DIPS.Mobile.UI/DIPS.Mobile.UI.csproj::TargetFramework=net10.0-ios]
/Users/finstad/Documents/DIPS.Mobile.UI/src/library/DIPS.Mobile.UI/Converters/ValueConverters/BoolToObjectConverter.cs(30,23): warning CS8767: Nullability of reference types in type of parameter 'parameter' of 'object BoolToObjectConverter.Convert(object value, Type targetType, object parameter, CultureInfo culture)' doesn't match implicitly implemented member 'object? IValueConverter.Convert(object? value, Type targetType, object? parameter, CultureInfo culture)' (possibly because of nullability attributes). [/Users/finstad/Documents/DIPS.Mobile.UI/src/library/DIPS.Mobile.UI/DIPS.Mobile.UI.csproj::TargetFramework=net10.0-ios]
/Users/finstad/Documents/DIPS.Mobile.UI/src/library/DIPS.Mobile.UI/Converters/ValueConverters/BoolToObjectConverter.cs(42,23): warning CS8767: Nullability of reference types in type of parameter 'value' of 'object BoolToObjectConverter.ConvertBack(object value, Type targetType, object parameter, CultureInfo culture)' doesn't match implicitly implemented member 'object? IValueConverter.ConvertBack(object? value, Type targetType, object? parameter, CultureInfo culture)' (possibly because of nullability attributes). [/Users/finstad/Documents/DIPS.Mobile.UI/src/library/DIPS.Mobile.UI/DIPS.Mobile.UI.csproj::TargetFramework=net10.0-ios]
/Users/finstad/Documents/DIPS.Mobile.UI/src/library/DIPS.Mobile.UI/Converters/ValueConverters/BoolToObjectConverter.cs(42,23): warning CS8767: Nullability of reference types in type of parameter 'parameter' of 'object BoolToObjectConverter.ConvertBack(object value, Type targetType, object parameter, CultureInfo culture)' doesn't match implicitly implemented member 'object? IValueConverter.ConvertBack(object? value, Type targetType, object? parameter, CultureInfo culture)' (possibly because of nullability attributes). [/Users/finstad/Documents/DIPS.Mobile.UI/src/library/DIPS.Mobile.UI/DIPS.Mobile.UI.csproj::TargetFramework=net10.0-ios]
/Users/finstad/Documents/DIPS.Mobile.UI/src/library/DIPS.Mobile.UI/Converters/ValueConverters/AdditionConverter.cs(29,23): warning CS8767: Nullability of reference types in type of parameter 'value' of 'object AdditionConverter.Convert(object value, Type targetType, object parameter, CultureInfo culture)' doesn't match implicitly implemented member 'object? IValueConverter.Convert(object? value, Type targetType, object? parameter, CultureInfo culture)' (possibly because of nullability attributes). [/Users/finstad/Documents/DIPS.Mobile.UI/src/library/DIPS.Mobile.UI/DIPS.Mobile.UI.csproj::TargetFramework=net10.0-ios]
/Users/finstad/Documents/DIPS.Mobile.UI/src/library/DIPS.Mobile.UI/Converters/ValueConverters/AdditionConverter.cs(29,23): warning CS8767: Nullability of reference types in type of parameter 'parameter' of 'object AdditionConverter.Convert(object value, Type targetType, object parameter, CultureInfo culture)' doesn't match implicitly implemented member 'object? IValueConverter.Convert(object? value, Type targetType, object? parameter, CultureInfo culture)' (possibly because of nullability attributes). [/Users/finstad/Documents/DIPS.Mobile.UI/src/library/DIPS.Mobile.UI/DIPS.Mobile.UI.csproj::TargetFramework=net10.0-ios]
/Users/finstad/Documents/DIPS.Mobile.UI/src/library/DIPS.Mobile.UI/Converters/ValueConverters/AdditionConverter.cs(42,23): warning CS8767: Nullability of reference types in type of parameter 'value' of 'object AdditionConverter.ConvertBack(object value, Type targetType, object parameter, CultureInfo culture)' doesn't match implicitly implemented member 'object? IValueConverter.ConvertBack(object? value, Type targetType, object? parameter, CultureInfo culture)' (possibly because of nullability attributes). [/Users/finstad/Documents/DIPS.Mobile.UI/src/library/DIPS.Mobile.UI/DIPS.Mobile.UI.csproj::TargetFramework=net10.0-ios]
/Users/finstad/Documents/DIPS.Mobile.UI/src/library/DIPS.Mobile.UI/Converters/ValueConverters/AdditionConverter.cs(42,23): warning CS8767: Nullability of reference types in type of parameter 'parameter' of 'object AdditionConverter.ConvertBack(object value, Type targetType, object parameter, CultureInfo culture)' doesn't match implicitly implemented member 'object? IValueConverter.ConvertBack(object? value, Type targetType, object? parameter, CultureInfo culture)' (possibly because of nullability attributes). [/Users/finstad/Documents/DIPS.Mobile.UI/src/library/DIPS.Mobile.UI/DIPS.Mobile.UI.csproj::TargetFramework=net10.0-ios]
/Users/finstad/Documents/DIPS.Mobile.UI/src/library/DIPS.Mobile.UI/Converters/ValueConverters/BoolToDoubleConverter.cs(32,23): warning CS8767: Nullability of reference types in type of parameter 'value' of 'object BoolToDoubleConverter.Convert(object value, Type targetType, object parameter, CultureInfo culture)' doesn't match implicitly implemented member 'object? IValueConverter.Convert(object? value, Type targetType, object? parameter, CultureInfo culture)' (possibly because of nullability attributes). [/Users/finstad/Documents/DIPS.Mobile.UI/src/library/DIPS.Mobile.UI/DIPS.Mobile.UI.csproj::TargetFramework=net10.0-ios]
/Users/finstad/Documents/DIPS.Mobile.UI/src/library/DIPS.Mobile.UI/Converters/ValueConverters/BoolToDoubleConverter.cs(32,23): warning CS8767: Nullability of reference types in type of parameter 'parameter' of 'object BoolToDoubleConverter.Convert(object value, Type targetType, object parameter, CultureInfo culture)' doesn't match implicitly implemented member 'object? IValueConverter.Convert(object? value, Type targetType, object? parameter, CultureInfo culture)' (possibly because of nullability attributes). [/Users/finstad/Documents/DIPS.Mobile.UI/src/library/DIPS.Mobile.UI/DIPS.Mobile.UI.csproj::TargetFramework=net10.0-ios]
/Users/finstad/Documents/DIPS.Mobile.UI/src/library/DIPS.Mobile.UI/Converters/ValueConverters/BoolToDoubleConverter.cs(45,23): warning CS8767: Nullability of reference types in type of parameter 'value' of 'object BoolToDoubleConverter.ConvertBack(object value, Type targetType, object parameter, CultureInfo culture)' doesn't match implicitly implemented member 'object? IValueConverter.ConvertBack(object? value, Type targetType, object? parameter, CultureInfo culture)' (possibly because of nullability attributes). [/Users/finstad/Documents/DIPS.Mobile.UI/src/library/DIPS.Mobile.UI/DIPS.Mobile.UI.csproj::TargetFramework=net10.0-ios]
/Users/finstad/Documents/DIPS.Mobile.UI/src/library/DIPS.Mobile.UI/Converters/ValueConverters/BoolToDoubleConverter.cs(45,23): warning CS8767: Nullability of reference types in type of parameter 'parameter' of 'object BoolToDoubleConverter.ConvertBack(object value, Type targetType, object parameter, CultureInfo culture)' doesn't match implicitly implemented member 'object? IValueConverter.ConvertBack(object? value, Type targetType, object? parameter, CultureInfo culture)' (possibly because of nullability attributes). [/Users/finstad/Documents/DIPS.Mobile.UI/src/library/DIPS.Mobile.UI/DIPS.Mobile.UI.csproj::TargetFramework=net10.0-ios]
/Users/finstad/Documents/DIPS.Mobile.UI/src/library/DIPS.Mobile.UI/Converters/ValueConverters/DelegateConverter.cs(16,20): warning CS8767: Nullability of reference types in type of parameter 'value' of 'object? DelegateConverter.Convert(object value, Type targetType, object parameter, CultureInfo culture)' doesn't match implicitly implemented member 'object? IValueConverter.Convert(object? value, Type targetType, object? parameter, CultureInfo culture)' (possibly because of nullability attributes). [/Users/finstad/Documents/DIPS.Mobile.UI/src/library/DIPS.Mobile.UI/DIPS.Mobile.UI.csproj::TargetFramework=net10.0-ios]
/Users/finstad/Documents/DIPS.Mobile.UI/src/library/DIPS.Mobile.UI/Converters/ValueConverters/DelegateConverter.cs(16,20): warning CS8767: Nullability of reference types in type of parameter 'parameter' of 'object? DelegateConverter.Convert(object value, Type targetType, object parameter, CultureInfo culture)' doesn't match implicitly implemented member 'object? IValueConverter.Convert(object? value, Type targetType, object? parameter, CultureInfo culture)' (possibly because of nullability attributes). [/Users/finstad/Documents/DIPS.Mobile.UI/src/library/DIPS.Mobile.UI/DIPS.Mobile.UI.csproj::TargetFramework=net10.0-ios]
/Users/finstad/Documents/DIPS.Mobile.UI/src/library/DIPS.Mobile.UI/Converters/ValueConverters/DelegateConverter.cs(18,20): warning CS8767: Nullability of reference types in type of parameter 'value' of 'object? DelegateConverter.ConvertBack(object value, Type targetType, object parameter, CultureInfo culture)' doesn't match implicitly implemented member 'object? IValueConverter.ConvertBack(object? value, Type targetType, object? parameter, CultureInfo culture)' (possibly because of nullability attributes). [/Users/finstad/Documents/DIPS.Mobile.UI/src/library/DIPS.Mobile.UI/DIPS.Mobile.UI.csproj::TargetFramework=net10.0-ios]
/Users/finstad/Documents/DIPS.Mobile.UI/src/library/DIPS.Mobile.UI/Converters/ValueConverters/DelegateConverter.cs(18,20): warning CS8767: Nullability of reference types in type of parameter 'parameter' of 'object? DelegateConverter.ConvertBack(object value, Type targetType, object parameter, CultureInfo culture)' doesn't match implicitly implemented member 'object? IValueConverter.ConvertBack(object? value, Type targetType, object? parameter, CultureInfo culture)' (possibly because of nullability attributes). [/Users/finstad/Documents/DIPS.Mobile.UI/src/library/DIPS.Mobile.UI/DIPS.Mobile.UI.csproj::TargetFramework=net10.0-ios]
/Users/finstad/Documents/DIPS.Mobile.UI/src/library/DIPS.Mobile.UI/Converters/ValueConverters/DateAndTimeConverter.cs(57,23): warning CS8767: Nullability of reference types in type of parameter 'parameter' of 'object DateAndTimeConverter.Convert(object? value, Type targetType, object parameter, CultureInfo culture)' doesn't match implicitly implemented member 'object? IValueConverter.Convert(object? value, Type targetType, object? parameter, CultureInfo culture)' (possibly because of nullability attributes). [/Users/finstad/Documents/DIPS.Mobile.UI/src/library/DIPS.Mobile.UI/DIPS.Mobile.UI.csproj::TargetFramework=net10.0-ios]
/Users/finstad/Documents/DIPS.Mobile.UI/src/library/DIPS.Mobile.UI/Converters/ValueConverters/DateAndTimeConverter.cs(73,23): warning CS8767: Nullability of reference types in type of parameter 'value' of 'object DateAndTimeConverter.ConvertBack(object value, Type targetType, object parameter, CultureInfo culture)' doesn't match implicitly implemented member 'object? IValueConverter.ConvertBack(object? value, Type targetType, object? parameter, CultureInfo culture)' (possibly because of nullability attributes). [/Users/finstad/Documents/DIPS.Mobile.UI/src/library/DIPS.Mobile.UI/DIPS.Mobile.UI.csproj::TargetFramework=net10.0-ios]
/Users/finstad/Documents/DIPS.Mobile.UI/src/library/DIPS.Mobile.UI/Converters/ValueConverters/DateAndTimeConverter.cs(73,23): warning CS8767: Nullability of reference types in type of parameter 'parameter' of 'object DateAndTimeConverter.ConvertBack(object value, Type targetType, object parameter, CultureInfo culture)' doesn't match implicitly implemented member 'object? IValueConverter.ConvertBack(object? value, Type targetType, object? parameter, CultureInfo culture)' (possibly because of nullability attributes). [/Users/finstad/Documents/DIPS.Mobile.UI/src/library/DIPS.Mobile.UI/DIPS.Mobile.UI.csproj::TargetFramework=net10.0-ios]
/Users/finstad/Documents/DIPS.Mobile.UI/src/library/DIPS.Mobile.UI/Converters/ValueConverters/IsEmptyConverter.cs(25,23): warning CS8767: Nullability of reference types in type of parameter 'value' of 'object IsEmptyConverter.Convert(object value, Type targetType, object parameter, CultureInfo culture)' doesn't match implicitly implemented member 'object? IValueConverter.Convert(object? value, Type targetType, object? parameter, CultureInfo culture)' (possibly because of nullability attributes). [/Users/finstad/Documents/DIPS.Mobile.UI/src/library/DIPS.Mobile.UI/DIPS.Mobile.UI.csproj::TargetFramework=net10.0-ios]
/Users/finstad/Documents/DIPS.Mobile.UI/src/library/DIPS.Mobile.UI/Converters/ValueConverters/IsEmptyConverter.cs(25,23): warning CS8767: Nullability of reference types in type of parameter 'parameter' of 'object IsEmptyConverter.Convert(object value, Type targetType, object parameter, CultureInfo culture)' doesn't match implicitly implemented member 'object? IValueConverter.Convert(object? value, Type targetType, object? parameter, CultureInfo culture)' (possibly because of nullability attributes). [/Users/finstad/Documents/DIPS.Mobile.UI/src/library/DIPS.Mobile.UI/DIPS.Mobile.UI.csproj::TargetFramework=net10.0-ios]
/Users/finstad/Documents/DIPS.Mobile.UI/src/library/DIPS.Mobile.UI/Converters/ValueConverters/IsEmptyConverter.cs(61,23): warning CS8767: Nullability of reference types in type of parameter 'value' of 'object IsEmptyConverter.ConvertBack(object value, Type targetType, object parameter, CultureInfo culture)' doesn't match implicitly implemented member 'object? IValueConverter.ConvertBack(object? value, Type targetType, object? parameter, CultureInfo culture)' (possibly because of nullability attributes). [/Users/finstad/Documents/DIPS.Mobile.UI/src/library/DIPS.Mobile.UI/DIPS.Mobile.UI.csproj::TargetFramework=net10.0-ios]
/Users/finstad/Documents/DIPS.Mobile.UI/src/library/DIPS.Mobile.UI/Converters/ValueConverters/IsEmptyConverter.cs(61,23): warning CS8767: Nullability of reference types in type of parameter 'parameter' of 'object IsEmptyConverter.ConvertBack(object value, Type targetType, object parameter, CultureInfo culture)' doesn't match implicitly implemented member 'object? IValueConverter.ConvertBack(object? value, Type targetType, object? parameter, CultureInfo culture)' (possibly because of nullability attributes). [/Users/finstad/Documents/DIPS.Mobile.UI/src/library/DIPS.Mobile.UI/DIPS.Mobile.UI.csproj::TargetFramework=net10.0-ios]
/Users/finstad/Documents/DIPS.Mobile.UI/src/library/DIPS.Mobile.UI/Converters/ValueConverters/InvertedBoolConverter.cs(30,23): warning CS8767: Nullability of reference types in type of parameter 'parameter' of 'object InvertedBoolConverter.Convert(object? value, Type targetType, object parameter, CultureInfo culture)' doesn't match implicitly implemented member 'object? IValueConverter.Convert(object? value, Type targetType, object? parameter, CultureInfo culture)' (possibly because of nullability attributes). [/Users/finstad/Documents/DIPS.Mobile.UI/src/library/DIPS.Mobile.UI/DIPS.Mobile.UI.csproj::TargetFramework=net10.0-ios]
/Users/finstad/Documents/DIPS.Mobile.UI/src/library/DIPS.Mobile.UI/Converters/ValueConverters/InvertedBoolConverter.cs(49,23): warning CS8767: Nullability of reference types in type of parameter 'value' of 'object InvertedBoolConverter.ConvertBack(object value, Type targetType, object parameter, CultureInfo culture)' doesn't match implicitly implemented member 'object? IValueConverter.ConvertBack(object? value, Type targetType, object? parameter, CultureInfo culture)' (possibly because of nullability attributes). [/Users/finstad/Documents/DIPS.Mobile.UI/src/library/DIPS.Mobile.UI/DIPS.Mobile.UI.csproj::TargetFramework=net10.0-ios]
/Users/finstad/Documents/DIPS.Mobile.UI/src/library/DIPS.Mobile.UI/Converters/ValueConverters/InvertedBoolConverter.cs(49,23): warning CS8767: Nullability of reference types in type of parameter 'parameter' of 'object InvertedBoolConverter.ConvertBack(object value, Type targetType, object parameter, CultureInfo culture)' doesn't match implicitly implemented member 'object? IValueConverter.ConvertBack(object? value, Type targetType, object? parameter, CultureInfo culture)' (possibly because of nullability attributes). [/Users/finstad/Documents/DIPS.Mobile.UI/src/library/DIPS.Mobile.UI/DIPS.Mobile.UI.csproj::TargetFramework=net10.0-ios]
/Users/finstad/Documents/DIPS.Mobile.UI/src/library/DIPS.Mobile.UI/Converters/ValueConverters/ObjectToBoolConverter.cs(23,23): warning CS8767: Nullability of reference types in type of parameter 'inputValue' of 'object ObjectToBoolConverter.Convert(object inputValue, Type targetType, object parameter, CultureInfo culture)' doesn't match implicitly implemented member 'object? IValueConverter.Convert(object? value, Type targetType, object? parameter, CultureInfo culture)' (possibly because of nullability attributes). [/Users/finstad/Documents/DIPS.Mobile.UI/src/library/DIPS.Mobile.UI/DIPS.Mobile.UI.csproj::TargetFramework=net10.0-ios]
/Users/finstad/Documents/DIPS.Mobile.UI/src/library/DIPS.Mobile.UI/Converters/ValueConverters/ObjectToBoolConverter.cs(23,23): warning CS8767: Nullability of reference types in type of parameter 'parameter' of 'object ObjectToBoolConverter.Convert(object inputValue, Type targetType, object parameter, CultureInfo culture)' doesn't match implicitly implemented member 'object? IValueConverter.Convert(object? value, Type targetType, object? parameter, CultureInfo culture)' (possibly because of nullability attributes). [/Users/finstad/Documents/DIPS.Mobile.UI/src/library/DIPS.Mobile.UI/DIPS.Mobile.UI.csproj::TargetFramework=net10.0-ios]
/Users/finstad/Documents/DIPS.Mobile.UI/src/library/DIPS.Mobile.UI/Converters/ValueConverters/ObjectToBoolConverter.cs(33,23): warning CS8767: Nullability of reference types in type of parameter 'value' of 'object ObjectToBoolConverter.ConvertBack(object value, Type targetType, object parameter, CultureInfo culture)' doesn't match implicitly implemented member 'object? IValueConverter.ConvertBack(object? value, Type targetType, object? parameter, CultureInfo culture)' (possibly because of nullability attributes). [/Users/finstad/Documents/DIPS.Mobile.UI/src/library/DIPS.Mobile.UI/DIPS.Mobile.UI.csproj::TargetFramework=net10.0-ios]
/Users/finstad/Documents/DIPS.Mobile.UI/src/library/DIPS.Mobile.UI/Converters/ValueConverters/ObjectToBoolConverter.cs(33,23): warning CS8767: Nullability of reference types in type of parameter 'parameter' of 'object ObjectToBoolConverter.ConvertBack(object value, Type targetType, object parameter, CultureInfo culture)' doesn't match implicitly implemented member 'object? IValueConverter.ConvertBack(object? value, Type targetType, object? parameter, CultureInfo culture)' (possibly because of nullability attributes). [/Users/finstad/Documents/DIPS.Mobile.UI/src/library/DIPS.Mobile.UI/DIPS.Mobile.UI.csproj::TargetFramework=net10.0-ios]
/Users/finstad/Documents/DIPS.Mobile.UI/src/library/DIPS.Mobile.UI/Converters/ValueConverters/ValueConverterGroup.cs(9,23): warning CS8767: Nullability of reference types in type of parameter 'value' of 'object ValueConverterGroup.Convert(object value, Type targetType, object parameter, CultureInfo culture)' doesn't match implicitly implemented member 'object? IValueConverter.Convert(object? value, Type targetType, object? parameter, CultureInfo culture)' (possibly because of nullability attributes). [/Users/finstad/Documents/DIPS.Mobile.UI/src/library/DIPS.Mobile.UI/DIPS.Mobile.UI.csproj::TargetFramework=net10.0-ios]
/Users/finstad/Documents/DIPS.Mobile.UI/src/library/DIPS.Mobile.UI/Converters/ValueConverters/ValueConverterGroup.cs(9,23): warning CS8767: Nullability of reference types in type of parameter 'parameter' of 'object ValueConverterGroup.Convert(object value, Type targetType, object parameter, CultureInfo culture)' doesn't match implicitly implemented member 'object? IValueConverter.Convert(object? value, Type targetType, object? parameter, CultureInfo culture)' (possibly because of nullability attributes). [/Users/finstad/Documents/DIPS.Mobile.UI/src/library/DIPS.Mobile.UI/DIPS.Mobile.UI.csproj::TargetFramework=net10.0-ios]
/Users/finstad/Documents/DIPS.Mobile.UI/src/library/DIPS.Mobile.UI/Converters/ValueConverters/ValueConverterGroup.cs(15,23): warning CS8767: Nullability of reference types in type of parameter 'value' of 'object ValueConverterGroup.ConvertBack(object value, Type targetType, object parameter, CultureInfo culture)' doesn't match implicitly implemented member 'object? IValueConverter.ConvertBack(object? value, Type targetType, object? parameter, CultureInfo culture)' (possibly because of nullability attributes). [/Users/finstad/Documents/DIPS.Mobile.UI/src/library/DIPS.Mobile.UI/DIPS.Mobile.UI.csproj::TargetFramework=net10.0-ios]
/Users/finstad/Documents/DIPS.Mobile.UI/src/library/DIPS.Mobile.UI/Converters/ValueConverters/ValueConverterGroup.cs(15,23): warning CS8767: Nullability of reference types in type of parameter 'parameter' of 'object ValueConverterGroup.ConvertBack(object value, Type targetType, object parameter, CultureInfo culture)' doesn't match implicitly implemented member 'object? IValueConverter.ConvertBack(object? value, Type targetType, object? parameter, CultureInfo culture)' (possibly because of nullability attributes). [/Users/finstad/Documents/DIPS.Mobile.UI/src/library/DIPS.Mobile.UI/DIPS.Mobile.UI.csproj::TargetFramework=net10.0-ios]
/Users/finstad/Documents/DIPS.Mobile.UI/src/library/DIPS.Mobile.UI/Converters/ValueConverters/DateConverter.cs(88,23): warning CS8767: Nullability of reference types in type of parameter 'value' of 'object DateConverter.ConvertBack(object value, Type targetType, object parameter, CultureInfo culture)' doesn't match implicitly implemented member 'object? IValueConverter.ConvertBack(object? value, Type targetType, object? parameter, CultureInfo culture)' (possibly because of nullability attributes). [/Users/finstad/Documents/DIPS.Mobile.UI/src/library/DIPS.Mobile.UI/DIPS.Mobile.UI.csproj::TargetFramework=net10.0-ios]
/Users/finstad/Documents/DIPS.Mobile.UI/src/library/DIPS.Mobile.UI/Converters/ValueConverters/DateConverter.cs(88,23): warning CS8767: Nullability of reference types in type of parameter 'parameter' of 'object DateConverter.ConvertBack(object value, Type targetType, object parameter, CultureInfo culture)' doesn't match implicitly implemented member 'object? IValueConverter.ConvertBack(object? value, Type targetType, object? parameter, CultureInfo culture)' (possibly because of nullability attributes). [/Users/finstad/Documents/DIPS.Mobile.UI/src/library/DIPS.Mobile.UI/DIPS.Mobile.UI.csproj::TargetFramework=net10.0-ios]
/Users/finstad/Documents/DIPS.Mobile.UI/src/library/DIPS.Mobile.UI/Converters/ValueConverters/IsEmptyToObjectConverter.cs(40,23): warning CS8767: Nullability of reference types in type of parameter 'value' of 'object IsEmptyToObjectConverter.Convert(object value, Type targetType, object parameter, CultureInfo culture)' doesn't match implicitly implemented member 'object? IValueConverter.Convert(object? value, Type targetType, object? parameter, CultureInfo culture)' (possibly because of nullability attributes). [/Users/finstad/Documents/DIPS.Mobile.UI/src/library/DIPS.Mobile.UI/DIPS.Mobile.UI.csproj::TargetFramework=net10.0-ios]
/Users/finstad/Documents/DIPS.Mobile.UI/src/library/DIPS.Mobile.UI/Converters/ValueConverters/IsEmptyToObjectConverter.cs(40,23): warning CS8767: Nullability of reference types in type of parameter 'parameter' of 'object IsEmptyToObjectConverter.Convert(object value, Type targetType, object parameter, CultureInfo culture)' doesn't match implicitly implemented member 'object? IValueConverter.Convert(object? value, Type targetType, object? parameter, CultureInfo culture)' (possibly because of nullability attributes). [/Users/finstad/Documents/DIPS.Mobile.UI/src/library/DIPS.Mobile.UI/DIPS.Mobile.UI.csproj::TargetFramework=net10.0-ios]
/Users/finstad/Documents/DIPS.Mobile.UI/src/library/DIPS.Mobile.UI/Converters/ValueConverters/IsEmptyToObjectConverter.cs(54,23): warning CS8767: Nullability of reference types in type of parameter 'value' of 'object IsEmptyToObjectConverter.ConvertBack(object value, Type targetType, object parameter, CultureInfo culture)' doesn't match implicitly implemented member 'object? IValueConverter.ConvertBack(object? value, Type targetType, object? parameter, CultureInfo culture)' (possibly because of nullability attributes). [/Users/finstad/Documents/DIPS.Mobile.UI/src/library/DIPS.Mobile.UI/DIPS.Mobile.UI.csproj::TargetFramework=net10.0-ios]
/Users/finstad/Documents/DIPS.Mobile.UI/src/library/DIPS.Mobile.UI/Converters/ValueConverters/IsEmptyToObjectConverter.cs(54,23): warning CS8767: Nullability of reference types in type of parameter 'parameter' of 'object IsEmptyToObjectConverter.ConvertBack(object value, Type targetType, object parameter, CultureInfo culture)' doesn't match implicitly implemented member 'object? IValueConverter.ConvertBack(object? value, Type targetType, object? parameter, CultureInfo culture)' (possibly because of nullability attributes). [/Users/finstad/Documents/DIPS.Mobile.UI/src/library/DIPS.Mobile.UI/DIPS.Mobile.UI.csproj::TargetFramework=net10.0-ios]
/Users/finstad/Documents/DIPS.Mobile.UI/src/library/DIPS.Mobile.UI/Converters/ValueConverters/TimeConverter.cs(46,23): warning CS8767: Nullability of reference types in type of parameter 'parameter' of 'object TimeConverter.Convert(object? value, Type targetType, object parameter, CultureInfo culture)' doesn't match implicitly implemented member 'object? IValueConverter.Convert(object? value, Type targetType, object? parameter, CultureInfo culture)' (possibly because of nullability attributes). [/Users/finstad/Documents/DIPS.Mobile.UI/src/library/DIPS.Mobile.UI/DIPS.Mobile.UI.csproj::TargetFramework=net10.0-ios]
/Users/finstad/Documents/DIPS.Mobile.UI/src/library/DIPS.Mobile.UI/Converters/ValueConverters/TimeConverter.cs(73,23): warning CS8767: Nullability of reference types in type of parameter 'value' of 'object TimeConverter.ConvertBack(object value, Type targetType, object parameter, CultureInfo culture)' doesn't match implicitly implemented member 'object? IValueConverter.ConvertBack(object? value, Type targetType, object? parameter, CultureInfo culture)' (possibly because of nullability attributes). [/Users/finstad/Documents/DIPS.Mobile.UI/src/library/DIPS.Mobile.UI/DIPS.Mobile.UI.csproj::TargetFramework=net10.0-ios]
/Users/finstad/Documents/DIPS.Mobile.UI/src/library/DIPS.Mobile.UI/Converters/ValueConverters/TimeConverter.cs(73,23): warning CS8767: Nullability of reference types in type of parameter 'parameter' of 'object TimeConverter.ConvertBack(object value, Type targetType, object parameter, CultureInfo culture)' doesn't match implicitly implemented member 'object? IValueConverter.ConvertBack(object? value, Type targetType, object? parameter, CultureInfo culture)' (possibly because of nullability attributes). [/Users/finstad/Documents/DIPS.Mobile.UI/src/library/DIPS.Mobile.UI/DIPS.Mobile.UI.csproj::TargetFramework=net10.0-ios]
/Users/finstad/Documents/DIPS.Mobile.UI/src/library/DIPS.Mobile.UI/Converters/ValueConverters/MultiplicationConverter.cs(28,23): warning CS8767: Nullability of reference types in type of parameter 'value' of 'object MultiplicationConverter.Convert(object value, Type targetType, object parameter, CultureInfo culture)' doesn't match implicitly implemented member 'object? IValueConverter.Convert(object? value, Type targetType, object? parameter, CultureInfo culture)' (possibly because of nullability attributes). [/Users/finstad/Documents/DIPS.Mobile.UI/src/library/DIPS.Mobile.UI/DIPS.Mobile.UI.csproj::TargetFramework=net10.0-ios]
/Users/finstad/Documents/DIPS.Mobile.UI/src/library/DIPS.Mobile.UI/Converters/ValueConverters/MultiplicationConverter.cs(28,23): warning CS8767: Nullability of reference types in type of parameter 'parameter' of 'object MultiplicationConverter.Convert(object value, Type targetType, object parameter, CultureInfo culture)' doesn't match implicitly implemented member 'object? IValueConverter.Convert(object? value, Type targetType, object? parameter, CultureInfo culture)' (possibly because of nullability attributes). [/Users/finstad/Documents/DIPS.Mobile.UI/src/library/DIPS.Mobile.UI/DIPS.Mobile.UI.csproj::TargetFramework=net10.0-ios]
/Users/finstad/Documents/DIPS.Mobile.UI/src/library/DIPS.Mobile.UI/Converters/ValueConverters/MultiplicationConverter.cs(39,23): warning CS8767: Nullability of reference types in type of parameter 'value' of 'object MultiplicationConverter.ConvertBack(object value, Type targetType, object parameter, CultureInfo culture)' doesn't match implicitly implemented member 'object? IValueConverter.ConvertBack(object? value, Type targetType, object? parameter, CultureInfo culture)' (possibly because of nullability attributes). [/Users/finstad/Documents/DIPS.Mobile.UI/src/library/DIPS.Mobile.UI/DIPS.Mobile.UI.csproj::TargetFramework=net10.0-ios]
/Users/finstad/Documents/DIPS.Mobile.UI/src/library/DIPS.Mobile.UI/Converters/ValueConverters/MultiplicationConverter.cs(39,23): warning CS8767: Nullability of reference types in type of parameter 'parameter' of 'object MultiplicationConverter.ConvertBack(object value, Type targetType, object parameter, CultureInfo culture)' doesn't match implicitly implemented member 'object? IValueConverter.ConvertBack(object? value, Type targetType, object? parameter, CultureInfo culture)' (possibly because of nullability attributes). [/Users/finstad/Documents/DIPS.Mobile.UI/src/library/DIPS.Mobile.UI/DIPS.Mobile.UI.csproj::TargetFramework=net10.0-ios]
/Users/finstad/Documents/DIPS.Mobile.UI/src/library/DIPS.Mobile.UI/Components/BottomSheets/iOS/BottomSheetHandler.cs(14,33): warning CS8826: Partial method declarations 'void BottomSheetHandler.MapIsDraggable(BottomSheetHandler handler, BottomSheet bottomSheet)' and 'void BottomSheetHandler.MapIsDraggable(BottomSheetHandler arg1, BottomSheet arg2)' have signature differences. [/Users/finstad/Documents/DIPS.Mobile.UI/src/library/DIPS.Mobile.UI/DIPS.Mobile.UI.csproj::TargetFramework=net10.0-ios]
/Users/finstad/Documents/DIPS.Mobile.UI/src/library/DIPS.Mobile.UI/Converters/ValueConverters/TypeToObjectConverter.cs(34,23): warning CS8767: Nullability of reference types in type of parameter 'value' of 'object TypeToObjectConverter.Convert(object value, Type targetType, object parameter, CultureInfo culture)' doesn't match implicitly implemented member 'object? IValueConverter.Convert(object? value, Type targetType, object? parameter, CultureInfo culture)' (possibly because of nullability attributes). [/Users/finstad/Documents/DIPS.Mobile.UI/src/library/DIPS.Mobile.UI/DIPS.Mobile.UI.csproj::TargetFramework=net10.0-ios]
/Users/finstad/Documents/DIPS.Mobile.UI/src/library/DIPS.Mobile.UI/Converters/ValueConverters/TypeToObjectConverter.cs(34,23): warning CS8767: Nullability of reference types in type of parameter 'parameter' of 'object TypeToObjectConverter.Convert(object value, Type targetType, object parameter, CultureInfo culture)' doesn't match implicitly implemented member 'object? IValueConverter.Convert(object? value, Type targetType, object? parameter, CultureInfo culture)' (possibly because of nullability attributes). [/Users/finstad/Documents/DIPS.Mobile.UI/src/library/DIPS.Mobile.UI/DIPS.Mobile.UI.csproj::TargetFramework=net10.0-ios]
/Users/finstad/Documents/DIPS.Mobile.UI/src/library/DIPS.Mobile.UI/Converters/ValueConverters/TypeToObjectConverter.cs(54,23): warning CS8767: Nullability of reference types in type of parameter 'value' of 'object TypeToObjectConverter.ConvertBack(object value, Type targetType, object parameter, CultureInfo culture)' doesn't match implicitly implemented member 'object? IValueConverter.ConvertBack(object? value, Type targetType, object? parameter, CultureInfo culture)' (possibly because of nullability attributes). [/Users/finstad/Documents/DIPS.Mobile.UI/src/library/DIPS.Mobile.UI/DIPS.Mobile.UI.csproj::TargetFramework=net10.0-ios]
/Users/finstad/Documents/DIPS.Mobile.UI/src/library/DIPS.Mobile.UI/Converters/ValueConverters/TypeToObjectConverter.cs(54,23): warning CS8767: Nullability of reference types in type of parameter 'parameter' of 'object TypeToObjectConverter.ConvertBack(object value, Type targetType, object parameter, CultureInfo culture)' doesn't match implicitly implemented member 'object? IValueConverter.ConvertBack(object? value, Type targetType, object? parameter, CultureInfo culture)' (possibly because of nullability attributes). [/Users/finstad/Documents/DIPS.Mobile.UI/src/library/DIPS.Mobile.UI/DIPS.Mobile.UI.csproj::TargetFramework=net10.0-ios]
/Users/finstad/Documents/DIPS.Mobile.UI/src/library/DIPS.Mobile.UI/Converters/ValueConverters/StringCaseConverter.cs(26,24): warning CS8767: Nullability of reference types in type of parameter 'value' of 'object? StringCaseConverter.Convert(object value, Type targetType, object parameter, CultureInfo culture)' doesn't match implicitly implemented member 'object? IValueConverter.Convert(object? value, Type targetType, object? parameter, CultureInfo culture)' (possibly because of nullability attributes). [/Users/finstad/Documents/DIPS.Mobile.UI/src/library/DIPS.Mobile.UI/DIPS.Mobile.UI.csproj::TargetFramework=net10.0-ios]
/Users/finstad/Documents/DIPS.Mobile.UI/src/library/DIPS.Mobile.UI/Converters/ValueConverters/StringCaseConverter.cs(26,24): warning CS8767: Nullability of reference types in type of parameter 'parameter' of 'object? StringCaseConverter.Convert(object value, Type targetType, object parameter, CultureInfo culture)' doesn't match implicitly implemented member 'object? IValueConverter.Convert(object? value, Type targetType, object? parameter, CultureInfo culture)' (possibly because of nullability attributes). [/Users/finstad/Documents/DIPS.Mobile.UI/src/library/DIPS.Mobile.UI/DIPS.Mobile.UI.csproj::TargetFramework=net10.0-ios]
/Users/finstad/Documents/DIPS.Mobile.UI/src/library/DIPS.Mobile.UI/Converters/ValueConverters/StringCaseConverter.cs(40,23): warning CS8767: Nullability of reference types in type of parameter 'value' of 'object StringCaseConverter.ConvertBack(object value, Type targetType, object parameter, CultureInfo culture)' doesn't match implicitly implemented member 'object? IValueConverter.ConvertBack(object? value, Type targetType, object? parameter, CultureInfo culture)' (possibly because of nullability attributes). [/Users/finstad/Documents/DIPS.Mobile.UI/src/library/DIPS.Mobile.UI/DIPS.Mobile.UI.csproj::TargetFramework=net10.0-ios]
/Users/finstad/Documents/DIPS.Mobile.UI/src/library/DIPS.Mobile.UI/Converters/ValueConverters/StringCaseConverter.cs(40,23): warning CS8767: Nullability of reference types in type of parameter 'parameter' of 'object StringCaseConverter.ConvertBack(object value, Type targetType, object parameter, CultureInfo culture)' doesn't match implicitly implemented member 'object? IValueConverter.ConvertBack(object? value, Type targetType, object? parameter, CultureInfo culture)' (possibly because of nullability attributes). [/Users/finstad/Documents/DIPS.Mobile.UI/src/library/DIPS.Mobile.UI/DIPS.Mobile.UI.csproj::TargetFramework=net10.0-ios]
/Users/finstad/Documents/DIPS.Mobile.UI/src/library/DIPS.Mobile.UI/Components/Chips/iOS/Chip.cs(196,69): warning CS8625: Cannot convert null literal to non-nullable reference type. [/Users/finstad/Documents/DIPS.Mobile.UI/src/library/DIPS.Mobile.UI/DIPS.Mobile.UI.csproj::TargetFramework=net10.0-ios]
/Users/finstad/Documents/DIPS.Mobile.UI/src/library/DIPS.Mobile.UI/Components/ContextMenus/ContextMenuItem.Properties.cs(132,20): warning CS0108: 'ContextMenuItem.Parent' hides inherited member 'Element.Parent'. Use the new keyword if hiding was intended. [/Users/finstad/Documents/DIPS.Mobile.UI/src/library/DIPS.Mobile.UI/DIPS.Mobile.UI.csproj::TargetFramework=net10.0-ios]
/Users/finstad/Documents/DIPS.Mobile.UI/src/library/DIPS.Mobile.UI/Components/ContextMenus/ContextMenuItem.cs(30,69): warning CS8625: Cannot convert null literal to non-nullable reference type. [/Users/finstad/Documents/DIPS.Mobile.UI/src/library/DIPS.Mobile.UI/DIPS.Mobile.UI.csproj::TargetFramework=net10.0-ios]
/Users/finstad/Documents/DIPS.Mobile.UI/src/library/DIPS.Mobile.UI/Extensions/ViewExtensions.cs(147,113): warning CS8625: Cannot convert null literal to non-nullable reference type. [/Users/finstad/Documents/DIPS.Mobile.UI/src/library/DIPS.Mobile.UI/DIPS.Mobile.UI.csproj::TargetFramework=net10.0-ios]
/Users/finstad/Documents/DIPS.Mobile.UI/src/library/DIPS.Mobile.UI/MVVM/Commands/AsyncCommand.cs(58,27): warning CS8767: Nullability of reference types in type of parameter 'parameter' of 'void AsyncCommand.Execute(object parameter)' doesn't match implicitly implemented member 'void ICommand.Execute(object? parameter)' (possibly because of nullability attributes). [/Users/finstad/Documents/DIPS.Mobile.UI/src/library/DIPS.Mobile.UI/DIPS.Mobile.UI.csproj::TargetFramework=net10.0-ios]
/Users/finstad/Documents/DIPS.Mobile.UI/src/library/DIPS.Mobile.UI/Extensions/ViewExtensions.cs(157,111): warning CS8625: Cannot convert null literal to non-nullable reference type. [/Users/finstad/Documents/DIPS.Mobile.UI/src/library/DIPS.Mobile.UI/DIPS.Mobile.UI.csproj::TargetFramework=net10.0-ios]
/Users/finstad/Documents/DIPS.Mobile.UI/src/library/DIPS.Mobile.UI/Platforms/iOS/UIButtonWithExtraTappableArea.cs(40,30): warning CS8765: Nullability of type of parameter 'evt' doesn't match overridden member (possibly because of nullability attributes). [/Users/finstad/Documents/DIPS.Mobile.UI/src/library/DIPS.Mobile.UI/DIPS.Mobile.UI.csproj::TargetFramework=net10.0-ios]
/Users/finstad/Documents/DIPS.Mobile.UI/src/library/DIPS.Mobile.UI/MVVM/Commands/AsyncCommand.cs(106,21): warning CS8767: Nullability of reference types in type of parameter 'parameter' of 'bool AsyncCommand<T>.CanExecute(object parameter)' doesn't match implicitly implemented member 'bool ICommand.CanExecute(object? parameter)' (possibly because of nullability attributes). [/Users/finstad/Documents/DIPS.Mobile.UI/src/library/DIPS.Mobile.UI/DIPS.Mobile.UI.csproj::TargetFramework=net10.0-ios]
/Users/finstad/Documents/DIPS.Mobile.UI/src/library/DIPS.Mobile.UI/MVVM/Commands/AsyncCommand.cs(137,21): warning CS8767: Nullability of reference types in type of parameter 'parameter' of 'void AsyncCommand<T>.Execute(object parameter)' doesn't match implicitly implemented member 'void ICommand.Execute(object? parameter)' (possibly because of nullability attributes). [/Users/finstad/Documents/DIPS.Mobile.UI/src/library/DIPS.Mobile.UI/DIPS.Mobile.UI.csproj::TargetFramework=net10.0-ios]
/Users/finstad/Documents/DIPS.Mobile.UI/src/library/DIPS.Mobile.UI/Components/ContextMenus/iOS/ContextMenuHelper.cs(12,66): warning CS8625: Cannot convert null literal to non-nullable reference type. [/Users/finstad/Documents/DIPS.Mobile.UI/src/library/DIPS.Mobile.UI/DIPS.Mobile.UI.csproj::TargetFramework=net10.0-ios]
/Users/finstad/Documents/DIPS.Mobile.UI/src/library/DIPS.Mobile.UI/Components/ContextMenus/iOS/ContextMenuHelper.cs(12,101): warning CS8625: Cannot convert null literal to non-nullable reference type. [/Users/finstad/Documents/DIPS.Mobile.UI/src/library/DIPS.Mobile.UI/DIPS.Mobile.UI.csproj::TargetFramework=net10.0-ios]
/Users/finstad/Documents/DIPS.Mobile.UI/src/library/DIPS.Mobile.UI/Components/ContextMenus/ContextMenuSeparatorItem.cs(23,69): warning CS8625: Cannot convert null literal to non-nullable reference type. [/Users/finstad/Documents/DIPS.Mobile.UI/src/library/DIPS.Mobile.UI/DIPS.Mobile.UI.csproj::TargetFramework=net10.0-ios]
/Users/finstad/Documents/DIPS.Mobile.UI/src/library/DIPS.Mobile.UI/Components/ListItems/Options/InLineContent/InLineContentOptions.Properties.cs(19,27): warning CS0618: 'GridLengthTypeConverter' is obsolete: 'Microsoft.Maui.Controls.GridLengthTypeConverter is obsolete. Use Microsoft.Maui.Converters.GridLengthConverter instead.' [/Users/finstad/Documents/DIPS.Mobile.UI/src/library/DIPS.Mobile.UI/DIPS.Mobile.UI.csproj::TargetFramework=net10.0-ios]
/Users/finstad/Documents/DIPS.Mobile.UI/src/library/DIPS.Mobile.UI/Components/ListItems/Options/Title/TitleOptions.Properties.cs(41,27): warning CS0618: 'GridLengthTypeConverter' is obsolete: 'Microsoft.Maui.Controls.GridLengthTypeConverter is obsolete. Use Microsoft.Maui.Converters.GridLengthConverter instead.' [/Users/finstad/Documents/DIPS.Mobile.UI/src/library/DIPS.Mobile.UI/DIPS.Mobile.UI.csproj::TargetFramework=net10.0-ios]
/Users/finstad/Documents/DIPS.Mobile.UI/src/library/DIPS.Mobile.UI/Components/Pickers/DatePicker/Service/iOS/DatePickerService.cs(9,72): warning CS1066: The default value specified for parameter 'sourceView' will have no effect because it applies to a member that is used in contexts that do not allow optional arguments [/Users/finstad/Documents/DIPS.Mobile.UI/src/library/DIPS.Mobile.UI/DIPS.Mobile.UI.csproj::TargetFramework=net10.0-ios]
/Users/finstad/Documents/DIPS.Mobile.UI/src/library/DIPS.Mobile.UI/Components/Buttons/Button.cs(35,73): warning CS8625: Cannot convert null literal to non-nullable reference type. [/Users/finstad/Documents/DIPS.Mobile.UI/src/library/DIPS.Mobile.UI/DIPS.Mobile.UI.csproj::TargetFramework=net10.0-ios]
/Users/finstad/Documents/DIPS.Mobile.UI/src/library/DIPS.Mobile.UI/Components/Pickers/TimePicker/iOS/TimePickerService.cs(10,72): warning CS1066: The default value specified for parameter 'sourceView' will have no effect because it applies to a member that is used in contexts that do not allow optional arguments [/Users/finstad/Documents/DIPS.Mobile.UI/src/library/DIPS.Mobile.UI/DIPS.Mobile.UI.csproj::TargetFramework=net10.0-ios]
/Users/finstad/Documents/DIPS.Mobile.UI/src/library/DIPS.Mobile.UI/Components/TiffViewer/iOS/TiffViewer.cs(11,75): warning CS1066: The default value specified for parameter 'cancellationToken' will have no effect because it applies to a member that is used in contexts that do not allow optional arguments [/Users/finstad/Documents/DIPS.Mobile.UI/src/library/DIPS.Mobile.UI/DIPS.Mobile.UI.csproj::TargetFramework=net10.0-ios]
/Users/finstad/Documents/DIPS.Mobile.UI/src/library/DIPS.Mobile.UI/Components/TiffViewer/iOS/TiffViewer.cs(45,104): warning CS1066: The default value specified for parameter 'cancellationToken' will have no effect because it applies to a member that is used in contexts that do not allow optional arguments [/Users/finstad/Documents/DIPS.Mobile.UI/src/library/DIPS.Mobile.UI/DIPS.Mobile.UI.csproj::TargetFramework=net10.0-ios]
/Users/finstad/Documents/DIPS.Mobile.UI/src/library/DIPS.Mobile.UI/Components/Toolbar/ToolbarButton.Properties.cs(144,21): warning CS0109: The member 'ToolbarButton.IsVisible' does not hide an accessible member. The new keyword is not required. [/Users/finstad/Documents/DIPS.Mobile.UI/src/library/DIPS.Mobile.UI/DIPS.Mobile.UI.csproj::TargetFramework=net10.0-ios]
/Users/finstad/Documents/DIPS.Mobile.UI/src/library/DIPS.Mobile.UI/API/Accessibility/SemanticDescriptionExtension.cs(59,9): warning CS0162: Unreachable code detected [/Users/finstad/Documents/DIPS.Mobile.UI/src/library/DIPS.Mobile.UI/DIPS.Mobile.UI.csproj::TargetFramework=net10.0-ios]
/Users/finstad/Documents/DIPS.Mobile.UI/src/library/DIPS.Mobile.UI/API/Accessibility/SemanticDescriptionExtension.cs(16,19): warning CS8618: Non-nullable property 'Description' must contain a non-null value when exiting constructor. Consider adding the 'required' modifier or declaring the property as nullable. [/Users/finstad/Documents/DIPS.Mobile.UI/src/library/DIPS.Mobile.UI/DIPS.Mobile.UI.csproj::TargetFramework=net10.0-ios]
/Users/finstad/Documents/DIPS.Mobile.UI/src/library/DIPS.Mobile.UI/API/Tip/iOS/TipUIViewController.cs(22,12): warning CS8618: Non-nullable field 'm_grid' must contain a non-null value when exiting constructor. Consider adding the 'required' modifier or declaring the field as nullable. [/Users/finstad/Documents/DIPS.Mobile.UI/src/library/DIPS.Mobile.UI/DIPS.Mobile.UI.csproj::TargetFramework=net10.0-ios]
/Users/finstad/Documents/DIPS.Mobile.UI/src/library/DIPS.Mobile.UI/API/Tip/iOS/TipUIViewController.cs(22,12): warning CS8618: Non-nullable field 'm_gridPlatform' must contain a non-null value when exiting constructor. Consider adding the 'required' modifier or declaring the field as nullable. [/Users/finstad/Documents/DIPS.Mobile.UI/src/library/DIPS.Mobile.UI/DIPS.Mobile.UI.csproj::TargetFramework=net10.0-ios]
/Users/finstad/Documents/DIPS.Mobile.UI/src/library/DIPS.Mobile.UI/Components/AmplitudeView/AmplitudeViewDrawable.cs(23,12): warning CS8618: Non-nullable field 'm_amplitudeView' must contain a non-null value when exiting constructor. Consider adding the 'required' modifier or declaring the field as nullable. [/Users/finstad/Documents/DIPS.Mobile.UI/src/library/DIPS.Mobile.UI/DIPS.Mobile.UI.csproj::TargetFramework=net10.0-ios]
/Users/finstad/Documents/DIPS.Mobile.UI/src/library/DIPS.Mobile.UI/obj/Debug/net10.0-ios/Microsoft.Maui.Controls.BindingSourceGen/Microsoft.Maui.Controls.BindingSourceGen.BindingSourceGenerator/-Users-finstad-Documents-DIPS.Mobile.UI-src-library-DIPS.Mobile.UI-Components-CheckBoxes-CheckBox.cs-GeneratedBindingInterceptors-34-23.g.cs(47,26): warning CS0618: 'CheckBox' is obsolete: 'This component is not using the correct styling. Please use Checkmark / RadioButton' [/Users/finstad/Documents/DIPS.Mobile.UI/src/library/DIPS.Mobile.UI/DIPS.Mobile.UI.csproj::TargetFramework=net10.0-ios]
/Users/finstad/Documents/DIPS.Mobile.UI/src/library/DIPS.Mobile.UI/obj/Debug/net10.0-ios/Microsoft.Maui.Controls.BindingSourceGen/Microsoft.Maui.Controls.BindingSourceGen.BindingSourceGenerator/-Users-finstad-Documents-DIPS.Mobile.UI-src-library-DIPS.Mobile.UI-Components-CheckBoxes-CheckBox.cs-GeneratedBindingInterceptors-34-23.g.cs(56,77): warning CS0618: 'CheckBox' is obsolete: 'This component is not using the correct styling. Please use Checkmark / RadioButton' [/Users/finstad/Documents/DIPS.Mobile.UI/src/library/DIPS.Mobile.UI/DIPS.Mobile.UI.csproj::TargetFramework=net10.0-ios]
/Users/finstad/Documents/DIPS.Mobile.UI/src/library/DIPS.Mobile.UI/obj/Debug/net10.0-ios/Microsoft.Maui.Controls.BindingSourceGen/Microsoft.Maui.Controls.BindingSourceGen.BindingSourceGenerator/-Users-finstad-Documents-DIPS.Mobile.UI-src-library-DIPS.Mobile.UI-Components-CheckBoxes-CheckBox.cs-GeneratedBindingInterceptors-34-23.g.cs(59,60): warning CS0618: 'CheckBox' is obsolete: 'This component is not using the correct styling. Please use Checkmark / RadioButton' [/Users/finstad/Documents/DIPS.Mobile.UI/src/library/DIPS.Mobile.UI/DIPS.Mobile.UI.csproj::TargetFramework=net10.0-ios]
/Users/finstad/Documents/DIPS.Mobile.UI/src/library/DIPS.Mobile.UI/Converters/ValueConverters/ValueConverterGroup.cs(11,66): warning CS8603: Possible null reference return. [/Users/finstad/Documents/DIPS.Mobile.UI/src/library/DIPS.Mobile.UI/DIPS.Mobile.UI.csproj::TargetFramework=net10.0-ios]
/Users/finstad/Documents/DIPS.Mobile.UI/src/library/DIPS.Mobile.UI/Components/AmplitudeView/AmplitudeView.cs(109,13): warning CS0618: 'ViewExtensions.FadeTo(VisualElement, double, uint, Easing?)' is obsolete: 'Please use FadeToAsync instead.' [/Users/finstad/Documents/DIPS.Mobile.UI/src/library/DIPS.Mobile.UI/DIPS.Mobile.UI.csproj::TargetFramework=net10.0-ios]
/Users/finstad/Documents/DIPS.Mobile.UI/src/library/DIPS.Mobile.UI/Components/Alerting/SystemMessage/SystemMessage.cs(90,32): warning CS8602: Dereference of a possibly null reference. [/Users/finstad/Documents/DIPS.Mobile.UI/src/library/DIPS.Mobile.UI/DIPS.Mobile.UI.csproj::TargetFramework=net10.0-ios]
/Users/finstad/Documents/DIPS.Mobile.UI/src/library/DIPS.Mobile.UI/Components/AmplitudeView/AmplitudeView.cs(125,19): warning CS0618: 'ViewExtensions.FadeTo(VisualElement, double, uint, Easing?)' is obsolete: 'Please use FadeToAsync instead.' [/Users/finstad/Documents/DIPS.Mobile.UI/src/library/DIPS.Mobile.UI/DIPS.Mobile.UI.csproj::TargetFramework=net10.0-ios]
/Users/finstad/Documents/DIPS.Mobile.UI/src/library/DIPS.Mobile.UI/Components/AmplitudeView/AmplitudeView.cs(128,23): warning CS0618: 'ViewExtensions.FadeTo(VisualElement, double, uint, Easing?)' is obsolete: 'Please use FadeToAsync instead.' [/Users/finstad/Documents/DIPS.Mobile.UI/src/library/DIPS.Mobile.UI/DIPS.Mobile.UI.csproj::TargetFramework=net10.0-ios]
/Users/finstad/Documents/DIPS.Mobile.UI/src/library/DIPS.Mobile.UI/Components/Alerting/SystemMessage/SystemMessage.cs(107,9): warning CS0618: 'ViewExtensions.FadeTo(VisualElement, double, uint, Easing?)' is obsolete: 'Please use FadeToAsync instead.' [/Users/finstad/Documents/DIPS.Mobile.UI/src/library/DIPS.Mobile.UI/DIPS.Mobile.UI.csproj::TargetFramework=net10.0-ios]
/Users/finstad/Documents/DIPS.Mobile.UI/src/library/DIPS.Mobile.UI/Components/Alerting/SystemMessage/SystemMessage.cs(108,9): warning CS0618: 'ViewExtensions.ScaleTo(VisualElement, double, uint, Easing?)' is obsolete: 'Please use ScaleToAsync instead.' [/Users/finstad/Documents/DIPS.Mobile.UI/src/library/DIPS.Mobile.UI/DIPS.Mobile.UI.csproj::TargetFramework=net10.0-ios]
/Users/finstad/Documents/DIPS.Mobile.UI/src/library/DIPS.Mobile.UI/Components/Alerting/SystemMessage/SystemMessage.cs(119,20): warning CS0618: 'ViewExtensions.FadeTo(VisualElement, double, uint, Easing?)' is obsolete: 'Please use FadeToAsync instead.' [/Users/finstad/Documents/DIPS.Mobile.UI/src/library/DIPS.Mobile.UI/DIPS.Mobile.UI.csproj::TargetFramework=net10.0-ios]
/Users/finstad/Documents/DIPS.Mobile.UI/src/library/DIPS.Mobile.UI/Components/Alerting/SystemMessage/SystemMessage.cs(120,21): warning CS0618: 'ViewExtensions.ScaleTo(VisualElement, double, uint, Easing?)' is obsolete: 'Please use ScaleToAsync instead.' [/Users/finstad/Documents/DIPS.Mobile.UI/src/library/DIPS.Mobile.UI/DIPS.Mobile.UI.csproj::TargetFramework=net10.0-ios]
/Users/finstad/Documents/DIPS.Mobile.UI/src/library/DIPS.Mobile.UI/Components/Alerting/SystemMessage/iOS/SystemMessageService.cs(17,47): warning CS8602: Dereference of a possibly null reference. [/Users/finstad/Documents/DIPS.Mobile.UI/src/library/DIPS.Mobile.UI/DIPS.Mobile.UI.csproj::TargetFramework=net10.0-ios]
/Users/finstad/Documents/DIPS.Mobile.UI/src/library/DIPS.Mobile.UI/Components/Alerting/Dialog/DialogService.cs(67,16): warning CS8602: Dereference of a possibly null reference. [/Users/finstad/Documents/DIPS.Mobile.UI/src/library/DIPS.Mobile.UI/DIPS.Mobile.UI.csproj::TargetFramework=net10.0-ios]
/Users/finstad/Documents/DIPS.Mobile.UI/src/library/DIPS.Mobile.UI/Components/BottomSheets/OpenBottomSheetCommandExtension.cs(23,21): warning CS4014: Because this call is not awaited, execution of the current method continues before the call is completed. Consider applying the 'await' operator to the result of the call. [/Users/finstad/Documents/DIPS.Mobile.UI/src/library/DIPS.Mobile.UI/DIPS.Mobile.UI.csproj::TargetFramework=net10.0-ios]
/Users/finstad/Documents/DIPS.Mobile.UI/src/library/DIPS.Mobile.UI/Components/BottomSheets/BottomSheet.cs(16,16): warning CS8618: Non-nullable event 'SearchTextChanged' must contain a non-null value when exiting constructor. Consider adding the 'required' modifier or declaring the event as nullable. [/Users/finstad/Documents/DIPS.Mobile.UI/src/library/DIPS.Mobile.UI/DIPS.Mobile.UI.csproj::TargetFramework=net10.0-ios]
/Users/finstad/Documents/DIPS.Mobile.UI/src/library/DIPS.Mobile.UI/Components/BottomSheets/BottomSheet.cs(16,16): warning CS8618: Non-nullable property 'ViewController' must contain a non-null value when exiting constructor. Consider adding the 'required' modifier or declaring the property as nullable. [/Users/finstad/Documents/DIPS.Mobile.UI/src/library/DIPS.Mobile.UI/DIPS.Mobile.UI.csproj::TargetFramework=net10.0-ios]
/Users/finstad/Documents/DIPS.Mobile.UI/src/library/DIPS.Mobile.UI/API/Builder/AppHostBuilderExtensions.cs(89,25): warning CS0618: 'FadeOutEffect' is obsolete: 'Does not work yet' [/Users/finstad/Documents/DIPS.Mobile.UI/src/library/DIPS.Mobile.UI/DIPS.Mobile.UI.csproj::TargetFramework=net10.0-ios]
/Users/finstad/Documents/DIPS.Mobile.UI/src/library/DIPS.Mobile.UI/API/Library/iOS/DUI.cs(21,26): warning CS8602: Dereference of a possibly null reference. [/Users/finstad/Documents/DIPS.Mobile.UI/src/library/DIPS.Mobile.UI/DIPS.Mobile.UI.csproj::TargetFramework=net10.0-ios]
/Users/finstad/Documents/DIPS.Mobile.UI/src/library/DIPS.Mobile.UI/API/Library/iOS/DUI.cs(21,26): warning CS8602: Dereference of a possibly null reference. [/Users/finstad/Documents/DIPS.Mobile.UI/src/library/DIPS.Mobile.UI/DIPS.Mobile.UI.csproj::TargetFramework=net10.0-ios]
/Users/finstad/Documents/DIPS.Mobile.UI/src/library/DIPS.Mobile.UI/API/Library/DUI.cs(26,82): warning CS0618: 'Application.MainPage.get' is obsolete: 'This property has been deprecated. For single-window applications, use Windows[0].Page. For multi-window applications, identify and use the appropriate Window object to access the desired Page. Additionally, each element features a Window property, accessible when it's part of the current window.' [/Users/finstad/Documents/DIPS.Mobile.UI/src/library/DIPS.Mobile.UI/DIPS.Mobile.UI.csproj::TargetFramework=net10.0-ios]
/Users/finstad/Documents/DIPS.Mobile.UI/src/library/DIPS.Mobile.UI/Effects/Touch/iOS/TouchEffectGestureRecognizerDelegate.cs(42,33): warning CS8604: Possible null reference argument for parameter 'view' in 'bool TouchEffectGestureRecognizerDelegate.CheckRecognizers(UIView view, UIView superViewThatContainsRecognizer)'. [/Users/finstad/Documents/DIPS.Mobile.UI/src/library/DIPS.Mobile.UI/DIPS.Mobile.UI.csproj::TargetFramework=net10.0-ios]
/Users/finstad/Documents/DIPS.Mobile.UI/src/library/DIPS.Mobile.UI/Components/Toolbar/iOS/ToolbarHandler.cs(237,99): warning CS8625: Cannot convert null literal to non-nullable reference type. [/Users/finstad/Documents/DIPS.Mobile.UI/src/library/DIPS.Mobile.UI/DIPS.Mobile.UI.csproj::TargetFramework=net10.0-ios]
/Users/finstad/Documents/DIPS.Mobile.UI/src/library/DIPS.Mobile.UI/Components/Toolbar/iOS/ToolbarHandler.cs(253,40): warning CS8604: Possible null reference argument for parameter 'image' in 'UIBarButtonItem.UIBarButtonItem(UIImage image, UIBarButtonItemStyle style, EventHandler handler)'. [/Users/finstad/Documents/DIPS.Mobile.UI/src/library/DIPS.Mobile.UI/DIPS.Mobile.UI.csproj::TargetFramework=net10.0-ios]
/Users/finstad/Documents/DIPS.Mobile.UI/src/library/DIPS.Mobile.UI/Components/BottomSheets/iOS/BottomSheetNavigationBarHelper.cs(91,50): warning CS8604: Possible null reference argument for parameter 'image' in 'UIBarButtonItem.UIBarButtonItem(UIImage image, UIBarButtonItemStyle style, EventHandler handler)'. [/Users/finstad/Documents/DIPS.Mobile.UI/src/library/DIPS.Mobile.UI/DIPS.Mobile.UI.csproj::TargetFramework=net10.0-ios]
/Users/finstad/Documents/DIPS.Mobile.UI/src/library/DIPS.Mobile.UI/Components/Toolbar/iOS/ToolbarHandler.cs(291,79): warning CS8625: Cannot convert null literal to non-nullable reference type. [/Users/finstad/Documents/DIPS.Mobile.UI/src/library/DIPS.Mobile.UI/DIPS.Mobile.UI.csproj::TargetFramework=net10.0-ios]
/Users/finstad/Documents/DIPS.Mobile.UI/src/library/DIPS.Mobile.UI/Components/Toolbar/iOS/ToolbarHandler.cs(297,81): warning CS8625: Cannot convert null literal to non-nullable reference type. [/Users/finstad/Documents/DIPS.Mobile.UI/src/library/DIPS.Mobile.UI/DIPS.Mobile.UI.csproj::TargetFramework=net10.0-ios]
/Users/finstad/Documents/DIPS.Mobile.UI/src/library/DIPS.Mobile.UI/API/Camera/Preview/iOS/PreviewView.cs(23,12): warning CS8618: Non-nullable field 'm_pinchToZoomGestureRecognizer' must contain a non-null value when exiting constructor. Consider adding the 'required' modifier or declaring the field as nullable. [/Users/finstad/Documents/DIPS.Mobile.UI/src/library/DIPS.Mobile.UI/DIPS.Mobile.UI.csproj::TargetFramework=net10.0-ios]
/Users/finstad/Documents/DIPS.Mobile.UI/src/library/DIPS.Mobile.UI/API/Camera/Preview/iOS/PreviewView.cs(23,12): warning CS8618: Non-nullable property 'PreviewLayer' must contain a non-null value when exiting constructor. Consider adding the 'required' modifier or declaring the property as nullable. [/Users/finstad/Documents/DIPS.Mobile.UI/src/library/DIPS.Mobile.UI/DIPS.Mobile.UI.csproj::TargetFramework=net10.0-ios]
/Users/finstad/Documents/DIPS.Mobile.UI/src/library/DIPS.Mobile.UI/API/Camera/Preview/iOS/PreviewView.cs(151,42): warning CS8625: Cannot convert null literal to non-nullable reference type. [/Users/finstad/Documents/DIPS.Mobile.UI/src/library/DIPS.Mobile.UI/DIPS.Mobile.UI.csproj::TargetFramework=net10.0-ios]
/Users/finstad/Documents/DIPS.Mobile.UI/src/library/DIPS.Mobile.UI/Effects/Animation/Effects/ScaleInEffect.cs(33,13): warning CS0618: 'ViewExtensions.ScaleTo(VisualElement, double, uint, Easing?)' is obsolete: 'Please use ScaleToAsync instead.' [/Users/finstad/Documents/DIPS.Mobile.UI/src/library/DIPS.Mobile.UI/DIPS.Mobile.UI.csproj::TargetFramework=net10.0-ios]
/Users/finstad/Documents/DIPS.Mobile.UI/src/library/DIPS.Mobile.UI/Components/Buttons/iOS/ButtonHandler.cs(23,10): warning CS8602: Dereference of a possibly null reference. [/Users/finstad/Documents/DIPS.Mobile.UI/src/library/DIPS.Mobile.UI/DIPS.Mobile.UI.csproj::TargetFramework=net10.0-ios]
/Users/finstad/Documents/DIPS.Mobile.UI/src/library/DIPS.Mobile.UI/Effects/Animation/Effects/ScaleInEffect.cs(11,9): warning CS0618: 'ViewExtensions.ScaleTo(VisualElement, double, uint, Easing?)' is obsolete: 'Please use ScaleToAsync instead.' [/Users/finstad/Documents/DIPS.Mobile.UI/src/library/DIPS.Mobile.UI/DIPS.Mobile.UI.csproj::TargetFramework=net10.0-ios]
/Users/finstad/Documents/DIPS.Mobile.UI/src/library/DIPS.Mobile.UI/Components/Buttons/iOS/ButtonHandler.cs(36,41): warning CS8604: Possible null reference argument for parameter 'button' in 'void ButtonHandler.MapImageTintColor(ButtonHandler handler, Button button)'. [/Users/finstad/Documents/DIPS.Mobile.UI/src/library/DIPS.Mobile.UI/DIPS.Mobile.UI.csproj::TargetFramework=net10.0-ios]
/Users/finstad/Documents/DIPS.Mobile.UI/src/library/DIPS.Mobile.UI/Effects/Animation/Effects/FadeOutEffect.cs(18,9): warning CS0162: Unreachable code detected [/Users/finstad/Documents/DIPS.Mobile.UI/src/library/DIPS.Mobile.UI/DIPS.Mobile.UI.csproj::TargetFramework=net10.0-ios]
/Users/finstad/Documents/DIPS.Mobile.UI/src/library/DIPS.Mobile.UI/Components/Buttons/iOS/ButtonHandler.cs(83,10): warning CS8602: Dereference of a possibly null reference. [/Users/finstad/Documents/DIPS.Mobile.UI/src/library/DIPS.Mobile.UI/DIPS.Mobile.UI.csproj::TargetFramework=net10.0-ios]
/Users/finstad/Documents/DIPS.Mobile.UI/src/library/DIPS.Mobile.UI/Components/Buttons/Button.cs(66,21): warning CS8602: Dereference of a possibly null reference. [/Users/finstad/Documents/DIPS.Mobile.UI/src/library/DIPS.Mobile.UI/DIPS.Mobile.UI.csproj::TargetFramework=net10.0-ios]
/Users/finstad/Documents/DIPS.Mobile.UI/src/library/DIPS.Mobile.UI/Components/Buttons/Button.cs(73,44): warning CS8602: Dereference of a possibly null reference. [/Users/finstad/Documents/DIPS.Mobile.UI/src/library/DIPS.Mobile.UI/DIPS.Mobile.UI.csproj::TargetFramework=net10.0-ios]
/Users/finstad/Documents/DIPS.Mobile.UI/src/library/DIPS.Mobile.UI/Components/Buttons/Button.cs(76,17): warning CS8602: Dereference of a possibly null reference. [/Users/finstad/Documents/DIPS.Mobile.UI/src/library/DIPS.Mobile.UI/DIPS.Mobile.UI.csproj::TargetFramework=net10.0-ios]
/Users/finstad/Documents/DIPS.Mobile.UI/src/library/DIPS.Mobile.UI/Extensions/ViewExtensions.cs(11,40): warning CS8601: Possible null reference assignment. [/Users/finstad/Documents/DIPS.Mobile.UI/src/library/DIPS.Mobile.UI/DIPS.Mobile.UI.csproj::TargetFramework=net10.0-ios]
/Users/finstad/Documents/DIPS.Mobile.UI/src/library/DIPS.Mobile.UI/Extensions/ViewExtensions.cs(13,16): warning CS8602: Dereference of a possibly null reference. [/Users/finstad/Documents/DIPS.Mobile.UI/src/library/DIPS.Mobile.UI/DIPS.Mobile.UI.csproj::TargetFramework=net10.0-ios]
/Users/finstad/Documents/DIPS.Mobile.UI/src/library/DIPS.Mobile.UI/Extensions/ViewExtensions.cs(13,16): warning CS8603: Possible null reference return. [/Users/finstad/Documents/DIPS.Mobile.UI/src/library/DIPS.Mobile.UI/DIPS.Mobile.UI.csproj::TargetFramework=net10.0-ios]
/Users/finstad/Documents/DIPS.Mobile.UI/src/library/DIPS.Mobile.UI/Effects/Animation/Effects/FadeOutEffect.cs(36,15): warning CS0618: 'ViewExtensions.FadeTo(VisualElement, double, uint, Easing?)' is obsolete: 'Please use FadeToAsync instead.' [/Users/finstad/Documents/DIPS.Mobile.UI/src/library/DIPS.Mobile.UI/DIPS.Mobile.UI.csproj::TargetFramework=net10.0-ios]
/Users/finstad/Documents/DIPS.Mobile.UI/src/library/DIPS.Mobile.UI/Effects/Animation/Effects/FadeOutEffect.cs(25,9): warning CS0162: Unreachable code detected [/Users/finstad/Documents/DIPS.Mobile.UI/src/library/DIPS.Mobile.UI/DIPS.Mobile.UI.csproj::TargetFramework=net10.0-ios]
/Users/finstad/Documents/DIPS.Mobile.UI/src/library/DIPS.Mobile.UI/Effects/Animation/Effects/FadeOutEffect.cs(45,9): warning CS0162: Unreachable code detected [/Users/finstad/Documents/DIPS.Mobile.UI/src/library/DIPS.Mobile.UI/DIPS.Mobile.UI.csproj::TargetFramework=net10.0-ios]
/Users/finstad/Documents/DIPS.Mobile.UI/src/library/DIPS.Mobile.UI/Extensions/ViewExtensions.cs(54,16): warning CS8603: Possible null reference return. [/Users/finstad/Documents/DIPS.Mobile.UI/src/library/DIPS.Mobile.UI/DIPS.Mobile.UI.csproj::TargetFramework=net10.0-ios]
/Users/finstad/Documents/DIPS.Mobile.UI/src/library/DIPS.Mobile.UI/Effects/Animation/Effects/FadeInEffect.cs(33,13): warning CS0618: 'ViewExtensions.FadeTo(VisualElement, double, uint, Easing?)' is obsolete: 'Please use FadeToAsync instead.' [/Users/finstad/Documents/DIPS.Mobile.UI/src/library/DIPS.Mobile.UI/DIPS.Mobile.UI.csproj::TargetFramework=net10.0-ios]
/Users/finstad/Documents/DIPS.Mobile.UI/src/library/DIPS.Mobile.UI/Components/CheckBoxes/FilledCheckBox.cs(18,12): warning CS8618: Non-nullable event 'Completed' must contain a non-null value when exiting constructor. Consider adding the 'required' modifier or declaring the event as nullable. [/Users/finstad/Documents/DIPS.Mobile.UI/src/library/DIPS.Mobile.UI/DIPS.Mobile.UI.csproj::TargetFramework=net10.0-ios]
/Users/finstad/Documents/DIPS.Mobile.UI/src/library/DIPS.Mobile.UI/API/Diagnostics/LayoutDiagnosticsOverlay.cs(199,15): warning CS0618: 'ViewExtensions.FadeTo(VisualElement, double, uint, Easing?)' is obsolete: 'Please use FadeToAsync instead.' [/Users/finstad/Documents/DIPS.Mobile.UI/src/library/DIPS.Mobile.UI/DIPS.Mobile.UI.csproj::TargetFramework=net10.0-ios]
/Users/finstad/Documents/DIPS.Mobile.UI/src/library/DIPS.Mobile.UI/API/Diagnostics/LayoutDiagnosticsOverlay.cs(208,13): warning CS0618: 'ViewExtensions.FadeTo(VisualElement, double, uint, Easing?)' is obsolete: 'Please use FadeToAsync instead.' [/Users/finstad/Documents/DIPS.Mobile.UI/src/library/DIPS.Mobile.UI/DIPS.Mobile.UI.csproj::TargetFramework=net10.0-ios]
/Users/finstad/Documents/DIPS.Mobile.UI/src/library/DIPS.Mobile.UI/API/Diagnostics/LayoutDiagnosticsOverlay.cs(209,13): warning CS0618: 'ViewExtensions.ScaleTo(VisualElement, double, uint, Easing?)' is obsolete: 'Please use ScaleToAsync instead.' [/Users/finstad/Documents/DIPS.Mobile.UI/src/library/DIPS.Mobile.UI/DIPS.Mobile.UI.csproj::TargetFramework=net10.0-ios]
/Users/finstad/Documents/DIPS.Mobile.UI/src/library/DIPS.Mobile.UI/API/Diagnostics/LayoutDiagnosticsOverlay.cs(210,13): warning CS0618: 'ViewExtensions.TranslateTo(VisualElement, double, double, uint, Easing?)' is obsolete: 'Please use TranslateToAsync instead.' [/Users/finstad/Documents/DIPS.Mobile.UI/src/library/DIPS.Mobile.UI/DIPS.Mobile.UI.csproj::TargetFramework=net10.0-ios]
/Users/finstad/Documents/DIPS.Mobile.UI/src/library/DIPS.Mobile.UI/Extensions/ViewExtensions.cs(92,31): warning CS8604: Possible null reference argument for parameter 'item' in 'void Queue<View>.Enqueue(View item)'. [/Users/finstad/Documents/DIPS.Mobile.UI/src/library/DIPS.Mobile.UI/DIPS.Mobile.UI.csproj::TargetFramework=net10.0-ios]
/Users/finstad/Documents/DIPS.Mobile.UI/src/library/DIPS.Mobile.UI/Components/CheckBoxes/FilledCheckBox.cs(67,19): warning CS0618: 'ViewExtensions.FadeTo(VisualElement, double, uint, Easing?)' is obsolete: 'Please use FadeToAsync instead.' [/Users/finstad/Documents/DIPS.Mobile.UI/src/library/DIPS.Mobile.UI/DIPS.Mobile.UI.csproj::TargetFramework=net10.0-ios]
/Users/finstad/Documents/DIPS.Mobile.UI/src/library/DIPS.Mobile.UI/Components/CheckBoxes/FilledCheckBox.cs(68,17): warning CS0618: 'ViewExtensions.FadeTo(VisualElement, double, uint, Easing?)' is obsolete: 'Please use FadeToAsync instead.' [/Users/finstad/Documents/DIPS.Mobile.UI/src/library/DIPS.Mobile.UI/DIPS.Mobile.UI.csproj::TargetFramework=net10.0-ios]
/Users/finstad/Documents/DIPS.Mobile.UI/src/library/DIPS.Mobile.UI/Components/CheckBoxes/FilledCheckBox.cs(78,17): warning CS0618: 'ViewExtensions.FadeTo(VisualElement, double, uint, Easing?)' is obsolete: 'Please use FadeToAsync instead.' [/Users/finstad/Documents/DIPS.Mobile.UI/src/library/DIPS.Mobile.UI/DIPS.Mobile.UI.csproj::TargetFramework=net10.0-ios]
/Users/finstad/Documents/DIPS.Mobile.UI/src/library/DIPS.Mobile.UI/API/Diagnostics/LayoutDiagnosticsOverlay.cs(220,13): warning CS0618: 'ViewExtensions.FadeTo(VisualElement, double, uint, Easing?)' is obsolete: 'Please use FadeToAsync instead.' [/Users/finstad/Documents/DIPS.Mobile.UI/src/library/DIPS.Mobile.UI/DIPS.Mobile.UI.csproj::TargetFramework=net10.0-ios]
/Users/finstad/Documents/DIPS.Mobile.UI/src/library/DIPS.Mobile.UI/API/Diagnostics/LayoutDiagnosticsOverlay.cs(221,13): warning CS0618: 'ViewExtensions.ScaleTo(VisualElement, double, uint, Easing?)' is obsolete: 'Please use ScaleToAsync instead.' [/Users/finstad/Documents/DIPS.Mobile.UI/src/library/DIPS.Mobile.UI/DIPS.Mobile.UI.csproj::TargetFramework=net10.0-ios]
/Users/finstad/Documents/DIPS.Mobile.UI/src/library/DIPS.Mobile.UI/API/Diagnostics/LayoutDiagnosticsOverlay.cs(222,13): warning CS0618: 'ViewExtensions.TranslateTo(VisualElement, double, double, uint, Easing?)' is obsolete: 'Please use TranslateToAsync instead.' [/Users/finstad/Documents/DIPS.Mobile.UI/src/library/DIPS.Mobile.UI/DIPS.Mobile.UI.csproj::TargetFramework=net10.0-ios]
/Users/finstad/Documents/DIPS.Mobile.UI/src/library/DIPS.Mobile.UI/API/Diagnostics/LayoutDiagnosticsOverlay.cs(231,13): warning CS0618: 'ViewExtensions.FadeTo(VisualElement, double, uint, Easing?)' is obsolete: 'Please use FadeToAsync instead.' [/Users/finstad/Documents/DIPS.Mobile.UI/src/library/DIPS.Mobile.UI/DIPS.Mobile.UI.csproj::TargetFramework=net10.0-ios]
/Users/finstad/Documents/DIPS.Mobile.UI/src/library/DIPS.Mobile.UI/API/Diagnostics/LayoutDiagnosticsOverlay.cs(232,13): warning CS0618: 'ViewExtensions.ScaleTo(VisualElement, double, uint, Easing?)' is obsolete: 'Please use ScaleToAsync instead.' [/Users/finstad/Documents/DIPS.Mobile.UI/src/library/DIPS.Mobile.UI/DIPS.Mobile.UI.csproj::TargetFramework=net10.0-ios]
/Users/finstad/Documents/DIPS.Mobile.UI/src/library/DIPS.Mobile.UI/Effects/Animation/Effects/FadeInEffect.cs(11,9): warning CS0618: 'ViewExtensions.FadeTo(VisualElement, double, uint, Easing?)' is obsolete: 'Please use FadeToAsync instead.' [/Users/finstad/Documents/DIPS.Mobile.UI/src/library/DIPS.Mobile.UI/DIPS.Mobile.UI.csproj::TargetFramework=net10.0-ios]
/Users/finstad/Documents/DIPS.Mobile.UI/src/library/DIPS.Mobile.UI/API/Diagnostics/LayoutDiagnosticsOverlay.cs(279,15): warning CS0618: 'ViewExtensions.ScaleTo(VisualElement, double, uint, Easing?)' is obsolete: 'Please use ScaleToAsync instead.' [/Users/finstad/Documents/DIPS.Mobile.UI/src/library/DIPS.Mobile.UI/DIPS.Mobile.UI.csproj::TargetFramework=net10.0-ios]
/Users/finstad/Documents/DIPS.Mobile.UI/src/library/DIPS.Mobile.UI/API/Diagnostics/LayoutDiagnosticsOverlay.cs(280,15): warning CS0618: 'ViewExtensions.ScaleTo(VisualElement, double, uint, Easing?)' is obsolete: 'Please use ScaleToAsync instead.' [/Users/finstad/Documents/DIPS.Mobile.UI/src/library/DIPS.Mobile.UI/DIPS.Mobile.UI.csproj::TargetFramework=net10.0-ios]
/Users/finstad/Documents/DIPS.Mobile.UI/src/library/DIPS.Mobile.UI/Components/CheckBoxes/FilledCheckBox.cs(97,17): warning CS0618: 'ViewExtensions.FadeTo(VisualElement, double, uint, Easing?)' is obsolete: 'Please use FadeToAsync instead.' [/Users/finstad/Documents/DIPS.Mobile.UI/src/library/DIPS.Mobile.UI/DIPS.Mobile.UI.csproj::TargetFramework=net10.0-ios]
/Users/finstad/Documents/DIPS.Mobile.UI/src/library/DIPS.Mobile.UI/Components/CheckBoxes/FilledCheckBox.cs(98,19): warning CS0618: 'ViewExtensions.FadeTo(VisualElement, double, uint, Easing?)' is obsolete: 'Please use FadeToAsync instead.' [/Users/finstad/Documents/DIPS.Mobile.UI/src/library/DIPS.Mobile.UI/DIPS.Mobile.UI.csproj::TargetFramework=net10.0-ios]
/Users/finstad/Documents/DIPS.Mobile.UI/src/library/DIPS.Mobile.UI/Components/CheckBoxes/FilledCheckBox.cs(104,21): warning CS0618: 'ViewExtensions.FadeTo(VisualElement, double, uint, Easing?)' is obsolete: 'Please use FadeToAsync instead.' [/Users/finstad/Documents/DIPS.Mobile.UI/src/library/DIPS.Mobile.UI/DIPS.Mobile.UI.csproj::TargetFramework=net10.0-ios]
/Users/finstad/Documents/DIPS.Mobile.UI/src/library/DIPS.Mobile.UI/Components/CheckBoxes/FilledCheckBox.cs(108,21): warning CS0618: 'ViewExtensions.FadeTo(VisualElement, double, uint, Easing?)' is obsolete: 'Please use FadeToAsync instead.' [/Users/finstad/Documents/DIPS.Mobile.UI/src/library/DIPS.Mobile.UI/DIPS.Mobile.UI.csproj::TargetFramework=net10.0-ios]
/Users/finstad/Documents/DIPS.Mobile.UI/src/library/DIPS.Mobile.UI/Components/CheckBoxes/FilledCheckBox.cs(111,19): warning CS0618: 'ViewExtensions.FadeTo(VisualElement, double, uint, Easing?)' is obsolete: 'Please use FadeToAsync instead.' [/Users/finstad/Documents/DIPS.Mobile.UI/src/library/DIPS.Mobile.UI/DIPS.Mobile.UI.csproj::TargetFramework=net10.0-ios]
/Users/finstad/Documents/DIPS.Mobile.UI/src/library/DIPS.Mobile.UI/Extensions/ViewExtensions.cs(17,50): warning CS8625: Cannot convert null literal to non-nullable reference type. [/Users/finstad/Documents/DIPS.Mobile.UI/src/library/DIPS.Mobile.UI/DIPS.Mobile.UI.csproj::TargetFramework=net10.0-ios]
/Users/finstad/Documents/DIPS.Mobile.UI/src/library/DIPS.Mobile.UI/Extensions/ViewExtensions.cs(28,47): warning CS8625: Cannot convert null literal to non-nullable reference type. [/Users/finstad/Documents/DIPS.Mobile.UI/src/library/DIPS.Mobile.UI/DIPS.Mobile.UI.csproj::TargetFramework=net10.0-ios]
/Users/finstad/Documents/DIPS.Mobile.UI/src/library/DIPS.Mobile.UI/Extensions/ViewExtensions.cs(7,25): warning CS8618: Non-nullable field 'DataTemplateIdPropertyInfo' must contain a non-null value when exiting constructor. Consider adding the 'required' modifier or declaring the field as nullable. [/Users/finstad/Documents/DIPS.Mobile.UI/src/library/DIPS.Mobile.UI/DIPS.Mobile.UI.csproj::TargetFramework=net10.0-ios]
/Users/finstad/Documents/DIPS.Mobile.UI/src/library/DIPS.Mobile.UI/API/Diagnostics/LayoutDiagnosticsOverlay.cs(299,21): warning CS0618: 'ViewExtensions.FadeTo(VisualElement, double, uint, Easing?)' is obsolete: 'Please use FadeToAsync instead.' [/Users/finstad/Documents/DIPS.Mobile.UI/src/library/DIPS.Mobile.UI/DIPS.Mobile.UI.csproj::TargetFramework=net10.0-ios]
/Users/finstad/Documents/DIPS.Mobile.UI/src/library/DIPS.Mobile.UI/API/Diagnostics/LayoutDiagnosticsOverlay.cs(300,21): warning CS0618: 'ViewExtensions.FadeTo(VisualElement, double, uint, Easing?)' is obsolete: 'Please use FadeToAsync instead.' [/Users/finstad/Documents/DIPS.Mobile.UI/src/library/DIPS.Mobile.UI/DIPS.Mobile.UI.csproj::TargetFramework=net10.0-ios]
/Users/finstad/Documents/DIPS.Mobile.UI/src/library/DIPS.Mobile.UI/API/Diagnostics/LayoutDiagnosticsOverlay.cs(303,21): warning CS0618: 'ViewExtensions.FadeTo(VisualElement, double, uint, Easing?)' is obsolete: 'Please use FadeToAsync instead.' [/Users/finstad/Documents/DIPS.Mobile.UI/src/library/DIPS.Mobile.UI/DIPS.Mobile.UI.csproj::TargetFramework=net10.0-ios]
/Users/finstad/Documents/DIPS.Mobile.UI/src/library/DIPS.Mobile.UI/API/Diagnostics/LayoutDiagnosticsOverlay.cs(304,21): warning CS0618: 'ViewExtensions.FadeTo(VisualElement, double, uint, Easing?)' is obsolete: 'Please use FadeToAsync instead.' [/Users/finstad/Documents/DIPS.Mobile.UI/src/library/DIPS.Mobile.UI/DIPS.Mobile.UI.csproj::TargetFramework=net10.0-ios]
/Users/finstad/Documents/DIPS.Mobile.UI/src/library/DIPS.Mobile.UI/Effects/Animation/Animation.Properties.cs(27,47): warning CS0618: 'FadeOutEffect' is obsolete: 'Does not work yet' [/Users/finstad/Documents/DIPS.Mobile.UI/src/library/DIPS.Mobile.UI/DIPS.Mobile.UI.csproj::TargetFramework=net10.0-ios]
/Users/finstad/Documents/DIPS.Mobile.UI/src/library/DIPS.Mobile.UI/Extensions/Markup/StringFormatExtension.cs(10,19): warning CS8618: Non-nullable property 'Format' must contain a non-null value when exiting constructor. Consider adding the 'required' modifier or declaring the property as nullable. [/Users/finstad/Documents/DIPS.Mobile.UI/src/library/DIPS.Mobile.UI/DIPS.Mobile.UI.csproj::TargetFramework=net10.0-ios]
/Users/finstad/Documents/DIPS.Mobile.UI/src/library/DIPS.Mobile.UI/Extensions/Markup/StringFormatExtension.cs(14,19): warning CS8618: Non-nullable property 'Argument' must contain a non-null value when exiting constructor. Consider adding the 'required' modifier or declaring the property as nullable. [/Users/finstad/Documents/DIPS.Mobile.UI/src/library/DIPS.Mobile.UI/DIPS.Mobile.UI.csproj::TargetFramework=net10.0-ios]
/Users/finstad/Documents/DIPS.Mobile.UI/src/library/DIPS.Mobile.UI/Extensions/Markup/InvertedBoolExtension.cs(20,63): warning CS8625: Cannot convert null literal to non-nullable reference type. [/Users/finstad/Documents/DIPS.Mobile.UI/src/library/DIPS.Mobile.UI/DIPS.Mobile.UI.csproj::TargetFramework=net10.0-ios]
/Users/finstad/Documents/DIPS.Mobile.UI/src/library/DIPS.Mobile.UI/Extensions/Markup/InvertedBoolExtension.cs(20,69): warning CS8625: Cannot convert null literal to non-nullable reference type. [/Users/finstad/Documents/DIPS.Mobile.UI/src/library/DIPS.Mobile.UI/DIPS.Mobile.UI.csproj::TargetFramework=net10.0-ios]
/Users/finstad/Documents/DIPS.Mobile.UI/src/library/DIPS.Mobile.UI/Extensions/Markup/InvertedBoolExtension.cs(20,75): warning CS8625: Cannot convert null literal to non-nullable reference type. [/Users/finstad/Documents/DIPS.Mobile.UI/src/library/DIPS.Mobile.UI/DIPS.Mobile.UI.csproj::TargetFramework=net10.0-ios]
/Users/finstad/Documents/DIPS.Mobile.UI/src/library/DIPS.Mobile.UI/Components/Chips/Chip.cs(12,12): warning CS8618: Non-nullable field 'm_toggleableIcon' must contain a non-null value when exiting constructor. Consider adding the 'required' modifier or declaring the field as nullable. [/Users/finstad/Documents/DIPS.Mobile.UI/src/library/DIPS.Mobile.UI/DIPS.Mobile.UI.csproj::TargetFramework=net10.0-ios]
/Users/finstad/Documents/DIPS.Mobile.UI/src/library/DIPS.Mobile.UI/Components/Chips/Chip.cs(12,12): warning CS8618: Non-nullable field 'm_customIcon' must contain a non-null value when exiting constructor. Consider adding the 'required' modifier or declaring the field as nullable. [/Users/finstad/Documents/DIPS.Mobile.UI/src/library/DIPS.Mobile.UI/DIPS.Mobile.UI.csproj::TargetFramework=net10.0-ios]
/Users/finstad/Documents/DIPS.Mobile.UI/src/library/DIPS.Mobile.UI/Components/Chips/Chip.cs(12,12): warning CS8618: Non-nullable field 'm_customRightIcon' must contain a non-null value when exiting constructor. Consider adding the 'required' modifier or declaring the field as nullable. [/Users/finstad/Documents/DIPS.Mobile.UI/src/library/DIPS.Mobile.UI/DIPS.Mobile.UI.csproj::TargetFramework=net10.0-ios]
/Users/finstad/Documents/DIPS.Mobile.UI/src/library/DIPS.Mobile.UI/Components/Chips/Chip.cs(12,12): warning CS8618: Non-nullable field 'm_closeButton' must contain a non-null value when exiting constructor. Consider adding the 'required' modifier or declaring the field as nullable. [/Users/finstad/Documents/DIPS.Mobile.UI/src/library/DIPS.Mobile.UI/DIPS.Mobile.UI.csproj::TargetFramework=net10.0-ios]
/Users/finstad/Documents/DIPS.Mobile.UI/src/library/DIPS.Mobile.UI/Components/Chips/Chip.cs(12,12): warning CS8618: Non-nullable field 'm_titleLabel' must contain a non-null value when exiting constructor. Consider adding the 'required' modifier or declaring the field as nullable. [/Users/finstad/Documents/DIPS.Mobile.UI/src/library/DIPS.Mobile.UI/DIPS.Mobile.UI.csproj::TargetFramework=net10.0-ios]
/Users/finstad/Documents/DIPS.Mobile.UI/src/library/DIPS.Mobile.UI/Components/Chips/Chip.cs(12,12): warning CS8618: Non-nullable field 'm_border' must contain a non-null value when exiting constructor. Consider adding the 'required' modifier or declaring the field as nullable. [/Users/finstad/Documents/DIPS.Mobile.UI/src/library/DIPS.Mobile.UI/DIPS.Mobile.UI.csproj::TargetFramework=net10.0-ios]
/Users/finstad/Documents/DIPS.Mobile.UI/src/library/DIPS.Mobile.UI/Components/Chips/Chip.cs(12,12): warning CS8618: Non-nullable field 'm_container' must contain a non-null value when exiting constructor. Consider adding the 'required' modifier or declaring the field as nullable. [/Users/finstad/Documents/DIPS.Mobile.UI/src/library/DIPS.Mobile.UI/DIPS.Mobile.UI.csproj::TargetFramework=net10.0-ios]
/Users/finstad/Documents/DIPS.Mobile.UI/src/library/DIPS.Mobile.UI/API/Camera/Preview/CameraPreview.cs(33,12): warning CS8618: Non-nullable field 'm_cameraUseCase' must contain a non-null value when exiting constructor. Consider adding the 'required' modifier or declaring the field as nullable. [/Users/finstad/Documents/DIPS.Mobile.UI/src/library/DIPS.Mobile.UI/DIPS.Mobile.UI.csproj::TargetFramework=net10.0-ios]
/Users/finstad/Documents/DIPS.Mobile.UI/src/library/DIPS.Mobile.UI/API/Camera/Preview/CameraPreview.cs(33,12): warning CS8618: Non-nullable field 'm_bottomToolbarContainer' must contain a non-null value when exiting constructor. Consider adding the 'required' modifier or declaring the field as nullable. [/Users/finstad/Documents/DIPS.Mobile.UI/src/library/DIPS.Mobile.UI/DIPS.Mobile.UI.csproj::TargetFramework=net10.0-ios]
/Users/finstad/Documents/DIPS.Mobile.UI/src/library/DIPS.Mobile.UI/API/Camera/Preview/CameraPreview.cs(33,12): warning CS8618: Non-nullable field 'm_topToolbarContainer' must contain a non-null value when exiting constructor. Consider adding the 'required' modifier or declaring the field as nullable. [/Users/finstad/Documents/DIPS.Mobile.UI/src/library/DIPS.Mobile.UI/DIPS.Mobile.UI.csproj::TargetFramework=net10.0-ios]
/Users/finstad/Documents/DIPS.Mobile.UI/src/library/DIPS.Mobile.UI/API/Camera/Preview/CameraPreview.cs(33,12): warning CS8618: Non-nullable field 'm_indicatorWrapper' must contain a non-null value when exiting constructor. Consider adding the 'required' modifier or declaring the field as nullable. [/Users/finstad/Documents/DIPS.Mobile.UI/src/library/DIPS.Mobile.UI/DIPS.Mobile.UI.csproj::TargetFramework=net10.0-ios]
/Users/finstad/Documents/DIPS.Mobile.UI/src/library/DIPS.Mobile.UI/API/Camera/Preview/CameraPreview.cs(33,12): warning CS8618: Non-nullable property 'PreviewView' must contain a non-null value when exiting constructor. Consider adding the 'required' modifier or declaring the property as nullable. [/Users/finstad/Documents/DIPS.Mobile.UI/src/library/DIPS.Mobile.UI/DIPS.Mobile.UI.csproj::TargetFramework=net10.0-ios]
/Users/finstad/Documents/DIPS.Mobile.UI/src/library/DIPS.Mobile.UI/Components/TiffViewer/iOS/TiffViewer.cs(56,70): warning CS8625: Cannot convert null literal to non-nullable reference type. [/Users/finstad/Documents/DIPS.Mobile.UI/src/library/DIPS.Mobile.UI/DIPS.Mobile.UI.csproj::TargetFramework=net10.0-ios]
/Users/finstad/Documents/DIPS.Mobile.UI/src/library/DIPS.Mobile.UI/API/Camera/Preview/CameraPreview.cs(186,9): warning CS0618: 'ViewExtensions.ScaleTo(VisualElement, double, uint, Easing?)' is obsolete: 'Please use ScaleToAsync instead.' [/Users/finstad/Documents/DIPS.Mobile.UI/src/library/DIPS.Mobile.UI/DIPS.Mobile.UI.csproj::TargetFramework=net10.0-ios]
/Users/finstad/Documents/DIPS.Mobile.UI/src/library/DIPS.Mobile.UI/API/Camera/Preview/CameraPreview.cs(187,9): warning CS0618: 'ViewExtensions.FadeTo(VisualElement, double, uint, Easing?)' is obsolete: 'Please use FadeToAsync instead.' [/Users/finstad/Documents/DIPS.Mobile.UI/src/library/DIPS.Mobile.UI/DIPS.Mobile.UI.csproj::TargetFramework=net10.0-ios]
/Users/finstad/Documents/DIPS.Mobile.UI/src/library/DIPS.Mobile.UI/API/Camera/Preview/CameraPreview.cs(198,25): warning CS0618: 'ViewExtensions.ScaleTo(VisualElement, double, uint, Easing?)' is obsolete: 'Please use ScaleToAsync instead.' [/Users/finstad/Documents/DIPS.Mobile.UI/src/library/DIPS.Mobile.UI/DIPS.Mobile.UI.csproj::TargetFramework=net10.0-ios]
/Users/finstad/Documents/DIPS.Mobile.UI/src/library/DIPS.Mobile.UI/API/Camera/Preview/CameraPreview.cs(199,27): warning CS0618: 'ViewExtensions.FadeTo(VisualElement, double, uint, Easing?)' is obsolete: 'Please use FadeToAsync instead.' [/Users/finstad/Documents/DIPS.Mobile.UI/src/library/DIPS.Mobile.UI/DIPS.Mobile.UI.csproj::TargetFramework=net10.0-ios]
/Users/finstad/Documents/DIPS.Mobile.UI/src/library/DIPS.Mobile.UI/MemoryManagement/GCCollectionMonitor.cs(227,9): warning CS0618: 'VisualTreeMemoryResolver.TryResolveMemoryLeak(object)' is obsolete: 'Use DisconnectHandler() instead' [/Users/finstad/Documents/DIPS.Mobile.UI/src/library/DIPS.Mobile.UI/DIPS.Mobile.UI.csproj::TargetFramework=net10.0-ios]
/Users/finstad/Documents/DIPS.Mobile.UI/src/library/DIPS.Mobile.UI/API/Camera/ImageCapturing/Views/TopToolbar/ImageCaptureTopToolbarView.cs(80,13): warning CS0618: 'ViewExtensions.RotateTo(VisualElement, double, uint, Easing?)' is obsolete: 'Please use RotateToAsync instead.' [/Users/finstad/Documents/DIPS.Mobile.UI/src/library/DIPS.Mobile.UI/DIPS.Mobile.UI.csproj::TargetFramework=net10.0-ios]
/Users/finstad/Documents/DIPS.Mobile.UI/src/library/DIPS.Mobile.UI/API/Camera/ImageCapturing/Views/TopToolbar/ImageCaptureTopToolbarView.cs(81,30): warning CS0618: 'ViewExtensions.RotateTo(VisualElement, double, uint, Easing?)' is obsolete: 'Please use RotateToAsync instead.' [/Users/finstad/Documents/DIPS.Mobile.UI/src/library/DIPS.Mobile.UI/DIPS.Mobile.UI.csproj::TargetFramework=net10.0-ios]
/Users/finstad/Documents/DIPS.Mobile.UI/src/library/DIPS.Mobile.UI/API/Camera/ImageCapturing/Views/TopToolbar/ImageCaptureTopToolbarView.cs(82,30): warning CS0618: 'ViewExtensions.RotateTo(VisualElement, double, uint, Easing?)' is obsolete: 'Please use RotateToAsync instead.' [/Users/finstad/Documents/DIPS.Mobile.UI/src/library/DIPS.Mobile.UI/DIPS.Mobile.UI.csproj::TargetFramework=net10.0-ios]
/Users/finstad/Documents/DIPS.Mobile.UI/src/library/DIPS.Mobile.UI/API/Camera/ImageCapturing/Views/TopToolbar/ImageCaptureTopToolbarView.cs(127,9): warning CS0618: 'ViewExtensions.RotateTo(VisualElement, double, uint, Easing?)' is obsolete: 'Please use RotateToAsync instead.' [/Users/finstad/Documents/DIPS.Mobile.UI/src/library/DIPS.Mobile.UI/DIPS.Mobile.UI.csproj::TargetFramework=net10.0-ios]
/Users/finstad/Documents/DIPS.Mobile.UI/src/library/DIPS.Mobile.UI/API/Camera/ImageCapturing/Views/TopToolbar/ImageCaptureTopToolbarView.cs(151,9): warning CS0618: 'ViewExtensions.RotateTo(VisualElement, double, uint, Easing?)' is obsolete: 'Please use RotateToAsync instead.' [/Users/finstad/Documents/DIPS.Mobile.UI/src/library/DIPS.Mobile.UI/DIPS.Mobile.UI.csproj::TargetFramework=net10.0-ios]
/Users/finstad/Documents/DIPS.Mobile.UI/src/library/DIPS.Mobile.UI/MVVM/Commands/AsyncCommand.cs(140,13): warning CS4014: Because this call is not awaited, execution of the current method continues before the call is completed. Consider applying the 'await' operator to the result of the call. [/Users/finstad/Documents/DIPS.Mobile.UI/src/library/DIPS.Mobile.UI/DIPS.Mobile.UI.csproj::TargetFramework=net10.0-ios]
/Users/finstad/Documents/DIPS.Mobile.UI/src/library/DIPS.Mobile.UI/API/Camera/ImageCapturing/Views/CameraZoom/ZoomSlider.cs(33,12): warning CS8618: Non-nullable field 'm_zoomRatioLevelBorder' must contain a non-null value when exiting constructor. Consider adding the 'required' modifier or declaring the field as nullable. [/Users/finstad/Documents/DIPS.Mobile.UI/src/library/DIPS.Mobile.UI/DIPS.Mobile.UI.csproj::TargetFramework=net10.0-ios]
/Users/finstad/Documents/DIPS.Mobile.UI/src/library/DIPS.Mobile.UI/API/Camera/ImageCapturing/Views/CameraZoom/ZoomSlider.cs(33,12): warning CS8618: Non-nullable field 'm_zoomRatioLevelLabel' must contain a non-null value when exiting constructor. Consider adding the 'required' modifier or declaring the field as nullable. [/Users/finstad/Documents/DIPS.Mobile.UI/src/library/DIPS.Mobile.UI/DIPS.Mobile.UI.csproj::TargetFramework=net10.0-ios]
/Users/finstad/Documents/DIPS.Mobile.UI/src/library/DIPS.Mobile.UI/API/Camera/ImageCapturing/Views/CameraZoom/ZoomSlider.cs(87,9): warning CS0618: 'ViewExtensions.RotateTo(VisualElement, double, uint, Easing?)' is obsolete: 'Please use RotateToAsync instead.' [/Users/finstad/Documents/DIPS.Mobile.UI/src/library/DIPS.Mobile.UI/DIPS.Mobile.UI.csproj::TargetFramework=net10.0-ios]
/Users/finstad/Documents/DIPS.Mobile.UI/src/library/DIPS.Mobile.UI/API/Camera/ImageCapturing/Views/CameraZoom/ZoomSlider.cs(92,9): warning CS0618: 'ViewExtensions.FadeTo(VisualElement, double, uint, Easing?)' is obsolete: 'Please use FadeToAsync instead.' [/Users/finstad/Documents/DIPS.Mobile.UI/src/library/DIPS.Mobile.UI/DIPS.Mobile.UI.csproj::TargetFramework=net10.0-ios]
/Users/finstad/Documents/DIPS.Mobile.UI/src/library/DIPS.Mobile.UI/API/Camera/ImageCapturing/Views/CameraZoom/ZoomSlider.cs(93,9): warning CS0618: 'ViewExtensions.FadeTo(VisualElement, double, uint, Easing?)' is obsolete: 'Please use FadeToAsync instead.' [/Users/finstad/Documents/DIPS.Mobile.UI/src/library/DIPS.Mobile.UI/DIPS.Mobile.UI.csproj::TargetFramework=net10.0-ios]
/Users/finstad/Documents/DIPS.Mobile.UI/src/library/DIPS.Mobile.UI/API/Camera/ImageCapturing/Views/CameraZoom/ZoomSlider.cs(94,9): warning CS0618: 'ViewExtensions.FadeTo(VisualElement, double, uint, Easing?)' is obsolete: 'Please use FadeToAsync instead.' [/Users/finstad/Documents/DIPS.Mobile.UI/src/library/DIPS.Mobile.UI/DIPS.Mobile.UI.csproj::TargetFramework=net10.0-ios]
/Users/finstad/Documents/DIPS.Mobile.UI/src/library/DIPS.Mobile.UI/Components/TextFields/InputFields/SingleLineInputField.cs(272,13): warning CS0618: 'ViewExtensions.ScaleTo(VisualElement, double, uint, Easing?)' is obsolete: 'Please use ScaleToAsync instead.' [/Users/finstad/Documents/DIPS.Mobile.UI/src/library/DIPS.Mobile.UI/DIPS.Mobile.UI.csproj::TargetFramework=net10.0-ios]
/Users/finstad/Documents/DIPS.Mobile.UI/src/library/DIPS.Mobile.UI/Components/TextFields/InputFields/SingleLineInputField.cs(277,17): warning CS0618: 'ViewExtensions.ScaleTo(VisualElement, double, uint, Easing?)' is obsolete: 'Please use ScaleToAsync instead.' [/Users/finstad/Documents/DIPS.Mobile.UI/src/library/DIPS.Mobile.UI/DIPS.Mobile.UI.csproj::TargetFramework=net10.0-ios]
/Users/finstad/Documents/DIPS.Mobile.UI/src/library/DIPS.Mobile.UI/Components/TextFields/InputFields/SingleLineInputField.cs(281,17): warning CS0618: 'ViewExtensions.ScaleTo(VisualElement, double, uint, Easing?)' is obsolete: 'Please use ScaleToAsync instead.' [/Users/finstad/Documents/DIPS.Mobile.UI/src/library/DIPS.Mobile.UI/DIPS.Mobile.UI.csproj::TargetFramework=net10.0-ios]
/Users/finstad/Documents/DIPS.Mobile.UI/src/library/DIPS.Mobile.UI/Components/TextFields/InputFields/SingleLineInputField.cs(299,26): warning CS0168: The variable 'e' is declared but never used [/Users/finstad/Documents/DIPS.Mobile.UI/src/library/DIPS.Mobile.UI/DIPS.Mobile.UI.csproj::TargetFramework=net10.0-ios]
/Users/finstad/Documents/DIPS.Mobile.UI/src/library/DIPS.Mobile.UI/API/Camera/ImageCapturing/Views/CameraZoom/ZoomButtons.cs(209,9): warning CS0618: 'ViewExtensions.ScaleTo(VisualElement, double, uint, Easing?)' is obsolete: 'Please use ScaleToAsync instead.' [/Users/finstad/Documents/DIPS.Mobile.UI/src/library/DIPS.Mobile.UI/DIPS.Mobile.UI.csproj::TargetFramework=net10.0-ios]
/Users/finstad/Documents/DIPS.Mobile.UI/src/library/DIPS.Mobile.UI/API/Camera/ImageCapturing/Views/CameraZoom/ZoomButtons.cs(217,9): warning CS0618: 'ViewExtensions.ScaleTo(VisualElement, double, uint, Easing?)' is obsolete: 'Please use ScaleToAsync instead.' [/Users/finstad/Documents/DIPS.Mobile.UI/src/library/DIPS.Mobile.UI/DIPS.Mobile.UI.csproj::TargetFramework=net10.0-ios]
/Users/finstad/Documents/DIPS.Mobile.UI/src/library/DIPS.Mobile.UI/API/Camera/Camera.cs(26,26): warning CS0168: The variable 'e' is declared but never used [/Users/finstad/Documents/DIPS.Mobile.UI/src/library/DIPS.Mobile.UI/DIPS.Mobile.UI.csproj::TargetFramework=net10.0-ios]
/Users/finstad/Documents/DIPS.Mobile.UI/src/library/DIPS.Mobile.UI/API/Camera/Camera.cs(59,44): warning CS0618: 'Application.MainPage.get' is obsolete: 'This property has been deprecated. For single-window applications, use Windows[0].Page. For multi-window applications, identify and use the appropriate Window object to access the desired Page. Additionally, each element features a Window property, accessible when it's part of the current window.' [/Users/finstad/Documents/DIPS.Mobile.UI/src/library/DIPS.Mobile.UI/DIPS.Mobile.UI.csproj::TargetFramework=net10.0-ios]
/Users/finstad/Documents/DIPS.Mobile.UI/src/library/DIPS.Mobile.UI/API/Camera/Camera.cs(65,15): warning CS0618: 'Application.MainPage.get' is obsolete: 'This property has been deprecated. For single-window applications, use Windows[0].Page. For multi-window applications, identify and use the appropriate Window object to access the desired Page. Additionally, each element features a Window property, accessible when it's part of the current window.' [/Users/finstad/Documents/DIPS.Mobile.UI/src/library/DIPS.Mobile.UI/DIPS.Mobile.UI.csproj::TargetFramework=net10.0-ios]
/Users/finstad/Documents/DIPS.Mobile.UI/src/library/DIPS.Mobile.UI/API/Camera/Camera.cs(79,44): warning CS0618: 'Application.MainPage.get' is obsolete: 'This property has been deprecated. For single-window applications, use Windows[0].Page. For multi-window applications, identify and use the appropriate Window object to access the desired Page. Additionally, each element features a Window property, accessible when it's part of the current window.' [/Users/finstad/Documents/DIPS.Mobile.UI/src/library/DIPS.Mobile.UI/DIPS.Mobile.UI.csproj::TargetFramework=net10.0-ios]
/Users/finstad/Documents/DIPS.Mobile.UI/src/library/DIPS.Mobile.UI/API/Camera/Camera.cs(81,19): warning CS0618: 'Application.MainPage.get' is obsolete: 'This property has been deprecated. For single-window applications, use Windows[0].Page. For multi-window applications, identify and use the appropriate Window object to access the desired Page. Additionally, each element features a Window property, accessible when it's part of the current window.' [/Users/finstad/Documents/DIPS.Mobile.UI/src/library/DIPS.Mobile.UI/DIPS.Mobile.UI.csproj::TargetFramework=net10.0-ios]
/Users/finstad/Documents/DIPS.Mobile.UI/src/library/DIPS.Mobile.UI/API/Camera/ImageCapturing/Views/CameraZoom/ZoomButtons.cs(73,17): warning CS0618: 'ViewExtensions.RotateTo(VisualElement, double, uint, Easing?)' is obsolete: 'Please use RotateToAsync instead.' [/Users/finstad/Documents/DIPS.Mobile.UI/src/library/DIPS.Mobile.UI/DIPS.Mobile.UI.csproj::TargetFramework=net10.0-ios]
/Users/finstad/Documents/DIPS.Mobile.UI/src/library/DIPS.Mobile.UI/Components/TextFields/InputFields/MultiLineInputField/MultiLineInputField.cs(52,12): warning CS8618: Non-nullable field 'm_activityIndicator' must contain a non-null value when exiting constructor. Consider adding the 'required' modifier or declaring the field as nullable. [/Users/finstad/Documents/DIPS.Mobile.UI/src/library/DIPS.Mobile.UI/DIPS.Mobile.UI.csproj::TargetFramework=net10.0-ios]
/Users/finstad/Documents/DIPS.Mobile.UI/src/library/DIPS.Mobile.UI/Components/Gallery/Gallery.cs(238,15): warning CS0618: 'ViewExtensions.FadeTo(VisualElement, double, uint, Easing?)' is obsolete: 'Please use FadeToAsync instead.' [/Users/finstad/Documents/DIPS.Mobile.UI/src/library/DIPS.Mobile.UI/DIPS.Mobile.UI.csproj::TargetFramework=net10.0-ios]
/Users/finstad/Documents/DIPS.Mobile.UI/src/library/DIPS.Mobile.UI/Components/Gallery/Gallery.cs(247,15): warning CS0618: 'ViewExtensions.FadeTo(VisualElement, double, uint, Easing?)' is obsolete: 'Please use FadeToAsync instead.' [/Users/finstad/Documents/DIPS.Mobile.UI/src/library/DIPS.Mobile.UI/DIPS.Mobile.UI.csproj::TargetFramework=net10.0-ios]
/Users/finstad/Documents/DIPS.Mobile.UI/src/library/DIPS.Mobile.UI/Components/Images/NativeIcon/iOS/NativeIconHandler.cs(12,62): warning CS0618: 'MauiImageView.MauiImageView()' is obsolete: 'Use MauiImageView(IImageHandler handler) instead.' [/Users/finstad/Documents/DIPS.Mobile.UI/src/library/DIPS.Mobile.UI/DIPS.Mobile.UI.csproj::TargetFramework=net10.0-ios]
/Users/finstad/Documents/DIPS.Mobile.UI/src/library/DIPS.Mobile.UI/Components/Images/ImageButton/iOS/IconTintColorHandler.cs(14,12): warning CS8618: Non-nullable field 'm_view' must contain a non-null value when exiting constructor. Consider adding the 'required' modifier or declaring the field as nullable. [/Users/finstad/Documents/DIPS.Mobile.UI/src/library/DIPS.Mobile.UI/DIPS.Mobile.UI.csproj::TargetFramework=net10.0-ios]
/Users/finstad/Documents/DIPS.Mobile.UI/src/library/DIPS.Mobile.UI/API/Camera/ImageCapturing/Views/CameraZoom/CameraZoomView.cs(114,17): warning CS0618: 'ViewExtensions.FadeTo(VisualElement, double, uint, Easing?)' is obsolete: 'Please use FadeToAsync instead.' [/Users/finstad/Documents/DIPS.Mobile.UI/src/library/DIPS.Mobile.UI/DIPS.Mobile.UI.csproj::TargetFramework=net10.0-ios]
/Users/finstad/Documents/DIPS.Mobile.UI/src/library/DIPS.Mobile.UI/API/Camera/ImageCapturing/Views/CameraZoom/CameraZoomView.cs(119,17): warning CS0618: 'ViewExtensions.FadeTo(VisualElement, double, uint, Easing?)' is obsolete: 'Please use FadeToAsync instead.' [/Users/finstad/Documents/DIPS.Mobile.UI/src/library/DIPS.Mobile.UI/DIPS.Mobile.UI.csproj::TargetFramework=net10.0-ios]
/Users/finstad/Documents/DIPS.Mobile.UI/src/library/DIPS.Mobile.UI/Components/Images/ImageButton/ImageButtonHandler.cs(5,12): warning CS8618: Non-nullable field 'm_iconTintColorHandler' must contain a non-null value when exiting constructor. Consider adding the 'required' modifier or declaring the field as nullable. [/Users/finstad/Documents/DIPS.Mobile.UI/src/library/DIPS.Mobile.UI/DIPS.Mobile.UI.csproj::TargetFramework=net10.0-ios]
/Users/finstad/Documents/DIPS.Mobile.UI/src/library/DIPS.Mobile.UI/API/Camera/ImageCapturing/Views/BottomToolbar/StreamingState/StreamingStateView.cs(47,9): warning CS0618: 'ViewExtensions.RotateTo(VisualElement, double, uint, Easing?)' is obsolete: 'Please use RotateToAsync instead.' [/Users/finstad/Documents/DIPS.Mobile.UI/src/library/DIPS.Mobile.UI/DIPS.Mobile.UI.csproj::TargetFramework=net10.0-ios]
/Users/finstad/Documents/DIPS.Mobile.UI/src/library/DIPS.Mobile.UI/API/Camera/ImageCapturing/Views/BottomToolbar/StreamingState/iOS/ShutterButton.cs(44,9): warning CS0618: 'ViewExtensions.ScaleTo(VisualElement, double, uint, Easing?)' is obsolete: 'Please use ScaleToAsync instead.' [/Users/finstad/Documents/DIPS.Mobile.UI/src/library/DIPS.Mobile.UI/DIPS.Mobile.UI.csproj::TargetFramework=net10.0-ios]
/Users/finstad/Documents/DIPS.Mobile.UI/src/library/DIPS.Mobile.UI/API/Camera/ImageCapturing/Views/BottomToolbar/StreamingState/iOS/ShutterButton.cs(55,9): warning CS0618: 'ViewExtensions.ScaleTo(VisualElement, double, uint, Easing?)' is obsolete: 'Please use ScaleToAsync instead.' [/Users/finstad/Documents/DIPS.Mobile.UI/src/library/DIPS.Mobile.UI/DIPS.Mobile.UI.csproj::TargetFramework=net10.0-ios]
/Users/finstad/Documents/DIPS.Mobile.UI/src/library/DIPS.Mobile.UI/API/Camera/ImageCapturing/Views/BottomToolbar/StreamingState/iOS/ShutterButton.cs(64,9): warning CS0618: 'ViewExtensions.ScaleTo(VisualElement, double, uint, Easing?)' is obsolete: 'Please use ScaleToAsync instead.' [/Users/finstad/Documents/DIPS.Mobile.UI/src/library/DIPS.Mobile.UI/DIPS.Mobile.UI.csproj::TargetFramework=net10.0-ios]
/Users/finstad/Documents/DIPS.Mobile.UI/src/library/DIPS.Mobile.UI/API/Camera/ImageCapturing/Views/BottomToolbar/StreamingState/iOS/ShutterButton.cs(79,13): warning CS0618: 'ViewExtensions.ScaleTo(VisualElement, double, uint, Easing?)' is obsolete: 'Please use ScaleToAsync instead.' [/Users/finstad/Documents/DIPS.Mobile.UI/src/library/DIPS.Mobile.UI/DIPS.Mobile.UI.csproj::TargetFramework=net10.0-ios]
/Users/finstad/Documents/DIPS.Mobile.UI/src/library/DIPS.Mobile.UI/Components/Images/Image/ImageHandler.cs(5,12): warning CS8618: Non-nullable field 'm_iconTintColorHandler' must contain a non-null value when exiting constructor. Consider adding the 'required' modifier or declaring the field as nullable. [/Users/finstad/Documents/DIPS.Mobile.UI/src/library/DIPS.Mobile.UI/DIPS.Mobile.UI.csproj::TargetFramework=net10.0-ios]
/Users/finstad/Documents/DIPS.Mobile.UI/src/library/DIPS.Mobile.UI/Components/TextFields/InputFields/MultiLineInputField/MultiLineInputField.cs(325,13): warning CS0618: 'ViewExtensions.FadeTo(VisualElement, double, uint, Easing?)' is obsolete: 'Please use FadeToAsync instead.' [/Users/finstad/Documents/DIPS.Mobile.UI/src/library/DIPS.Mobile.UI/DIPS.Mobile.UI.csproj::TargetFramework=net10.0-ios]
/Users/finstad/Documents/DIPS.Mobile.UI/src/library/DIPS.Mobile.UI/Components/TextFields/InputFields/MultiLineInputField/MultiLineInputField.cs(347,15): warning CS0618: 'ViewExtensions.FadeTo(VisualElement, double, uint, Easing?)' is obsolete: 'Please use FadeToAsync instead.' [/Users/finstad/Documents/DIPS.Mobile.UI/src/library/DIPS.Mobile.UI/DIPS.Mobile.UI.csproj::TargetFramework=net10.0-ios]
/Users/finstad/Documents/DIPS.Mobile.UI/src/library/DIPS.Mobile.UI/Components/TextFields/InputFields/MultiLineInputField/MultiLineInputField.cs(393,9): warning CS0618: 'ViewExtensions.FadeTo(VisualElement, double, uint, Easing?)' is obsolete: 'Please use FadeToAsync instead.' [/Users/finstad/Documents/DIPS.Mobile.UI/src/library/DIPS.Mobile.UI/DIPS.Mobile.UI.csproj::TargetFramework=net10.0-ios]
/Users/finstad/Documents/DIPS.Mobile.UI/src/library/DIPS.Mobile.UI/Components/TextFields/InputFields/MultiLineInputField/MultiLineInputField.cs(398,9): warning CS0618: 'ViewExtensions.FadeTo(VisualElement, double, uint, Easing?)' is obsolete: 'Please use FadeToAsync instead.' [/Users/finstad/Documents/DIPS.Mobile.UI/src/library/DIPS.Mobile.UI/DIPS.Mobile.UI.csproj::TargetFramework=net10.0-ios]
/Users/finstad/Documents/DIPS.Mobile.UI/src/library/DIPS.Mobile.UI/API/Camera/ImageCapturing/iOS/UIImageOrientationExtensions.cs(11,127): warning CS8509: The switch expression does not handle all possible values of its input type (it is not exhaustive). For example, the pattern 'UIKit.UIImageOrientation.UpMirrored' is not covered. [/Users/finstad/Documents/DIPS.Mobile.UI/src/library/DIPS.Mobile.UI/DIPS.Mobile.UI.csproj::TargetFramework=net10.0-ios]
/Users/finstad/Documents/DIPS.Mobile.UI/src/library/DIPS.Mobile.UI/API/Camera/ImageCapturing/iOS/UIImageOrientationExtensions.cs(22,123): warning CS8509: The switch expression does not handle all possible values of its input type (it is not exhaustive). For example, the pattern 'UIKit.UIImageOrientation.UpMirrored' is not covered. [/Users/finstad/Documents/DIPS.Mobile.UI/src/library/DIPS.Mobile.UI/DIPS.Mobile.UI.csproj::TargetFramework=net10.0-ios]
/Users/finstad/Documents/DIPS.Mobile.UI/src/library/DIPS.Mobile.UI/API/Camera/ImageCapturing/iOS/UIImageOrientationExtensions.cs(30,122): warning CS8524: The switch expression does not handle some values of its input type (it is not exhaustive) involving an unnamed enum value. For example, the pattern '(DIPS.Mobile.UI.API.Library.OrientationDegree)4' is not covered. [/Users/finstad/Documents/DIPS.Mobile.UI/src/library/DIPS.Mobile.UI/DIPS.Mobile.UI.csproj::TargetFramework=net10.0-ios]
/Users/finstad/Documents/DIPS.Mobile.UI/src/library/DIPS.Mobile.UI/API/Camera/ImageCapturing/iOS/ImageCapture.cs(226,29): warning CS8625: Cannot convert null literal to non-nullable reference type. [/Users/finstad/Documents/DIPS.Mobile.UI/src/library/DIPS.Mobile.UI/DIPS.Mobile.UI.csproj::TargetFramework=net10.0-ios]
/Users/finstad/Documents/DIPS.Mobile.UI/src/library/DIPS.Mobile.UI/API/Camera/BarcodeScanning/BarcodeScanRectangleOverlay.cs(473,15): warning CS0618: 'ViewExtensions.TranslateTo(VisualElement, double, double, uint, Easing?)' is obsolete: 'Please use TranslateToAsync instead.' [/Users/finstad/Documents/DIPS.Mobile.UI/src/library/DIPS.Mobile.UI/DIPS.Mobile.UI.csproj::TargetFramework=net10.0-ios]
/Users/finstad/Documents/DIPS.Mobile.UI/src/library/DIPS.Mobile.UI/API/Camera/BarcodeScanning/BarcodeScanRectangleOverlay.cs(474,15): warning CS0618: 'ViewExtensions.TranslateTo(VisualElement, double, double, uint, Easing?)' is obsolete: 'Please use TranslateToAsync instead.' [/Users/finstad/Documents/DIPS.Mobile.UI/src/library/DIPS.Mobile.UI/DIPS.Mobile.UI.csproj::TargetFramework=net10.0-ios]
/Users/finstad/Documents/DIPS.Mobile.UI/src/library/DIPS.Mobile.UI/API/Camera/BarcodeScanning/BarcodeScanRectangleOverlay.cs(475,15): warning CS0618: 'ViewExtensions.TranslateTo(VisualElement, double, double, uint, Easing?)' is obsolete: 'Please use TranslateToAsync instead.' [/Users/finstad/Documents/DIPS.Mobile.UI/src/library/DIPS.Mobile.UI/DIPS.Mobile.UI.csproj::TargetFramework=net10.0-ios]
/Users/finstad/Documents/DIPS.Mobile.UI/src/library/DIPS.Mobile.UI/API/Camera/BarcodeScanning/BarcodeScanRectangleOverlay.cs(476,15): warning CS0618: 'ViewExtensions.TranslateTo(VisualElement, double, double, uint, Easing?)' is obsolete: 'Please use TranslateToAsync instead.' [/Users/finstad/Documents/DIPS.Mobile.UI/src/library/DIPS.Mobile.UI/DIPS.Mobile.UI.csproj::TargetFramework=net10.0-ios]
/Users/finstad/Documents/DIPS.Mobile.UI/src/library/DIPS.Mobile.UI/API/Camera/ImageCapturing/ImageCapture.cs(115,15): warning CS0618: 'ViewExtensions.FadeTo(VisualElement, double, uint, Easing?)' is obsolete: 'Please use FadeToAsync instead.' [/Users/finstad/Documents/DIPS.Mobile.UI/src/library/DIPS.Mobile.UI/DIPS.Mobile.UI.csproj::TargetFramework=net10.0-ios]
/Users/finstad/Documents/DIPS.Mobile.UI/src/library/DIPS.Mobile.UI/API/Camera/ImageCapturing/ImageCapture.cs(116,15): warning CS0618: 'ViewExtensions.FadeTo(VisualElement, double, uint, Easing?)' is obsolete: 'Please use FadeToAsync instead.' [/Users/finstad/Documents/DIPS.Mobile.UI/src/library/DIPS.Mobile.UI/DIPS.Mobile.UI.csproj::TargetFramework=net10.0-ios]
/Users/finstad/Documents/DIPS.Mobile.UI/src/library/DIPS.Mobile.UI/Components/Loading/StateView/StateViewModel.cs(15,12): warning CS8618: Non-nullable property 'RefreshCommand' must contain a non-null value when exiting constructor. Consider adding the 'required' modifier or declaring the property as nullable. [/Users/finstad/Documents/DIPS.Mobile.UI/src/library/DIPS.Mobile.UI/DIPS.Mobile.UI.csproj::TargetFramework=net10.0-ios]
/Users/finstad/Documents/DIPS.Mobile.UI/src/library/DIPS.Mobile.UI/Components/ListItems/Extensions/LoadableListItem.cs(234,19): warning CS0618: 'ViewExtensions.FadeTo(VisualElement, double, uint, Easing?)' is obsolete: 'Please use FadeToAsync instead.' [/Users/finstad/Documents/DIPS.Mobile.UI/src/library/DIPS.Mobile.UI/DIPS.Mobile.UI.csproj::TargetFramework=net10.0-ios]
/Users/finstad/Documents/DIPS.Mobile.UI/src/library/DIPS.Mobile.UI/Components/ListItems/Extensions/LoadableListItem.cs(243,19): warning CS0618: 'ViewExtensions.FadeTo(VisualElement, double, uint, Easing?)' is obsolete: 'Please use FadeToAsync instead.' [/Users/finstad/Documents/DIPS.Mobile.UI/src/library/DIPS.Mobile.UI/DIPS.Mobile.UI.csproj::TargetFramework=net10.0-ios]
/Users/finstad/Documents/DIPS.Mobile.UI/src/library/DIPS.Mobile.UI/Components/ListItems/ListItem.Properties.cs(192,16): warning CS0618: 'ListItem.AutoDivider' is obsolete: 'Use Layout.AutoHideLastDivider instead' [/Users/finstad/Documents/DIPS.Mobile.UI/src/library/DIPS.Mobile.UI/DIPS.Mobile.UI.csproj::TargetFramework=net10.0-ios]
/Users/finstad/Documents/DIPS.Mobile.UI/src/library/DIPS.Mobile.UI/Components/ListItems/ListItem.cs(36,12): warning CS8618: Non-nullable field 'm_oldInLineContent' must contain a non-null value when exiting constructor. Consider adding the 'required' modifier or declaring the field as nullable. [/Users/finstad/Documents/DIPS.Mobile.UI/src/library/DIPS.Mobile.UI/DIPS.Mobile.UI.csproj::TargetFramework=net10.0-ios]
/Users/finstad/Documents/DIPS.Mobile.UI/src/library/DIPS.Mobile.UI/API/Camera/ImageCapturing/ImageCapture.StreamingState.cs(45,13): warning CS0618: 'DialogService.ShowMessage(string, string, string)' is obsolete: 'Will be removed, use ShowMessage(Action<IDialogConfigurator> configurator) instead.' [/Users/finstad/Documents/DIPS.Mobile.UI/src/library/DIPS.Mobile.UI/DIPS.Mobile.UI.csproj::TargetFramework=net10.0-ios]
/Users/finstad/Documents/DIPS.Mobile.UI/src/library/DIPS.Mobile.UI/API/Camera/BarcodeScanning/BarcodeScanProgressView.cs(76,13): warning CS0618: 'ViewExtensions.ScaleTo(VisualElement, double, uint, Easing?)' is obsolete: 'Please use ScaleToAsync instead.' [/Users/finstad/Documents/DIPS.Mobile.UI/src/library/DIPS.Mobile.UI/DIPS.Mobile.UI.csproj::TargetFramework=net10.0-ios]
/Users/finstad/Documents/DIPS.Mobile.UI/src/library/DIPS.Mobile.UI/API/Camera/BarcodeScanning/BarcodeScanProgressView.cs(77,13): warning CS0618: 'ViewExtensions.TranslateTo(VisualElement, double, double, uint, Easing?)' is obsolete: 'Please use TranslateToAsync instead.' [/Users/finstad/Documents/DIPS.Mobile.UI/src/library/DIPS.Mobile.UI/DIPS.Mobile.UI.csproj::TargetFramework=net10.0-ios]
/Users/finstad/Documents/DIPS.Mobile.UI/src/library/DIPS.Mobile.UI/API/Camera/BarcodeScanning/BarcodeScanProgressView.cs(80,13): warning CS0618: 'ViewExtensions.ScaleTo(VisualElement, double, uint, Easing?)' is obsolete: 'Please use ScaleToAsync instead.' [/Users/finstad/Documents/DIPS.Mobile.UI/src/library/DIPS.Mobile.UI/DIPS.Mobile.UI.csproj::TargetFramework=net10.0-ios]
/Users/finstad/Documents/DIPS.Mobile.UI/src/library/DIPS.Mobile.UI/API/Camera/BarcodeScanning/BarcodeScanProgressView.cs(81,13): warning CS0618: 'ViewExtensions.TranslateTo(VisualElement, double, double, uint, Easing?)' is obsolete: 'Please use TranslateToAsync instead.' [/Users/finstad/Documents/DIPS.Mobile.UI/src/library/DIPS.Mobile.UI/DIPS.Mobile.UI.csproj::TargetFramework=net10.0-ios]
/Users/finstad/Documents/DIPS.Mobile.UI/src/library/DIPS.Mobile.UI/API/Camera/BarcodeScanning/BarcodeScanProgressView.cs(84,13): warning CS0618: 'ViewExtensions.ScaleTo(VisualElement, double, uint, Easing?)' is obsolete: 'Please use ScaleToAsync instead.' [/Users/finstad/Documents/DIPS.Mobile.UI/src/library/DIPS.Mobile.UI/DIPS.Mobile.UI.csproj::TargetFramework=net10.0-ios]
/Users/finstad/Documents/DIPS.Mobile.UI/src/library/DIPS.Mobile.UI/API/Camera/BarcodeScanning/BarcodeScanProgressView.cs(85,13): warning CS0618: 'ViewExtensions.TranslateTo(VisualElement, double, double, uint, Easing?)' is obsolete: 'Please use TranslateToAsync instead.' [/Users/finstad/Documents/DIPS.Mobile.UI/src/library/DIPS.Mobile.UI/DIPS.Mobile.UI.csproj::TargetFramework=net10.0-ios]
/Users/finstad/Documents/DIPS.Mobile.UI/src/library/DIPS.Mobile.UI/API/Camera/BarcodeScanning/BarcodeScanProgressView.cs(91,13): warning CS0618: 'ViewExtensions.ScaleTo(VisualElement, double, uint, Easing?)' is obsolete: 'Please use ScaleToAsync instead.' [/Users/finstad/Documents/DIPS.Mobile.UI/src/library/DIPS.Mobile.UI/DIPS.Mobile.UI.csproj::TargetFramework=net10.0-ios]
/Users/finstad/Documents/DIPS.Mobile.UI/src/library/DIPS.Mobile.UI/API/Camera/BarcodeScanning/BarcodeScanProgressView.cs(92,13): warning CS0618: 'ViewExtensions.FadeTo(VisualElement, double, uint, Easing?)' is obsolete: 'Please use FadeToAsync instead.' [/Users/finstad/Documents/DIPS.Mobile.UI/src/library/DIPS.Mobile.UI/DIPS.Mobile.UI.csproj::TargetFramework=net10.0-ios]
/Users/finstad/Documents/DIPS.Mobile.UI/src/library/DIPS.Mobile.UI/API/Camera/BarcodeScanning/BarcodeScanProgressView.cs(94,13): warning CS0618: 'ViewExtensions.ScaleTo(VisualElement, double, uint, Easing?)' is obsolete: 'Please use ScaleToAsync instead.' [/Users/finstad/Documents/DIPS.Mobile.UI/src/library/DIPS.Mobile.UI/DIPS.Mobile.UI.csproj::TargetFramework=net10.0-ios]
/Users/finstad/Documents/DIPS.Mobile.UI/src/library/DIPS.Mobile.UI/API/Camera/BarcodeScanning/BarcodeScanProgressView.cs(95,13): warning CS0618: 'ViewExtensions.FadeTo(VisualElement, double, uint, Easing?)' is obsolete: 'Please use FadeToAsync instead.' [/Users/finstad/Documents/DIPS.Mobile.UI/src/library/DIPS.Mobile.UI/DIPS.Mobile.UI.csproj::TargetFramework=net10.0-ios]
/Users/finstad/Documents/DIPS.Mobile.UI/src/library/DIPS.Mobile.UI/Components/Loading/StateView/StateView.cs(99,27): warning CS0618: 'ViewExtensions.FadeTo(VisualElement, double, uint, Easing?)' is obsolete: 'Please use FadeToAsync instead.' [/Users/finstad/Documents/DIPS.Mobile.UI/src/library/DIPS.Mobile.UI/DIPS.Mobile.UI.csproj::TargetFramework=net10.0-ios]
/Users/finstad/Documents/DIPS.Mobile.UI/src/library/DIPS.Mobile.UI/Components/Loading/StateView/StateView.cs(114,27): warning CS0618: 'ViewExtensions.FadeTo(VisualElement, double, uint, Easing?)' is obsolete: 'Please use FadeToAsync instead.' [/Users/finstad/Documents/DIPS.Mobile.UI/src/library/DIPS.Mobile.UI/DIPS.Mobile.UI.csproj::TargetFramework=net10.0-ios]
/Users/finstad/Documents/DIPS.Mobile.UI/src/library/DIPS.Mobile.UI/Components/ListItems/ListItem.cs(206,40): warning CS0618: 'ListItem.AutoDivider' is obsolete: 'Use Layout.AutoHideLastDivider instead' [/Users/finstad/Documents/DIPS.Mobile.UI/src/library/DIPS.Mobile.UI/DIPS.Mobile.UI.csproj::TargetFramework=net10.0-ios]
/Users/finstad/Documents/DIPS.Mobile.UI/src/library/DIPS.Mobile.UI/Components/Navigation/FloatingNavigationButton/NavigationMenuButton/NavigationMenuButton.cs(97,9): warning CS0618: 'ViewExtensions.RotateTo(VisualElement, double, uint, Easing?)' is obsolete: 'Please use RotateToAsync instead.' [/Users/finstad/Documents/DIPS.Mobile.UI/src/library/DIPS.Mobile.UI/DIPS.Mobile.UI.csproj::TargetFramework=net10.0-ios]
/Users/finstad/Documents/DIPS.Mobile.UI/src/library/DIPS.Mobile.UI/Components/Loading/Skeleton/SkeletonView.cs(54,21): warning CS0618: 'ViewExtensions.FadeTo(VisualElement, double, uint, Easing?)' is obsolete: 'Please use FadeToAsync instead.' [/Users/finstad/Documents/DIPS.Mobile.UI/src/library/DIPS.Mobile.UI/DIPS.Mobile.UI.csproj::TargetFramework=net10.0-ios]
/Users/finstad/Documents/DIPS.Mobile.UI/src/library/DIPS.Mobile.UI/Components/Loading/Skeleton/SkeletonView.cs(58,19): warning CS0618: 'ViewExtensions.FadeTo(VisualElement, double, uint, Easing?)' is obsolete: 'Please use FadeToAsync instead.' [/Users/finstad/Documents/DIPS.Mobile.UI/src/library/DIPS.Mobile.UI/DIPS.Mobile.UI.csproj::TargetFramework=net10.0-ios]
/Users/finstad/Documents/DIPS.Mobile.UI/src/library/DIPS.Mobile.UI/Components/Loading/Skeleton/SkeletonView.cs(69,17): warning CS0618: 'ViewExtensions.FadeTo(VisualElement, double, uint, Easing?)' is obsolete: 'Please use FadeToAsync instead.' [/Users/finstad/Documents/DIPS.Mobile.UI/src/library/DIPS.Mobile.UI/DIPS.Mobile.UI.csproj::TargetFramework=net10.0-ios]
/Users/finstad/Documents/DIPS.Mobile.UI/src/library/DIPS.Mobile.UI/Components/Loading/Skeleton/SkeletonView.cs(70,17): warning CS0618: 'ViewExtensions.FadeTo(VisualElement, double, uint, Easing?)' is obsolete: 'Please use FadeToAsync instead.' [/Users/finstad/Documents/DIPS.Mobile.UI/src/library/DIPS.Mobile.UI/DIPS.Mobile.UI.csproj::TargetFramework=net10.0-ios]
/Users/finstad/Documents/DIPS.Mobile.UI/src/library/DIPS.Mobile.UI/Components/Text/AutoScrollingTextView/AutoScrollingTextView.cs(83,15): warning CS0618: 'ViewExtensions.FadeTo(VisualElement, double, uint, Easing?)' is obsolete: 'Please use FadeToAsync instead.' [/Users/finstad/Documents/DIPS.Mobile.UI/src/library/DIPS.Mobile.UI/DIPS.Mobile.UI.csproj::TargetFramework=net10.0-ios]
/Users/finstad/Documents/DIPS.Mobile.UI/src/library/DIPS.Mobile.UI/Components/Navigation/FloatingNavigationButton/FloatingNavigationButton.cs(73,19): warning CS0618: 'ViewExtensions.FadeTo(VisualElement, double, uint, Easing?)' is obsolete: 'Please use FadeToAsync instead.' [/Users/finstad/Documents/DIPS.Mobile.UI/src/library/DIPS.Mobile.UI/DIPS.Mobile.UI.csproj::TargetFramework=net10.0-ios]
/Users/finstad/Documents/DIPS.Mobile.UI/src/library/DIPS.Mobile.UI/Components/Navigation/FloatingNavigationButton/FloatingNavigationButton.cs(87,19): warning CS0618: 'ViewExtensions.FadeTo(VisualElement, double, uint, Easing?)' is obsolete: 'Please use FadeToAsync instead.' [/Users/finstad/Documents/DIPS.Mobile.UI/src/library/DIPS.Mobile.UI/DIPS.Mobile.UI.csproj::TargetFramework=net10.0-ios]
/Users/finstad/Documents/DIPS.Mobile.UI/src/library/DIPS.Mobile.UI/Components/Labels/CheckTruncatedLabel/iOS/CheckTruncatedLabelHandler.cs(9,34): warning CS8604: Possible null reference argument for parameter 'label' in 'MauiLabel.MauiLabel(CheckTruncatedLabel label)'. [/Users/finstad/Documents/DIPS.Mobile.UI/src/library/DIPS.Mobile.UI/DIPS.Mobile.UI.csproj::TargetFramework=net10.0-ios]
/Users/finstad/Documents/DIPS.Mobile.UI/src/library/DIPS.Mobile.UI/Components/Navigation/FloatingNavigationButton/FloatingNavigationButton.cs(261,9): warning CS0618: 'ViewExtensions.FadeTo(VisualElement, double, uint, Easing?)' is obsolete: 'Please use FadeToAsync instead.' [/Users/finstad/Documents/DIPS.Mobile.UI/src/library/DIPS.Mobile.UI/DIPS.Mobile.UI.csproj::TargetFramework=net10.0-ios]
/Users/finstad/Documents/DIPS.Mobile.UI/src/library/DIPS.Mobile.UI/Components/Navigation/FloatingNavigationButton/FloatingNavigationButton.cs(262,9): warning CS0618: 'ViewExtensions.TranslateTo(VisualElement, double, double, uint, Easing?)' is obsolete: 'Please use TranslateToAsync instead.' [/Users/finstad/Documents/DIPS.Mobile.UI/src/library/DIPS.Mobile.UI/DIPS.Mobile.UI.csproj::TargetFramework=net10.0-ios]
/Users/finstad/Documents/DIPS.Mobile.UI/src/library/DIPS.Mobile.UI/Components/Navigation/FloatingNavigationButton/FloatingNavigationButton.cs(263,9): warning CS0618: 'ViewExtensions.ScaleTo(VisualElement, double, uint, Easing?)' is obsolete: 'Please use ScaleToAsync instead.' [/Users/finstad/Documents/DIPS.Mobile.UI/src/library/DIPS.Mobile.UI/DIPS.Mobile.UI.csproj::TargetFramework=net10.0-ios]
/Users/finstad/Documents/DIPS.Mobile.UI/src/library/DIPS.Mobile.UI/Components/Navigation/FloatingNavigationButton/FloatingNavigationButton.cs(270,13): warning CS0618: 'ViewExtensions.FadeTo(VisualElement, double, uint, Easing?)' is obsolete: 'Please use FadeToAsync instead.' [/Users/finstad/Documents/DIPS.Mobile.UI/src/library/DIPS.Mobile.UI/DIPS.Mobile.UI.csproj::TargetFramework=net10.0-ios]
/Users/finstad/Documents/DIPS.Mobile.UI/src/library/DIPS.Mobile.UI/Components/Navigation/FloatingNavigationButton/FloatingNavigationButton.cs(271,15): warning CS0618: 'ViewExtensions.TranslateTo(VisualElement, double, double, uint, Easing?)' is obsolete: 'Please use TranslateToAsync instead.' [/Users/finstad/Documents/DIPS.Mobile.UI/src/library/DIPS.Mobile.UI/DIPS.Mobile.UI.csproj::TargetFramework=net10.0-ios]
/Users/finstad/Documents/DIPS.Mobile.UI/src/library/DIPS.Mobile.UI/Components/Loading/LoadingOverlay/LoadingOverlay.cs(77,17): warning CS0618: 'ViewExtensions.FadeTo(VisualElement, double, uint, Easing?)' is obsolete: 'Please use FadeToAsync instead.' [/Users/finstad/Documents/DIPS.Mobile.UI/src/library/DIPS.Mobile.UI/DIPS.Mobile.UI.csproj::TargetFramework=net10.0-ios]
/Users/finstad/Documents/DIPS.Mobile.UI/src/library/DIPS.Mobile.UI/Components/Loading/LoadingOverlay/LoadingOverlay.cs(78,25): warning CS0618: 'ViewExtensions.FadeTo(VisualElement, double, uint, Easing?)' is obsolete: 'Please use FadeToAsync instead.' [/Users/finstad/Documents/DIPS.Mobile.UI/src/library/DIPS.Mobile.UI/DIPS.Mobile.UI.csproj::TargetFramework=net10.0-ios]
/Users/finstad/Documents/DIPS.Mobile.UI/src/library/DIPS.Mobile.UI/Components/Loading/LoadingOverlay/LoadingOverlay.cs(82,25): warning CS0618: 'ViewExtensions.FadeTo(VisualElement, double, uint, Easing?)' is obsolete: 'Please use FadeToAsync instead.' [/Users/finstad/Documents/DIPS.Mobile.UI/src/library/DIPS.Mobile.UI/DIPS.Mobile.UI.csproj::TargetFramework=net10.0-ios]
/Users/finstad/Documents/DIPS.Mobile.UI/src/library/DIPS.Mobile.UI/Components/Loading/LoadingOverlay/LoadingOverlay.cs(83,19): warning CS0618: 'ViewExtensions.FadeTo(VisualElement, double, uint, Easing?)' is obsolete: 'Please use FadeToAsync instead.' [/Users/finstad/Documents/DIPS.Mobile.UI/src/library/DIPS.Mobile.UI/DIPS.Mobile.UI.csproj::TargetFramework=net10.0-ios]
/Users/finstad/Documents/DIPS.Mobile.UI/src/library/DIPS.Mobile.UI/API/Camera/Gallery/ImageThumbnailView/ImageThumbnailView.cs(64,42): warning CS0618: 'DialogService.ShowDestructiveConfirmationMessage(string, string, string, string)' is obsolete: 'Will be removed, use ShowMessage(Action<IDialogConfigurator> configurator) instead.' [/Users/finstad/Documents/DIPS.Mobile.UI/src/library/DIPS.Mobile.UI/DIPS.Mobile.UI.csproj::TargetFramework=net10.0-ios]
/Users/finstad/Documents/DIPS.Mobile.UI/src/library/DIPS.Mobile.UI/API/Camera/ImageCapturing/BottomSheets/ImageCaptureSettingsBottomSheet.cs(108,17): warning CS0618: 'DialogService.ShowMessage(string, string, string)' is obsolete: 'Will be removed, use ShowMessage(Action<IDialogConfigurator> configurator) instead.' [/Users/finstad/Documents/DIPS.Mobile.UI/src/library/DIPS.Mobile.UI/DIPS.Mobile.UI.csproj::TargetFramework=net10.0-ios]
/Users/finstad/Documents/DIPS.Mobile.UI/src/library/DIPS.Mobile.UI/Components/Pages/ContentSavePage/ContentSavePage.cs(22,15): warning CS0618: 'ViewExtensions.FadeTo(VisualElement, double, uint, Easing?)' is obsolete: 'Please use FadeToAsync instead.' [/Users/finstad/Documents/DIPS.Mobile.UI/src/library/DIPS.Mobile.UI/DIPS.Mobile.UI.csproj::TargetFramework=net10.0-ios]
/Users/finstad/Documents/DIPS.Mobile.UI/src/library/DIPS.Mobile.UI/Components/Pages/ContentSavePage/ContentSavePage.cs(28,13): warning CS0618: 'ViewExtensions.FadeTo(VisualElement, double, uint, Easing?)' is obsolete: 'Please use FadeToAsync instead.' [/Users/finstad/Documents/DIPS.Mobile.UI/src/library/DIPS.Mobile.UI/DIPS.Mobile.UI.csproj::TargetFramework=net10.0-ios]
/Users/finstad/Documents/DIPS.Mobile.UI/src/library/DIPS.Mobile.UI/Components/Pages/ContentSavePage/ContentSavePage.cs(33,15): warning CS0618: 'ViewExtensions.FadeTo(VisualElement, double, uint, Easing?)' is obsolete: 'Please use FadeToAsync instead.' [/Users/finstad/Documents/DIPS.Mobile.UI/src/library/DIPS.Mobile.UI/DIPS.Mobile.UI.csproj::TargetFramework=net10.0-ios]
/Users/finstad/Documents/DIPS.Mobile.UI/src/library/DIPS.Mobile.UI/Components/Pages/ContentSavePage/ContentSavePage.cs(37,13): warning CS0618: 'ViewExtensions.FadeTo(VisualElement, double, uint, Easing?)' is obsolete: 'Please use FadeToAsync instead.' [/Users/finstad/Documents/DIPS.Mobile.UI/src/library/DIPS.Mobile.UI/DIPS.Mobile.UI.csproj::TargetFramework=net10.0-ios]
/Users/finstad/Documents/DIPS.Mobile.UI/src/library/DIPS.Mobile.UI/Components/Pickers/TimePicker/TimePicker.cs(40,17): warning CS8625: Cannot convert null literal to non-nullable reference type. [/Users/finstad/Documents/DIPS.Mobile.UI/src/library/DIPS.Mobile.UI/DIPS.Mobile.UI.csproj::TargetFramework=net10.0-ios]
/Users/finstad/Documents/DIPS.Mobile.UI/src/library/DIPS.Mobile.UI/Components/Pickers/TimePicker/TimePicker.cs(40,23): warning CS8625: Cannot convert null literal to non-nullable reference type. [/Users/finstad/Documents/DIPS.Mobile.UI/src/library/DIPS.Mobile.UI/DIPS.Mobile.UI.csproj::TargetFramework=net10.0-ios]
/Users/finstad/Documents/DIPS.Mobile.UI/src/library/DIPS.Mobile.UI/Components/Pages/ContentPage.cs(23,16): warning CS8618: Non-nullable field 'm_loadedTimer' must contain a non-null value when exiting constructor. Consider adding the 'required' modifier or declaring the field as nullable. [/Users/finstad/Documents/DIPS.Mobile.UI/src/library/DIPS.Mobile.UI/DIPS.Mobile.UI.csproj::TargetFramework=net10.0-ios]
/Users/finstad/Documents/DIPS.Mobile.UI/src/library/DIPS.Mobile.UI/API/Camera/ImageCapturing/CapturedImage.cs(85,15): warning CS0618: 'ViewExtensions.RotateTo(VisualElement, double, uint, Easing?)' is obsolete: 'Please use RotateToAsync instead.' [/Users/finstad/Documents/DIPS.Mobile.UI/src/library/DIPS.Mobile.UI/DIPS.Mobile.UI.csproj::TargetFramework=net10.0-ios]
/Users/finstad/Documents/DIPS.Mobile.UI/src/library/DIPS.Mobile.UI/API/Camera/Gallery/BottomSheet/GalleryBottomSheet.cs(63,36): warning CS8602: Dereference of a possibly null reference. [/Users/finstad/Documents/DIPS.Mobile.UI/src/library/DIPS.Mobile.UI/DIPS.Mobile.UI.csproj::TargetFramework=net10.0-ios]
/Users/finstad/Documents/DIPS.Mobile.UI/src/library/DIPS.Mobile.UI/API/Camera/Gallery/BottomSheet/GalleryBottomSheet.cs(56,12): warning CS8618: Non-nullable field 'm_currentlyRotatedCaptureImageDisplayed' must contain a non-null value when exiting constructor. Consider adding the 'required' modifier or declaring the field as nullable. [/Users/finstad/Documents/DIPS.Mobile.UI/src/library/DIPS.Mobile.UI/DIPS.Mobile.UI.csproj::TargetFramework=net10.0-ios]
/Users/finstad/Documents/DIPS.Mobile.UI/src/library/DIPS.Mobile.UI/API/Camera/Gallery/BottomSheet/GalleryBottomSheet.cs(56,12): warning CS8618: Non-nullable field 'm_currentlyCapturedImageDisplayed' must contain a non-null value when exiting constructor. Consider adding the 'required' modifier or declaring the field as nullable. [/Users/finstad/Documents/DIPS.Mobile.UI/src/library/DIPS.Mobile.UI/DIPS.Mobile.UI.csproj::TargetFramework=net10.0-ios]
/Users/finstad/Documents/DIPS.Mobile.UI/src/library/DIPS.Mobile.UI/API/Camera/Gallery/BottomSheet/GalleryBottomSheet.cs(56,12): warning CS8618: Non-nullable field 'm_currentlyRotatedImageDisplayed' must contain a non-null value when exiting constructor. Consider adding the 'required' modifier or declaring the field as nullable. [/Users/finstad/Documents/DIPS.Mobile.UI/src/library/DIPS.Mobile.UI/DIPS.Mobile.UI.csproj::TargetFramework=net10.0-ios]
/Users/finstad/Documents/DIPS.Mobile.UI/src/library/DIPS.Mobile.UI/API/Camera/Gallery/BottomSheet/GalleryBottomSheet.cs(56,12): warning CS8618: Non-nullable field 'm_images' must contain a non-null value when exiting constructor. Consider adding the 'required' modifier or declaring the field as nullable. [/Users/finstad/Documents/DIPS.Mobile.UI/src/library/DIPS.Mobile.UI/DIPS.Mobile.UI.csproj::TargetFramework=net10.0-ios]
/Users/finstad/Documents/DIPS.Mobile.UI/src/library/DIPS.Mobile.UI/Components/TabView/TabView.cs(22,29): warning CS8602: Dereference of a possibly null reference. [/Users/finstad/Documents/DIPS.Mobile.UI/src/library/DIPS.Mobile.UI/DIPS.Mobile.UI.csproj::TargetFramework=net10.0-ios]
/Users/finstad/Documents/DIPS.Mobile.UI/src/library/DIPS.Mobile.UI/API/Camera/Gallery/BottomSheet/GalleryBottomSheet.cs(185,34): warning CS0618: 'DialogService.ShowDestructiveConfirmationMessage(string, string, string, string)' is obsolete: 'Will be removed, use ShowMessage(Action<IDialogConfigurator> configurator) instead.' [/Users/finstad/Documents/DIPS.Mobile.UI/src/library/DIPS.Mobile.UI/DIPS.Mobile.UI.csproj::TargetFramework=net10.0-ios]
/Users/finstad/Documents/DIPS.Mobile.UI/src/library/DIPS.Mobile.UI/Components/Pages/ContentPage.cs(210,28): warning CS8604: Possible null reference argument for parameter 'view' in 'UIView ElementExtensions.ToPlatform(IElement view, IMauiContext context)'. [/Users/finstad/Documents/DIPS.Mobile.UI/src/library/DIPS.Mobile.UI/DIPS.Mobile.UI.csproj::TargetFramework=net10.0-ios]
/Users/finstad/Documents/DIPS.Mobile.UI/src/library/DIPS.Mobile.UI/Components/Tabs/iOS/Tab.cs(14,16): warning CS8618: Non-nullable field 'm_titleLabel' must contain a non-null value when exiting constructor. Consider adding the 'required' modifier or declaring the field as nullable. [/Users/finstad/Documents/DIPS.Mobile.UI/src/library/DIPS.Mobile.UI/DIPS.Mobile.UI.csproj::TargetFramework=net10.0-ios]
/Users/finstad/Documents/DIPS.Mobile.UI/src/library/DIPS.Mobile.UI/Components/Tabs/iOS/Tab.cs(14,16): warning CS8618: Non-nullable field 'm_counterLabel' must contain a non-null value when exiting constructor. Consider adding the 'required' modifier or declaring the field as nullable. [/Users/finstad/Documents/DIPS.Mobile.UI/src/library/DIPS.Mobile.UI/DIPS.Mobile.UI.csproj::TargetFramework=net10.0-ios]
/Users/finstad/Documents/DIPS.Mobile.UI/src/library/DIPS.Mobile.UI/Components/Tabs/iOS/Tab.cs(14,16): warning CS8618: Non-nullable field 'm_border' must contain a non-null value when exiting constructor. Consider adding the 'required' modifier or declaring the field as nullable. [/Users/finstad/Documents/DIPS.Mobile.UI/src/library/DIPS.Mobile.UI/DIPS.Mobile.UI.csproj::TargetFramework=net10.0-ios]
/Users/finstad/Documents/DIPS.Mobile.UI/src/library/DIPS.Mobile.UI/Components/Searching/SearchPage.cs(21,16): warning CS8618: Non-nullable event 'SearchBarFocused' must contain a non-null value when exiting constructor. Consider adding the 'required' modifier or declaring the event as nullable. [/Users/finstad/Documents/DIPS.Mobile.UI/src/library/DIPS.Mobile.UI/DIPS.Mobile.UI.csproj::TargetFramework=net10.0-ios]
/Users/finstad/Documents/DIPS.Mobile.UI/src/library/DIPS.Mobile.UI/Components/Pickers/ItemPicker/ItemPickerBottomSheet.cs(47,133): warning CS8625: Cannot convert null literal to non-nullable reference type. [/Users/finstad/Documents/DIPS.Mobile.UI/src/library/DIPS.Mobile.UI/DIPS.Mobile.UI.csproj::TargetFramework=net10.0-ios]
/Users/finstad/Documents/DIPS.Mobile.UI/src/library/DIPS.Mobile.UI/Components/Searching/SearchPage.cs(203,30): warning CS0168: The variable 'e' is declared but never used [/Users/finstad/Documents/DIPS.Mobile.UI/src/library/DIPS.Mobile.UI/DIPS.Mobile.UI.csproj::TargetFramework=net10.0-ios]
/Users/finstad/Documents/DIPS.Mobile.UI/src/library/DIPS.Mobile.UI/Components/Searching/SearchBar.cs(9,16): warning CS8618: Non-nullable event 'TextChanged' must contain a non-null value when exiting constructor. Consider adding the 'required' modifier or declaring the event as nullable. [/Users/finstad/Documents/DIPS.Mobile.UI/src/library/DIPS.Mobile.UI/DIPS.Mobile.UI.csproj::TargetFramework=net10.0-ios]
/Users/finstad/Documents/DIPS.Mobile.UI/src/library/DIPS.Mobile.UI/Components/Searching/SearchBar.cs(9,16): warning CS8618: Non-nullable event 'Focused' must contain a non-null value when exiting constructor. Consider adding the 'required' modifier or declaring the event as nullable. [/Users/finstad/Documents/DIPS.Mobile.UI/src/library/DIPS.Mobile.UI/DIPS.Mobile.UI.csproj::TargetFramework=net10.0-ios]
/Users/finstad/Documents/DIPS.Mobile.UI/src/library/DIPS.Mobile.UI/Components/Searching/SearchBar.cs(9,16): warning CS8618: Non-nullable event 'Unfocused' must contain a non-null value when exiting constructor. Consider adding the 'required' modifier or declaring the event as nullable. [/Users/finstad/Documents/DIPS.Mobile.UI/src/library/DIPS.Mobile.UI/DIPS.Mobile.UI.csproj::TargetFramework=net10.0-ios]
/Users/finstad/Documents/DIPS.Mobile.UI/src/library/DIPS.Mobile.UI/Components/Searching/iOS/SearchBarHandler.cs(153,70): warning CS8604: Possible null reference argument for parameter 'context' in 'UIView ElementExtensions.ToPlatform(IElement view, IMauiContext context)'. [/Users/finstad/Documents/DIPS.Mobile.UI/src/library/DIPS.Mobile.UI/DIPS.Mobile.UI.csproj::TargetFramework=net10.0-ios]
/Users/finstad/Documents/DIPS.Mobile.UI/src/library/DIPS.Mobile.UI/Components/Searching/SearchBarHandler.cs(5,12): warning CS8618: Non-nullable property 'InternalSearchBar' must contain a non-null value when exiting constructor. Consider adding the 'required' modifier or declaring the property as nullable. [/Users/finstad/Documents/DIPS.Mobile.UI/src/library/DIPS.Mobile.UI/DIPS.Mobile.UI.csproj::TargetFramework=net10.0-ios]
/Users/finstad/Documents/DIPS.Mobile.UI/src/library/DIPS.Mobile.UI/Components/Searching/SearchBarHandler.cs(5,12): warning CS8618: Non-nullable property 'ActivityIndicatorView' must contain a non-null value when exiting constructor. Consider adding the 'required' modifier or declaring the property as nullable. [/Users/finstad/Documents/DIPS.Mobile.UI/src/library/DIPS.Mobile.UI/DIPS.Mobile.UI.csproj::TargetFramework=net10.0-ios]
/Users/finstad/Documents/DIPS.Mobile.UI/src/library/DIPS.Mobile.UI/Components/Searching/SearchBarHandler.cs(5,12): warning CS8618: Non-nullable property 'MagnifierIcon' must contain a non-null value when exiting constructor. Consider adding the 'required' modifier or declaring the property as nullable. [/Users/finstad/Documents/DIPS.Mobile.UI/src/library/DIPS.Mobile.UI/DIPS.Mobile.UI.csproj::TargetFramework=net10.0-ios]
/Users/finstad/Documents/DIPS.Mobile.UI/src/library/DIPS.Mobile.UI/Components/Sorting/SortControlBottomSheet.cs(125,29): warning CS8625: Cannot convert null literal to non-nullable reference type. [/Users/finstad/Documents/DIPS.Mobile.UI/src/library/DIPS.Mobile.UI/DIPS.Mobile.UI.csproj::TargetFramework=net10.0-ios]
/Users/finstad/Documents/DIPS.Mobile.UI/src/library/DIPS.Mobile.UI/Components/Sorting/SortControl.cs(22,12): warning CS8618: Non-nullable property 'ItemDisplayProperty' must contain a non-null value when exiting constructor. Consider adding the 'required' modifier or declaring the property as nullable. [/Users/finstad/Documents/DIPS.Mobile.UI/src/library/DIPS.Mobile.UI/DIPS.Mobile.UI.csproj::TargetFramework=net10.0-ios]
/Users/finstad/Documents/DIPS.Mobile.UI/src/library/DIPS.Mobile.UI/Components/Sorting/SortControl.cs(59,9): warning CS4014: Because this call is not awaited, execution of the current method continues before the call is completed. Consider applying the 'await' operator to the result of the call. [/Users/finstad/Documents/DIPS.Mobile.UI/src/library/DIPS.Mobile.UI/DIPS.Mobile.UI.csproj::TargetFramework=net10.0-ios]
/Users/finstad/Documents/DIPS.Mobile.UI/src/library/DIPS.Mobile.UI/Components/Sorting/SortControl.cs(67,49): warning CS8524: The switch expression does not handle some values of its input type (it is not exhaustive) involving an unnamed enum value. For example, the pattern '(DIPS.Mobile.UI.Components.Sorting.SortOrder)2' is not covered. [/Users/finstad/Documents/DIPS.Mobile.UI/src/library/DIPS.Mobile.UI/DIPS.Mobile.UI.csproj::TargetFramework=net10.0-ios]
/Users/finstad/Documents/DIPS.Mobile.UI/src/library/DIPS.Mobile.UI/Components/Sorting/SortControl.cs(78,9): warning CS4014: Because this call is not awaited, execution of the current method continues before the call is completed. Consider applying the 'await' operator to the result of the call. [/Users/finstad/Documents/DIPS.Mobile.UI/src/library/DIPS.Mobile.UI/DIPS.Mobile.UI.csproj::TargetFramework=net10.0-ios]
/Users/finstad/Documents/DIPS.Mobile.UI/src/library/DIPS.Mobile.UI/Components/Pickers/ScrollPicker/iOS/ScrollPickerHandler.cs(280,68): warning CS8602: Dereference of a possibly null reference. [/Users/finstad/Documents/DIPS.Mobile.UI/src/library/DIPS.Mobile.UI/DIPS.Mobile.UI.csproj::TargetFramework=net10.0-ios]
/Users/finstad/Documents/DIPS.Mobile.UI/src/library/DIPS.Mobile.UI/Components/Pickers/ScrollPicker/ScrollPickerHandler.cs(7,12): warning CS8618: Non-nullable field 'm_chip' must contain a non-null value when exiting constructor. Consider adding the 'required' modifier or declaring the field as nullable. [/Users/finstad/Documents/DIPS.Mobile.UI/src/library/DIPS.Mobile.UI/DIPS.Mobile.UI.csproj::TargetFramework=net10.0-ios]
/Users/finstad/Documents/DIPS.Mobile.UI/src/library/DIPS.Mobile.UI/Components/Pickers/ScrollPicker/ScrollPickerHandler.cs(7,12): warning CS8618: Non-nullable field 'm_scrollPickerViewModel' must contain a non-null value when exiting constructor. Consider adding the 'required' modifier or declaring the field as nullable. [/Users/finstad/Documents/DIPS.Mobile.UI/src/library/DIPS.Mobile.UI/DIPS.Mobile.UI.csproj::TargetFramework=net10.0-ios]
/Users/finstad/Documents/DIPS.Mobile.UI/src/library/DIPS.Mobile.UI/Components/Slidable/SlidableLayout.cs(50,47): warning CS8600: Converting null literal or possible null value to non-nullable type. [/Users/finstad/Documents/DIPS.Mobile.UI/src/library/DIPS.Mobile.UI/DIPS.Mobile.UI.csproj::TargetFramework=net10.0-ios]
/Users/finstad/Documents/DIPS.Mobile.UI/src/library/DIPS.Mobile.UI/Components/Slidable/SlidableProperties.cs(72,13): warning CS0612: 'Device' is obsolete [/Users/finstad/Documents/DIPS.Mobile.UI/src/library/DIPS.Mobile.UI/DIPS.Mobile.UI.csproj::TargetFramework=net10.0-ios]
/Users/finstad/Documents/DIPS.Mobile.UI/src/library/DIPS.Mobile.UI/Components/Slidable/SlidableProperties.cs(72,13): warning CS0618: 'Device.StartTimer(TimeSpan, Func<bool>)' is obsolete: 'Use BindableObject.Dispatcher.StartTimer() or BindableObject.Dispatcher.DispatchDelayed() instead.' [/Users/finstad/Documents/DIPS.Mobile.UI/src/library/DIPS.Mobile.UI/DIPS.Mobile.UI.csproj::TargetFramework=net10.0-ios]
/Users/finstad/Documents/DIPS.Mobile.UI/src/library/DIPS.Mobile.UI/API/Camera/BarcodeScanning/iOS/BarcodeScanner.cs(11,20): warning CS0649: Field 'BarcodeScanner.m_rectOfInterestWidth' is never assigned to, and will always have its default value 0 [/Users/finstad/Documents/DIPS.Mobile.UI/src/library/DIPS.Mobile.UI/DIPS.Mobile.UI.csproj::TargetFramework=net10.0-ios]
/Users/finstad/Documents/DIPS.Mobile.UI/src/library/DIPS.Mobile.UI/Components/Alerting/Dialog/iOS/DialogService.cs(12,47): warning CA1422: This call site is reachable on: 'iOS' 15.7.9 and later, 'maccatalyst' 15.7.9 and later. 'UIWindow' is obsoleted on: 'ios' 26.0 and later (Use the 'UIWindowScene' overload instead.), 'maccatalyst' 26.0 and later (Use the 'UIWindowScene' overload instead.). (https://learn.microsoft.com/dotnet/fundamentals/code-analysis/quality-rules/ca1422) [/Users/finstad/Documents/DIPS.Mobile.UI/src/library/DIPS.Mobile.UI/DIPS.Mobile.UI.csproj::TargetFramework=net10.0-ios]
/Users/finstad/Documents/DIPS.Mobile.UI/src/library/DIPS.Mobile.UI/API/Vibration/iOS/VibrationService.cs(20,13): warning CA1422: This call site is reachable on: 'iOS' 15.7.9 and later, 'maccatalyst' 15.7.9 and later. 'UIImpactFeedbackGenerator' is obsoleted on: 'ios' 17.5 and later (Use 'GetFeedbackGenerator' method instead.), 'maccatalyst' 17.5 and later (Use 'GetFeedbackGenerator' method instead.). (https://learn.microsoft.com/dotnet/fundamentals/code-analysis/quality-rules/ca1422) [/Users/finstad/Documents/DIPS.Mobile.UI/src/library/DIPS.Mobile.UI/DIPS.Mobile.UI.csproj::TargetFramework=net10.0-ios]
/Users/finstad/Documents/DIPS.Mobile.UI/src/library/DIPS.Mobile.UI/API/Vibration/iOS/VibrationService.cs(15,13): warning CA1422: This call site is reachable on: 'iOS' 15.7.9 and later, 'maccatalyst' 15.7.9 and later. 'UIImpactFeedbackGenerator' is obsoleted on: 'ios' 17.5 and later (Use 'GetFeedbackGenerator' method instead.), 'maccatalyst' 17.5 and later (Use 'GetFeedbackGenerator' method instead.). (https://learn.microsoft.com/dotnet/fundamentals/code-analysis/quality-rules/ca1422) [/Users/finstad/Documents/DIPS.Mobile.UI/src/library/DIPS.Mobile.UI/DIPS.Mobile.UI.csproj::TargetFramework=net10.0-ios]
/Users/finstad/Documents/DIPS.Mobile.UI/src/library/DIPS.Mobile.UI/API/Vibration/iOS/VibrationService.cs(10,13): warning CA1422: This call site is reachable on: 'iOS' 15.7.9 and later, 'maccatalyst' 15.7.9 and later. 'UIImpactFeedbackGenerator' is obsoleted on: 'ios' 17.5 and later (Use 'GetFeedbackGenerator' method instead.), 'maccatalyst' 17.5 and later (Use 'GetFeedbackGenerator' method instead.). (https://learn.microsoft.com/dotnet/fundamentals/code-analysis/quality-rules/ca1422) [/Users/finstad/Documents/DIPS.Mobile.UI/src/library/DIPS.Mobile.UI/DIPS.Mobile.UI.csproj::TargetFramework=net10.0-ios]
/Users/finstad/Documents/DIPS.Mobile.UI/src/library/DIPS.Mobile.UI/Components/Alerting/SystemMessage/SystemMessage.cs(90,32): warning CA1422: This call site is reachable on: 'iOS' 15.7.9 and later, 'maccatalyst' 15.7.9 and later. 'UIApplication.KeyWindow' is obsoleted on: 'ios' 13.0 and later (Should not be used for applications that support multiple scenes because it returns a key window across all connected scenes.), 'maccatalyst' 13.0 and later (Should not be used for applications that support multiple scenes because it returns a key window across all connected scenes.). (https://learn.microsoft.com/dotnet/fundamentals/code-analysis/quality-rules/ca1422) [/Users/finstad/Documents/DIPS.Mobile.UI/src/library/DIPS.Mobile.UI/DIPS.Mobile.UI.csproj::TargetFramework=net10.0-ios]
/Users/finstad/Documents/DIPS.Mobile.UI/src/library/DIPS.Mobile.UI/Components/BottomSheets/iOS/PresentationControllerPositioningHelper.cs(61,81): warning CA1416: This call site is reachable on: 'iOS' 15.7.9 and later, 'maccatalyst' 15.7.9 and later. 'IUISheetPresentationControllerDetentResolutionContext.MaximumDetentValue' is only supported on: 'ios' 16.0 and later, 'maccatalyst' 16.0 and later. (https://learn.microsoft.com/dotnet/fundamentals/code-analysis/quality-rules/ca1416) [/Users/finstad/Documents/DIPS.Mobile.UI/src/library/DIPS.Mobile.UI/DIPS.Mobile.UI.csproj::TargetFramework=net10.0-ios]
/Users/finstad/Documents/DIPS.Mobile.UI/src/library/DIPS.Mobile.UI/Components/BottomSheets/iOS/BottomSheetContainer.cs(47,23): warning CA1422: This call site is reachable on: 'iOS' 15.7.9 and later, 'maccatalyst' 15.7.9 and later. 'UIApplication.KeyWindow' is obsoleted on: 'ios' 13.0 and later (Should not be used for applications that support multiple scenes because it returns a key window across all connected scenes.), 'maccatalyst' 13.0 and later (Should not be used for applications that support multiple scenes because it returns a key window across all connected scenes.). (https://learn.microsoft.com/dotnet/fundamentals/code-analysis/quality-rules/ca1422) [/Users/finstad/Documents/DIPS.Mobile.UI/src/library/DIPS.Mobile.UI/DIPS.Mobile.UI.csproj::TargetFramework=net10.0-ios]
/Users/finstad/Documents/DIPS.Mobile.UI/src/library/DIPS.Mobile.UI/API/Camera/Preview/CameraPreview.cs(51,17): warning CA1422: This call site is reachable on: 'iOS' 15.7.9 and later, 'maccatalyst' 15.7.9 and later. 'UIApplication.KeyWindow' is obsoleted on: 'ios' 13.0 and later (Should not be used for applications that support multiple scenes because it returns a key window across all connected scenes.), 'maccatalyst' 13.0 and later (Should not be used for applications that support multiple scenes because it returns a key window across all connected scenes.). (https://learn.microsoft.com/dotnet/fundamentals/code-analysis/quality-rules/ca1422) [/Users/finstad/Documents/DIPS.Mobile.UI/src/library/DIPS.Mobile.UI/DIPS.Mobile.UI.csproj::TargetFramework=net10.0-ios]
/Users/finstad/Documents/DIPS.Mobile.UI/src/library/DIPS.Mobile.UI/API/Camera/Preview/CameraPreview.cs(50,40): warning CA1422: This call site is reachable on: 'iOS' 15.7.9 and later, 'maccatalyst' 15.7.9 and later. 'UIApplication.KeyWindow' is obsoleted on: 'ios' 13.0 and later (Should not be used for applications that support multiple scenes because it returns a key window across all connected scenes.), 'maccatalyst' 13.0 and later (Should not be used for applications that support multiple scenes because it returns a key window across all connected scenes.). (https://learn.microsoft.com/dotnet/fundamentals/code-analysis/quality-rules/ca1422) [/Users/finstad/Documents/DIPS.Mobile.UI/src/library/DIPS.Mobile.UI/DIPS.Mobile.UI.csproj::TargetFramework=net10.0-ios]
/Users/finstad/Documents/DIPS.Mobile.UI/src/library/DIPS.Mobile.UI/API/Camera/Preview/CameraPreview.cs(48,31): warning CA1422: This call site is reachable on: 'iOS' 15.7.9 and later, 'maccatalyst' 15.7.9 and later. 'UIApplication.KeyWindow' is obsoleted on: 'ios' 13.0 and later (Should not be used for applications that support multiple scenes because it returns a key window across all connected scenes.), 'maccatalyst' 13.0 and later (Should not be used for applications that support multiple scenes because it returns a key window across all connected scenes.). (https://learn.microsoft.com/dotnet/fundamentals/code-analysis/quality-rules/ca1422) [/Users/finstad/Documents/DIPS.Mobile.UI/src/library/DIPS.Mobile.UI/DIPS.Mobile.UI.csproj::TargetFramework=net10.0-ios]
/Users/finstad/Documents/DIPS.Mobile.UI/src/library/DIPS.Mobile.UI/API/Camera/ImageCapturing/iOS/ImageCapture.cs(148,13): warning CA1422: This call site is reachable on: 'iOS' 15.7.9 and later, 'maccatalyst' 15.7.9 and later. 'AVCaptureConnection.VideoOrientation' is obsoleted on: 'ios' 17.0 and later (Use VideoRotationAngle instead.), 'maccatalyst' 17.0 and later (Use VideoRotationAngle instead.). (https://learn.microsoft.com/dotnet/fundamentals/code-analysis/quality-rules/ca1422) [/Users/finstad/Documents/DIPS.Mobile.UI/src/library/DIPS.Mobile.UI/DIPS.Mobile.UI.csproj::TargetFramework=net10.0-ios]
/Users/finstad/Documents/DIPS.Mobile.UI/src/library/DIPS.Mobile.UI/API/Camera/Gallery/BottomSheet/GalleryBottomSheet.cs(63,36): warning CA1422: This call site is reachable on: 'iOS' 15.7.9 and later, 'maccatalyst' 15.7.9 and later. 'UIApplication.KeyWindow' is obsoleted on: 'ios' 13.0 and later (Should not be used for applications that support multiple scenes because it returns a key window across all connected scenes.), 'maccatalyst' 13.0 and later (Should not be used for applications that support multiple scenes because it returns a key window across all connected scenes.). (https://learn.microsoft.com/dotnet/fundamentals/code-analysis/quality-rules/ca1422) [/Users/finstad/Documents/DIPS.Mobile.UI/src/library/DIPS.Mobile.UI/DIPS.Mobile.UI.csproj::TargetFramework=net10.0-ios]
/Users/finstad/Documents/DIPS.Mobile.UI/src/library/DIPS.Mobile.UI/API/Camera/Gallery/BottomSheet/GalleryBottomSheet.cs(63,101): warning CA1422: This call site is reachable on: 'iOS' 15.7.9 and later, 'maccatalyst' 15.7.9 and later. 'UIApplication.KeyWindow' is obsoleted on: 'ios' 13.0 and later (Should not be used for applications that support multiple scenes because it returns a key window across all connected scenes.), 'maccatalyst' 13.0 and later (Should not be used for applications that support multiple scenes because it returns a key window across all connected scenes.). (https://learn.microsoft.com/dotnet/fundamentals/code-analysis/quality-rules/ca1422) [/Users/finstad/Documents/DIPS.Mobile.UI/src/library/DIPS.Mobile.UI/DIPS.Mobile.UI.csproj::TargetFramework=net10.0-ios]
/Users/finstad/Documents/DIPS.Mobile.UI/src/library/DIPS.Mobile.UI/Components/Pages/iOS/ContentPage.toolbar.cs(172,35): warning CA1422: This call site is reachable on: 'iOS' 15.7.9 and later, 'maccatalyst' 15.7.9 and later. 'UINavigationBarAppearance.DoneButtonAppearance' is obsoleted on: 'ios' 26.0 and later (Use 'ProminentButtonAppearance' instead.), 'maccatalyst' 26.0 and later (Use 'ProminentButtonAppearance' instead.). (https://learn.microsoft.com/dotnet/fundamentals/code-analysis/quality-rules/ca1422) [/Users/finstad/Documents/DIPS.Mobile.UI/src/library/DIPS.Mobile.UI/DIPS.Mobile.UI.csproj::TargetFramework=net10.0-ios]
/Users/finstad/Documents/DIPS.Mobile.UI/src/library/DIPS.Mobile.UI/Components/Pages/iOS/ContentPage.toolbar.cs(178,49): error CS0029: Cannot implicitly convert type 'UIKit.UIStringAttributes' to 'Foundation.NSDictionary<Foundation.NSString, Foundation.NSObject>' [/Users/finstad/Documents/DIPS.Mobile.UI/src/library/DIPS.Mobile.UI/DIPS.Mobile.UI.csproj::TargetFramework=net10.0-ios]
/Users/finstad/Documents/DIPS.Mobile.UI/src/library/DIPS.Mobile.UI/Components/Pages/iOS/ContentPage.toolbar.cs(179,54): error CS0029: Cannot implicitly convert type 'UIKit.UIStringAttributes' to 'Foundation.NSDictionary<Foundation.NSString, Foundation.NSObject>' [/Users/finstad/Documents/DIPS.Mobile.UI/src/library/DIPS.Mobile.UI/DIPS.Mobile.UI.csproj::TargetFramework=net10.0-ios]
/Users/finstad/Documents/DIPS.Mobile.UI/src/library/DIPS.Mobile.UI/Components/Pages/iOS/ContentPage.toolbar.cs(180,50): error CS0029: Cannot implicitly convert type 'UIKit.UIStringAttributes' to 'Foundation.NSDictionary<Foundation.NSString, Foundation.NSObject>' [/Users/finstad/Documents/DIPS.Mobile.UI/src/library/DIPS.Mobile.UI/DIPS.Mobile.UI.csproj::TargetFramework=net10.0-ios]
    330 Warning(s)
    3 Error(s)

Time Elapsed 00:00:03.32
